<?xml version="1.0" encoding="UTF-8" ?>
<testsuites name="vitest tests" tests="1368" failures="0" errors="0" time="4.4190047">
    <testsuite name="test/auth/AccessTokenDenylist.test.ts" timestamp="2026-09-08T21:55:05.678Z" hostname="Jane" tests="10" failures="0" errors="0" skipped="0" time="0.0078435">
        <testcase classname="test/auth/AccessTokenDenylist.test.ts" name="AccessTokenDenylist Tests &gt; in-memory fallback (no `cache` connection configured) &gt; Reports a jti as not revoked before it has ever been revoked." time="0.0014456">
        </testcase>
        <testcase classname="test/auth/AccessTokenDenylist.test.ts" name="AccessTokenDenylist Tests &gt; in-memory fallback (no `cache` connection configured) &gt; Reports a jti as revoked immediately after revoke()." time="0.0002699">
        </testcase>
        <testcase classname="test/auth/AccessTokenDenylist.test.ts" name="AccessTokenDenylist Tests &gt; in-memory fallback (no `cache` connection configured) &gt; Tracks separate jtis independently." time="0.0001458">
        </testcase>
        <testcase classname="test/auth/AccessTokenDenylist.test.ts" name="AccessTokenDenylist Tests &gt; in-memory fallback (no `cache` connection configured) &gt; Expires the revocation once its TTL elapses." time="0.0017196">
        </testcase>
        <testcase classname="test/auth/AccessTokenDenylist.test.ts" name="AccessTokenDenylist Tests &gt; in-memory fallback (no `cache` connection configured) &gt; Does not record a jti whose token has already naturally expired (ttlSeconds &lt;= 0)." time="0.0002386">
        </testcase>
        <testcase classname="test/auth/AccessTokenDenylist.test.ts" name="AccessTokenDenylist Tests &gt; Redis-backed (`cache` connection configured) &gt; Uses the Redis client&apos;s SET/EXISTS instead of the in-memory fallback when a `cache` connection is present." time="0.001524">
        </testcase>
        <testcase classname="test/auth/AccessTokenDenylist.test.ts" name="AccessTokenDenylist Tests &gt; Redis-backed (`cache` connection configured) &gt; Reports a jti as not revoked before it has ever been revoked." time="0.0002545">
        </testcase>
        <testcase classname="test/auth/AccessTokenDenylist.test.ts" name="AccessTokenDenylist Tests &gt; Redis-backed (`cache` connection configured) &gt; Tracks separate jtis independently." time="0.0002275">
        </testcase>
        <testcase classname="test/auth/AccessTokenDenylist.test.ts" name="AccessTokenDenylist Tests &gt; Redis-backed (`cache` connection configured) &gt; Does not call Redis&apos;s SET for a jti whose token has already naturally expired (ttlSeconds &lt;= 0)." time="0.0002621">
        </testcase>
        <testcase classname="test/auth/AccessTokenDenylist.test.ts" name="AccessTokenDenylist Tests &gt; Redis-backed (`cache` connection configured) &gt; Expires the revocation once its TTL elapses." time="0.0005282">
        </testcase>
    </testsuite>
    <testsuite name="test/auth/BasicStrategy.test.ts" timestamp="2026-09-08T21:55:05.681Z" hostname="Jane" tests="16" failures="0" errors="0" skipped="0" time="0.0087918">
        <testcase classname="test/auth/BasicStrategy.test.ts" name="BasicStrategy Tests &gt; authenticate &gt; Returns an AuthResult when verify() resolves a user." time="0.0025211">
        </testcase>
        <testcase classname="test/auth/BasicStrategy.test.ts" name="BasicStrategy Tests &gt; authenticate &gt; Throws when verify() resolves undefined and auth is required." time="0.0016275">
        </testcase>
        <testcase classname="test/auth/BasicStrategy.test.ts" name="BasicStrategy Tests &gt; authenticate &gt; Returns undefined when verify() resolves undefined and auth is not required." time="0.0002234">
        </testcase>
        <testcase classname="test/auth/BasicStrategy.test.ts" name="BasicStrategy Tests &gt; authenticate &gt; Returns undefined without calling verify() when no id/password is present." time="0.0002982">
        </testcase>
        <testcase classname="test/auth/BasicStrategy.test.ts" name="BasicStrategy Tests &gt; authenticate &gt; The default verify() throws if the consumer forgot to override it." time="0.0003377">
        </testcase>
        <testcase classname="test/auth/BasicStrategy.test.ts" name="BasicStrategy Tests &gt; authenticate &gt; Invokes checkRateLimit with the claimed identifier when configured." time="0.0004036">
        </testcase>
        <testcase classname="test/auth/BasicStrategy.test.ts" name="BasicStrategy Tests &gt; authenticate &gt; Aborts before verify() when checkRateLimit throws." time="0.0003159">
        </testcase>
        <testcase classname="test/auth/BasicStrategy.test.ts" name="BasicStrategy Tests &gt; authenticate &gt; Behaves exactly as before when checkRateLimit is not configured." time="0.0001775">
        </testcase>
        <testcase classname="test/auth/BasicStrategy.test.ts" name="BasicStrategy Tests &gt; authenticateSync &gt; Returns an AuthResult when verifySync() resolves a user." time="0.0003403">
        </testcase>
        <testcase classname="test/auth/BasicStrategy.test.ts" name="BasicStrategy Tests &gt; authenticateSync &gt; Throws when verifySync() returns undefined and auth is required." time="0.000295">
        </testcase>
        <testcase classname="test/auth/BasicStrategy.test.ts" name="BasicStrategy Tests &gt; authenticateSync &gt; Returns undefined when verifySync() returns undefined and auth is not required." time="0.0001693">
        </testcase>
        <testcase classname="test/auth/BasicStrategy.test.ts" name="BasicStrategy Tests &gt; authenticateSync &gt; Returns undefined without calling verifySync() when no id/password is present." time="0.0002082">
        </testcase>
        <testcase classname="test/auth/BasicStrategy.test.ts" name="BasicStrategy Tests &gt; authenticateSync &gt; The default verifySync() throws if the consumer forgot to override it." time="0.0002199">
        </testcase>
        <testcase classname="test/auth/BasicStrategy.test.ts" name="BasicStrategy Tests &gt; authenticateSync &gt; Invokes checkRateLimitSync with the claimed identifier when configured." time="0.0001947">
        </testcase>
        <testcase classname="test/auth/BasicStrategy.test.ts" name="BasicStrategy Tests &gt; authenticateSync &gt; Aborts before verifySync() when checkRateLimitSync throws." time="0.0002642">
        </testcase>
        <testcase classname="test/auth/BasicStrategy.test.ts" name="BasicStrategy Tests &gt; authenticateSync &gt; Behaves exactly as before when checkRateLimitSync is not configured." time="0.0001566">
        </testcase>
    </testsuite>
    <testsuite name="test/auth/ClientAuthUtils.test.ts" timestamp="2026-09-08T21:55:05.683Z" hostname="Jane" tests="9" failures="0" errors="0" skipped="0" time="0.3782723">
        <testcase classname="test/auth/ClientAuthUtils.test.ts" name="ClientAuthUtils Tests &gt; Authenticates a confidential client via an Authorization: Basic header." time="0.0723958">
        </testcase>
        <testcase classname="test/auth/ClientAuthUtils.test.ts" name="ClientAuthUtils Tests &gt; Authenticates a confidential client via client_secret_post body parameters." time="0.0651356">
        </testcase>
        <testcase classname="test/auth/ClientAuthUtils.test.ts" name="ClientAuthUtils Tests &gt; Authenticates a public client with tokenEndpointAuthMethod &apos;none&apos; without a secret." time="0.0005073">
        </testcase>
        <testcase classname="test/auth/ClientAuthUtils.test.ts" name="ClientAuthUtils Tests &gt; Rejects a request with no client_id at all." time="0.0340841">
        </testcase>
        <testcase classname="test/auth/ClientAuthUtils.test.ts" name="ClientAuthUtils Tests &gt; Rejects an unknown client_id." time="0.0310311">
        </testcase>
        <testcase classname="test/auth/ClientAuthUtils.test.ts" name="ClientAuthUtils Tests &gt; Rejects a disabled client." time="0.059193">
        </testcase>
        <testcase classname="test/auth/ClientAuthUtils.test.ts" name="ClientAuthUtils Tests &gt; Rejects a confidential client presenting the wrong secret." time="0.0850843">
        </testcase>
        <testcase classname="test/auth/ClientAuthUtils.test.ts" name="ClientAuthUtils Tests &gt; Rejects a confidential client with no secret configured when no secret is presented." time="0.0290571">
        </testcase>
        <testcase classname="test/auth/ClientAuthUtils.test.ts" name="ClientAuthUtils Tests &gt; Rejects a client registered with private_key_jwt as not yet supported." time="0.0003635">
        </testcase>
    </testsuite>
    <testsuite name="test/auth/FIDO2Strategy.test.ts" timestamp="2026-09-08T21:55:05.684Z" hostname="Jane" tests="29" failures="0" errors="0" skipped="0" time="0.0142436">
        <testcase classname="test/auth/FIDO2Strategy.test.ts" name="FIDO2Strategy Tests &gt; Begin (phase 1) &gt; Generates options with no allowCredentials when no uid hint is given." time="0.0026276">
        </testcase>
        <testcase classname="test/auth/FIDO2Strategy.test.ts" name="FIDO2Strategy Tests &gt; Begin (phase 1) &gt; Builds allowCredentials from getCredentials when a uid hint has registered credentials." time="0.0010897">
        </testcase>
        <testcase classname="test/auth/FIDO2Strategy.test.ts" name="FIDO2Strategy Tests &gt; Begin (phase 1) &gt; Leaves allowCredentials undefined (not an empty array) when a uid hint has zero credentials." time="0.0003052">
        </testcase>
        <testcase classname="test/auth/FIDO2Strategy.test.ts" name="FIDO2Strategy Tests &gt; Begin (phase 1) &gt; Throws if req.session is missing." time="0.0009237">
        </testcase>
        <testcase classname="test/auth/FIDO2Strategy.test.ts" name="FIDO2Strategy Tests &gt; Begin (phase 1) &gt; Throws if res is missing." time="0.0002333">
        </testcase>
        <testcase classname="test/auth/FIDO2Strategy.test.ts" name="FIDO2Strategy Tests &gt; Begin (phase 1) &gt; Invokes checkRateLimit with the uid hint when one is given." time="0.0002771">
        </testcase>
        <testcase classname="test/auth/FIDO2Strategy.test.ts" name="FIDO2Strategy Tests &gt; Begin (phase 1) &gt; Does not invoke checkRateLimit for the discoverable/no-hint flow." time="0.0002099">
        </testcase>
        <testcase classname="test/auth/FIDO2Strategy.test.ts" name="FIDO2Strategy Tests &gt; Begin (phase 1) &gt; Aborts before getCredentials() when checkRateLimit throws." time="0.0002877">
        </testcase>
        <testcase classname="test/auth/FIDO2Strategy.test.ts" name="FIDO2Strategy Tests &gt; Finish (phase 2) &gt; Verifies successfully, updates the counter, clears the session challenge, and returns the AuthResult." time="0.00072">
        </testcase>
        <testcase classname="test/auth/FIDO2Strategy.test.ts" name="FIDO2Strategy Tests &gt; Finish (phase 2) &gt; Throws if req.session is missing." time="0.0009813">
        </testcase>
        <testcase classname="test/auth/FIDO2Strategy.test.ts" name="FIDO2Strategy Tests &gt; Finish (phase 2) &gt; Throws if there is no challenge stored in the session." time="0.0002982">
        </testcase>
        <testcase classname="test/auth/FIDO2Strategy.test.ts" name="FIDO2Strategy Tests &gt; Finish (phase 2) &gt; Throws on a malformed response body without calling storage or SimpleWebAuthn." time="0.0002328">
        </testcase>
        <testcase classname="test/auth/FIDO2Strategy.test.ts" name="FIDO2Strategy Tests &gt; Finish (phase 2) &gt; Throws a generic failure on an unknown credential ID without calling verifyAuthenticationResponse." time="0.0005589">
        </testcase>
        <testcase classname="test/auth/FIDO2Strategy.test.ts" name="FIDO2Strategy Tests &gt; Finish (phase 2) &gt; Invokes checkRateLimit with the credential id after shape validation succeeds." time="0.0002643">
        </testcase>
        <testcase classname="test/auth/FIDO2Strategy.test.ts" name="FIDO2Strategy Tests &gt; Finish (phase 2) &gt; Aborts before getCredentialById() when checkRateLimit throws." time="0.0002768">
        </testcase>
        <testcase classname="test/auth/FIDO2Strategy.test.ts" name="FIDO2Strategy Tests &gt; Finish (phase 2) &gt; Throws a generic failure when verification resolves verified: false, without updating the counter." time="0.0002947">
        </testcase>
        <testcase classname="test/auth/FIDO2Strategy.test.ts" name="FIDO2Strategy Tests &gt; Finish (phase 2) &gt; Clears the session challenge before verification is attempted, even on failure." time="0.0002267">
        </testcase>
        <testcase classname="test/auth/FIDO2Strategy.test.ts" name="FIDO2Strategy Tests &gt; Finish (phase 2) &gt; Rejects a non-finite stored counter as an invalid credential." time="0.000249">
        </testcase>
        <testcase classname="test/auth/FIDO2Strategy.test.ts" name="FIDO2Strategy Tests &gt; Finish (phase 2) &gt; Propagates a thrown/rejected verifyAuthenticationResponse error without updating the counter." time="0.0003286">
        </testcase>
        <testcase classname="test/auth/FIDO2Strategy.test.ts" name="FIDO2Strategy Tests &gt; Finish (phase 2) &gt; Rejects a non-zero counter that does not exceed the stored counter (cloned authenticator), without updating." time="0.0002619">
        </testcase>
        <testcase classname="test/auth/FIDO2Strategy.test.ts" name="FIDO2Strategy Tests &gt; Finish (phase 2) &gt; Accepts a newCounter of 0 despite not exceeding the stored counter." time="0.0002296">
        </testcase>
        <testcase classname="test/auth/FIDO2Strategy.test.ts" name="FIDO2Strategy Tests &gt; Finish (phase 2) &gt; Returns undefined (does not throw) when verify() resolves undefined and auth is not required." time="0.0002021">
        </testcase>
        <testcase classname="test/auth/FIDO2Strategy.test.ts" name="FIDO2Strategy Tests &gt; Finish (phase 2) &gt; Throws when verify() resolves undefined and auth is required." time="0.0002425">
        </testcase>
        <testcase classname="test/auth/FIDO2Strategy.test.ts" name="FIDO2Strategy Tests &gt; authenticateSync throws &apos;Not supported&apos;." time="0.0002183">
        </testcase>
        <testcase classname="test/auth/FIDO2Strategy.test.ts" name="FIDO2Strategy Tests &gt; Dispatches to verify() when the body has a response but no id." time="0.0002067">
        </testcase>
        <testcase classname="test/auth/FIDO2Strategy.test.ts" name="FIDO2Strategy Tests &gt; Default FIDO2StrategyOptions &gt; getCredentialById throws if the consumer forgot to override it." time="0.0002132">
        </testcase>
        <testcase classname="test/auth/FIDO2Strategy.test.ts" name="FIDO2Strategy Tests &gt; Default FIDO2StrategyOptions &gt; getCredentials throws if the consumer forgot to override it." time="0.0001805">
        </testcase>
        <testcase classname="test/auth/FIDO2Strategy.test.ts" name="FIDO2Strategy Tests &gt; Default FIDO2StrategyOptions &gt; updateCredentialCounter throws if the consumer forgot to override it." time="0.0002158">
        </testcase>
        <testcase classname="test/auth/FIDO2Strategy.test.ts" name="FIDO2Strategy Tests &gt; Default FIDO2StrategyOptions &gt; getUser throws if the consumer forgot to override it." time="0.0001719">
        </testcase>
    </testsuite>
    <testsuite name="test/auth/MFAStrategy.test.ts" timestamp="2026-09-08T21:55:05.687Z" hostname="Jane" tests="64" failures="0" errors="0" skipped="0" time="0.5026012">
        <testcase classname="test/auth/MFAStrategy.test.ts" name="MFAStrategy Tests &gt; authenticateSync throws &apos;Not supported&apos;." time="0.0019888">
        </testcase>
        <testcase classname="test/auth/MFAStrategy.test.ts" name="MFAStrategy Tests &gt; Dispatch &gt; Routes an OTP-shaped payload (id+token) to verifyOTP and authenticates on success." time="0.0030289">
        </testcase>
        <testcase classname="test/auth/MFAStrategy.test.ts" name="MFAStrategy Tests &gt; Dispatch &gt; Falls through to the required check when the OTP token is invalid." time="0.0006102">
        </testcase>
        <testcase classname="test/auth/MFAStrategy.test.ts" name="MFAStrategy Tests &gt; Dispatch &gt; Returns undefined for a passkey-shaped payload when there is no phase-2 session state (cold request)." time="0.0003605">
        </testcase>
        <testcase classname="test/auth/MFAStrategy.test.ts" name="MFAStrategy Tests &gt; Dispatch &gt; Authenticates on a passkey-shaped payload once verifyFIDO resolves a user." time="0.0002864">
        </testcase>
        <testcase classname="test/auth/MFAStrategy.test.ts" name="MFAStrategy Tests &gt; Dispatch &gt; Falls through to the required check on a passkey-shaped payload once verifyFIDO resolves undefined." time="0.0002274">
        </testcase>
        <testcase classname="test/auth/MFAStrategy.test.ts" name="MFAStrategy Tests &gt; Dispatch &gt; Routes an id+password payload to verifyBasic and authenticates when there are no 2FA methods and require2FA is false." time="0.0003164">
        </testcase>
        <testcase classname="test/auth/MFAStrategy.test.ts" name="MFAStrategy Tests &gt; Dispatch &gt; Routes an id+methodId payload to challenge() and returns undefined." time="0.0006602">
        </testcase>
        <testcase classname="test/auth/MFAStrategy.test.ts" name="MFAStrategy Tests &gt; Dispatch &gt; Throws when no dispatch condition matches and auth is required." time="0.0007292">
        </testcase>
        <testcase classname="test/auth/MFAStrategy.test.ts" name="MFAStrategy Tests &gt; Dispatch &gt; Returns undefined when no dispatch condition matches and auth is not required." time="0.000268">
        </testcase>
        <testcase classname="test/auth/MFAStrategy.test.ts" name="MFAStrategy Tests &gt; challenge (phase 2) &gt; Throws if req.session is missing." time="0.0002988">
        </testcase>
        <testcase classname="test/auth/MFAStrategy.test.ts" name="MFAStrategy Tests &gt; challenge (phase 2) &gt; Throws when there is no session-bound phase-1-verified identity (cold request)." time="0.0003408">
        </testcase>
        <testcase classname="test/auth/MFAStrategy.test.ts" name="MFAStrategy Tests &gt; challenge (phase 2) &gt; Throws when the session-bound identity does not match the claimed payload id." time="0.0004609">
        </testcase>
        <testcase classname="test/auth/MFAStrategy.test.ts" name="MFAStrategy Tests &gt; challenge (phase 2) &gt; Throws when the selected method id does not resolve." time="0.0002835">
        </testcase>
        <testcase classname="test/auth/MFAStrategy.test.ts" name="MFAStrategy Tests &gt; challenge (phase 2) &gt; Throws for a FIDO2 method when no fidoConfig is configured." time="0.0007081">
        </testcase>
        <testcase classname="test/auth/MFAStrategy.test.ts" name="MFAStrategy Tests &gt; challenge (phase 2) &gt; Generates a FIDO2 challenge scoped to the selected credential, writes it to the response, and records the method id." time="0.0022472">
        </testcase>
        <testcase classname="test/auth/MFAStrategy.test.ts" name="MFAStrategy Tests &gt; challenge (phase 2) &gt; Acknowledges a TOTP method selection without sending a notification, and records the method id." time="0.0003176">
        </testcase>
        <testcase classname="test/auth/MFAStrategy.test.ts" name="MFAStrategy Tests &gt; challenge (phase 2) &gt; Acknowledges a RECOVERY_CODE method selection without sending a notification, and records the method id/type." time="0.0003362">
        </testcase>
        <testcase classname="test/auth/MFAStrategy.test.ts" name="MFAStrategy Tests &gt; challenge (phase 2) &gt; Throws for an unsupported method type." time="0.0003452">
        </testcase>
        <testcase classname="test/auth/MFAStrategy.test.ts" name="MFAStrategy Tests &gt; challenge (phase 2) &gt; Clears a stale mfaMethodId left over from a previous TOTP/FIDO2 selection when OTP is selected." time="0.0004483">
        </testcase>
        <testcase classname="test/auth/MFAStrategy.test.ts" name="MFAStrategy Tests &gt; challenge (phase 2) &gt; Regression: switching from a TOTP selection to OTP still authenticates on the correct OTP code." time="0.0008119">
        </testcase>
        <testcase classname="test/auth/MFAStrategy.test.ts" name="MFAStrategy Tests &gt; verifyBasic (phase 1) &gt; Authenticates using body-supplied credentials when no Basic auth header is present." time="0.0003346">
        </testcase>
        <testcase classname="test/auth/MFAStrategy.test.ts" name="MFAStrategy Tests &gt; verifyBasic (phase 1) &gt; Throws when called directly with a payload missing id or password." time="0.0003957">
        </testcase>
        <testcase classname="test/auth/MFAStrategy.test.ts" name="MFAStrategy Tests &gt; verifyBasic (phase 1) &gt; Throws when verify() resolves undefined." time="0.0003436">
        </testcase>
        <testcase classname="test/auth/MFAStrategy.test.ts" name="MFAStrategy Tests &gt; verifyBasic (phase 1) &gt; Returns the user&apos;s uid alongside the list of 2FA methods, and does not authenticate, when methods are available." time="0.0003834">
        </testcase>
        <testcase classname="test/auth/MFAStrategy.test.ts" name="MFAStrategy Tests &gt; verifyBasic (phase 1) &gt; Does not throw when req.session is missing on successful password verification." time="0.0002713">
        </testcase>
        <testcase classname="test/auth/MFAStrategy.test.ts" name="MFAStrategy Tests &gt; verifyBasic (phase 1) &gt; Binds the session to the verified identity on successful password verification." time="0.0002234">
        </testcase>
        <testcase classname="test/auth/MFAStrategy.test.ts" name="MFAStrategy Tests &gt; verifyBasic (phase 1) &gt; Throws when there are no 2FA methods and require2FA is true (the default)." time="0.000319">
        </testcase>
        <testcase classname="test/auth/MFAStrategy.test.ts" name="MFAStrategy Tests &gt; verifyBasic (phase 1) &gt; Invokes checkRateLimit with the claimed identifier before verify()." time="0.0003337">
        </testcase>
        <testcase classname="test/auth/MFAStrategy.test.ts" name="MFAStrategy Tests &gt; verifyBasic (phase 1) &gt; Aborts before verify() when checkRateLimit throws." time="0.0004127">
        </testcase>
        <testcase classname="test/auth/MFAStrategy.test.ts" name="MFAStrategy Tests &gt; verifyOTP (phase 3) &gt; Resolves the user via the session-bound identity, not the client-supplied payload id, and clears it after." time="0.0006221">
        </testcase>
        <testcase classname="test/auth/MFAStrategy.test.ts" name="MFAStrategy Tests &gt; verifyOTP (phase 3) &gt; Clears the session-bound identity even when the OTP token is invalid." time="0.0004586">
        </testcase>
        <testcase classname="test/auth/MFAStrategy.test.ts" name="MFAStrategy Tests &gt; verifyOTP (phase 3) &gt; Aborts before verifying the OTP token when checkRateLimit throws." time="0.000532">
        </testcase>
        <testcase classname="test/auth/MFAStrategy.test.ts" name="MFAStrategy Tests &gt; verifyFIDO (phase 3) &gt; Verifies successfully, updates the counter, clears session state, and authenticates." time="0.000488">
        </testcase>
        <testcase classname="test/auth/MFAStrategy.test.ts" name="MFAStrategy Tests &gt; verifyFIDO (phase 3) &gt; Throws if req.session is missing." time="0.0003101">
        </testcase>
        <testcase classname="test/auth/MFAStrategy.test.ts" name="MFAStrategy Tests &gt; verifyFIDO (phase 3) &gt; Throws for a FIDO2 response when no fidoConfig is configured, once session state is otherwise valid." time="0.0004082">
        </testcase>
        <testcase classname="test/auth/MFAStrategy.test.ts" name="MFAStrategy Tests &gt; verifyFIDO (phase 3) &gt; Returns undefined when the credential id does not match the one selected during phase 2." time="0.000233">
        </testcase>
        <testcase classname="test/auth/MFAStrategy.test.ts" name="MFAStrategy Tests &gt; verifyFIDO (phase 3) &gt; Returns undefined when the resolved credential belongs to a different user." time="0.0002218">
        </testcase>
        <testcase classname="test/auth/MFAStrategy.test.ts" name="MFAStrategy Tests &gt; verifyFIDO (phase 3) &gt; Returns undefined when the assertion fails verification." time="0.0003003">
        </testcase>
        <testcase classname="test/auth/MFAStrategy.test.ts" name="MFAStrategy Tests &gt; verifyFIDO (phase 3) &gt; Returns undefined on a regressed (cloned authenticator) counter." time="0.0002557">
        </testcase>
        <testcase classname="test/auth/MFAStrategy.test.ts" name="MFAStrategy Tests &gt; verifyFIDO (phase 3) &gt; Rate limits by the phase-1-verified identity before verifying." time="0.0003385">
        </testcase>
        <testcase classname="test/auth/MFAStrategy.test.ts" name="MFAStrategy Tests &gt; verifyTOTP (phase 3) &gt; Routes an OTP-shaped payload to verifyTOTP instead of verifyOTP when a TOTP method was selected." time="0.0007314">
        </testcase>
        <testcase classname="test/auth/MFAStrategy.test.ts" name="MFAStrategy Tests &gt; verifyTOTP (phase 3) &gt; Invokes checkRateLimit with the claimed payload id." time="0.0004788">
        </testcase>
        <testcase classname="test/auth/MFAStrategy.test.ts" name="MFAStrategy Tests &gt; verifyTOTP (phase 3) &gt; Persists the matched time step for replay protection on success." time="0.0005768">
        </testcase>
        <testcase classname="test/auth/MFAStrategy.test.ts" name="MFAStrategy Tests &gt; verifyTOTP (phase 3) &gt; Returns undefined when the token is invalid." time="0.0003661">
        </testcase>
        <testcase classname="test/auth/MFAStrategy.test.ts" name="MFAStrategy Tests &gt; verifyTOTP (phase 3) &gt; Returns undefined when the claimed payload id does not match the session-bound identity." time="0.0002923">
        </testcase>
        <testcase classname="test/auth/MFAStrategy.test.ts" name="MFAStrategy Tests &gt; verifyTOTP (phase 3) &gt; Returns undefined when the selected method is no longer a TOTP method." time="0.0002036">
        </testcase>
        <testcase classname="test/auth/MFAStrategy.test.ts" name="MFAStrategy Tests &gt; verifyTOTP (phase 3) &gt; Clears the session-bound identity and method even when verification fails." time="0.0002346">
        </testcase>
        <testcase classname="test/auth/MFAStrategy.test.ts" name="MFAStrategy Tests &gt; verifyRecoveryCode (phase 3) &gt; Routes an OTP-shaped payload to verifyRecoveryCode instead of verifyOTP/verifyTOTP when a RECOVERY_CODE method was selected." time="0.0641855">
        </testcase>
        <testcase classname="test/auth/MFAStrategy.test.ts" name="MFAStrategy Tests &gt; verifyRecoveryCode (phase 3) &gt; Invokes checkRateLimit with the claimed payload id." time="0.0597766">
        </testcase>
        <testcase classname="test/auth/MFAStrategy.test.ts" name="MFAStrategy Tests &gt; verifyRecoveryCode (phase 3) &gt; Consumes the matched code by its index on success." time="0.1269856">
        </testcase>
        <testcase classname="test/auth/MFAStrategy.test.ts" name="MFAStrategy Tests &gt; verifyRecoveryCode (phase 3) &gt; Skips already-used codes when matching, and does not resurrect a used one." time="0.0594204">
        </testcase>
        <testcase classname="test/auth/MFAStrategy.test.ts" name="MFAStrategy Tests &gt; verifyRecoveryCode (phase 3) &gt; Returns undefined without consuming any code when the submitted code matches nothing." time="0.0984639">
        </testcase>
        <testcase classname="test/auth/MFAStrategy.test.ts" name="MFAStrategy Tests &gt; verifyRecoveryCode (phase 3) &gt; Returns undefined when the claimed payload id does not match the session-bound identity." time="0.0007165">
        </testcase>
        <testcase classname="test/auth/MFAStrategy.test.ts" name="MFAStrategy Tests &gt; verifyRecoveryCode (phase 3) &gt; Returns undefined when the selected method is no longer a RECOVERY_CODE method." time="0.0004906">
        </testcase>
        <testcase classname="test/auth/MFAStrategy.test.ts" name="MFAStrategy Tests &gt; verifyRecoveryCode (phase 3) &gt; Clears the session-bound identity and method even when verification fails." time="0.000359">
        </testcase>
        <testcase classname="test/auth/MFAStrategy.test.ts" name="MFAStrategy Tests &gt; verifyRecoveryCode (phase 3) &gt; Does not throw when consumeRecoveryCode is not provided (optional hook)." time="0.0610314">
        </testcase>
        <testcase classname="test/auth/MFAStrategy.test.ts" name="MFAStrategy Tests &gt; Default MFAStrategyOptions &gt; getCredentialById throws if the consumer forgot to override it." time="0.0008219">
        </testcase>
        <testcase classname="test/auth/MFAStrategy.test.ts" name="MFAStrategy Tests &gt; Default MFAStrategyOptions &gt; updateCredentialCounter throws if the consumer forgot to override it." time="0.0007275">
        </testcase>
        <testcase classname="test/auth/MFAStrategy.test.ts" name="MFAStrategy Tests &gt; Default MFAStrategyOptions &gt; getMethod throws if the consumer forgot to override it." time="0.0005509">
        </testcase>
        <testcase classname="test/auth/MFAStrategy.test.ts" name="MFAStrategy Tests &gt; Default MFAStrategyOptions &gt; getMethods throws if the consumer forgot to override it." time="0.0004358">
        </testcase>
        <testcase classname="test/auth/MFAStrategy.test.ts" name="MFAStrategy Tests &gt; Default MFAStrategyOptions &gt; getUser throws if the consumer forgot to override it." time="0.0003879">
        </testcase>
        <testcase classname="test/auth/MFAStrategy.test.ts" name="MFAStrategy Tests &gt; Default MFAStrategyOptions &gt; notifyContact throws if the consumer forgot to override it." time="0.0003842">
        </testcase>
        <testcase classname="test/auth/MFAStrategy.test.ts" name="MFAStrategy Tests &gt; Default MFAStrategyOptions &gt; verify throws if the consumer forgot to override it." time="0.0003488">
        </testcase>
    </testsuite>
    <testsuite name="test/auth/OAuthBearerStrategy.test.ts" timestamp="2026-09-08T21:55:05.693Z" hostname="Jane" tests="9" failures="0" errors="0" skipped="0" time="0.006424">
        <testcase classname="test/auth/OAuthBearerStrategy.test.ts" name="OAuthBearerStrategy Tests &gt; Exposes its configured name." time="0.0017994">
        </testcase>
        <testcase classname="test/auth/OAuthBearerStrategy.test.ts" name="OAuthBearerStrategy Tests &gt; authenticate &gt; Returns undefined when no Authorization header is present." time="0.0003201">
        </testcase>
        <testcase classname="test/auth/OAuthBearerStrategy.test.ts" name="OAuthBearerStrategy Tests &gt; authenticate &gt; Returns undefined when the token fails verification." time="0.000252">
        </testcase>
        <testcase classname="test/auth/OAuthBearerStrategy.test.ts" name="OAuthBearerStrategy Tests &gt; authenticate &gt; Returns undefined when the token&apos;s jti has been revoked." time="0.0002402">
        </testcase>
        <testcase classname="test/auth/OAuthBearerStrategy.test.ts" name="OAuthBearerStrategy Tests &gt; authenticate &gt; Returns undefined when the verified claims carry no jti." time="0.0002103">
        </testcase>
        <testcase classname="test/auth/OAuthBearerStrategy.test.ts" name="OAuthBearerStrategy Tests &gt; authenticate &gt; Returns an AuthResult with a JWTUser built from the verified claims." time="0.0009175">
        </testcase>
        <testcase classname="test/auth/OAuthBearerStrategy.test.ts" name="OAuthBearerStrategy Tests &gt; authenticate &gt; Defaults to an empty scopes array when the claims carry no scope." time="0.0001776">
        </testcase>
        <testcase classname="test/auth/OAuthBearerStrategy.test.ts" name="OAuthBearerStrategy Tests &gt; authenticate &gt; Throws a 401 ApiError when required and no valid token was presented." time="0.0009145">
        </testcase>
        <testcase classname="test/auth/OAuthBearerStrategy.test.ts" name="OAuthBearerStrategy Tests &gt; authenticateSync &gt; Throws a 500 ApiError - this strategy does not support synchronous authentication." time="0.0005329">
        </testcase>
    </testsuite>
    <testsuite name="test/auth/OAuthTokenUtils.test.ts" timestamp="2026-09-08T21:55:05.695Z" hostname="Jane" tests="20" failures="0" errors="0" skipped="0" time="0.4672685">
        <testcase classname="test/auth/OAuthTokenUtils.test.ts" name="OAuthTokenUtils Tests &gt; createAccessToken &gt; Issues an RS256-signed access token with the expected flat OAuth claims." time="0.0721977">
        </testcase>
        <testcase classname="test/auth/OAuthTokenUtils.test.ts" name="OAuthTokenUtils Tests &gt; createAccessToken &gt; Uses the client&apos;s uid as sub when no user is provided (client_credentials)." time="0.0186725">
        </testcase>
        <testcase classname="test/auth/OAuthTokenUtils.test.ts" name="OAuthTokenUtils Tests &gt; createAccessToken &gt; Honors a configured accessTokenTTL." time="0.0381167">
        </testcase>
        <testcase classname="test/auth/OAuthTokenUtils.test.ts" name="OAuthTokenUtils Tests &gt; createAccessToken &gt; Signs with a key verifiable via the same SigningKeyUtils&apos; public JWK." time="0.0260628">
        </testcase>
        <testcase classname="test/auth/OAuthTokenUtils.test.ts" name="OAuthTokenUtils Tests &gt; createAccessToken &gt; Throws a 500 when no issuer is configured - there is no valid token to issue without one." time="0.0312775">
        </testcase>
        <testcase classname="test/auth/OAuthTokenUtils.test.ts" name="OAuthTokenUtils Tests &gt; createIdToken &gt; Issues an RS256-signed id_token with core OIDC claims and the echoed nonce." time="0.0423497">
        </testcase>
        <testcase classname="test/auth/OAuthTokenUtils.test.ts" name="OAuthTokenUtils Tests &gt; createIdToken &gt; Omits the nonce claim entirely when none was requested." time="0.0154664">
        </testcase>
        <testcase classname="test/auth/OAuthTokenUtils.test.ts" name="OAuthTokenUtils Tests &gt; createIdToken &gt; Honors a configured idTokenTTL." time="0.021638">
        </testcase>
        <testcase classname="test/auth/OAuthTokenUtils.test.ts" name="OAuthTokenUtils Tests &gt; createIdToken &gt; Throws a 500 when no issuer is configured." time="0.0478809">
        </testcase>
        <testcase classname="test/auth/OAuthTokenUtils.test.ts" name="OAuthTokenUtils Tests &gt; createRefreshToken &gt; Generates a random, URL-safe opaque token and starts a new familyId when none is given." time="0.0005611">
        </testcase>
        <testcase classname="test/auth/OAuthTokenUtils.test.ts" name="OAuthTokenUtils Tests &gt; createRefreshToken &gt; Carries forward an explicitly provided familyId (rotation)." time="0.000189">
        </testcase>
        <testcase classname="test/auth/OAuthTokenUtils.test.ts" name="OAuthTokenUtils Tests &gt; createRefreshToken &gt; Honors a configured refreshTokenTTL." time="0.0001426">
        </testcase>
        <testcase classname="test/auth/OAuthTokenUtils.test.ts" name="OAuthTokenUtils Tests &gt; verifyAccessToken &gt; Round-trips: verifies a token this instance issued and returns its full claim set." time="0.0265732">
        </testcase>
        <testcase classname="test/auth/OAuthTokenUtils.test.ts" name="OAuthTokenUtils Tests &gt; verifyAccessToken &gt; Verifies across a key rotation: a token signed by a since-retired key still verifies." time="0.0687215">
        </testcase>
        <testcase classname="test/auth/OAuthTokenUtils.test.ts" name="OAuthTokenUtils Tests &gt; verifyAccessToken &gt; Returns undefined for a malformed (non-JWT) token." time="0.0002383">
        </testcase>
        <testcase classname="test/auth/OAuthTokenUtils.test.ts" name="OAuthTokenUtils Tests &gt; verifyAccessToken &gt; Returns undefined when the token has no kid header." time="0.0004977">
        </testcase>
        <testcase classname="test/auth/OAuthTokenUtils.test.ts" name="OAuthTokenUtils Tests &gt; verifyAccessToken &gt; Returns undefined when the kid does not match any known signing key." time="0.0003407">
        </testcase>
        <testcase classname="test/auth/OAuthTokenUtils.test.ts" name="OAuthTokenUtils Tests &gt; verifyAccessToken &gt; Returns undefined once the token has expired." time="0.0099908">
        </testcase>
        <testcase classname="test/auth/OAuthTokenUtils.test.ts" name="OAuthTokenUtils Tests &gt; verifyAccessToken &gt; Returns undefined when the configured issuer does not match the token&apos;s iss." time="0.0156259">
        </testcase>
        <testcase classname="test/auth/OAuthTokenUtils.test.ts" name="OAuthTokenUtils Tests &gt; verifyAccessToken &gt; Throws a 500 when no issuer is configured on the verifying instance." time="0.0292225">
        </testcase>
    </testsuite>
    <testsuite name="test/auth/OIDCStrategy.test.ts" timestamp="2026-09-08T21:55:05.697Z" hostname="Jane" tests="60" failures="0" errors="0" skipped="0" time="0.0400964">
        <testcase classname="test/auth/OIDCStrategy.test.ts" name="OIDCStrategy Tests &gt; constructor &gt; Uses options.name for the strategy name." time="0.0015242">
        </testcase>
        <testcase classname="test/auth/OIDCStrategy.test.ts" name="OIDCStrategy Tests &gt; constructor &gt; Falls back to the default &apos;oauth&apos; name when options.name is not set." time="0.0001716">
        </testcase>
        <testcase classname="test/auth/OIDCStrategy.test.ts" name="OIDCStrategy Tests &gt; authenticate — redirect phase (no code) &gt; Throws when the provider reports an error via query, with description." time="0.0013179">
        </testcase>
        <testcase classname="test/auth/OIDCStrategy.test.ts" name="OIDCStrategy Tests &gt; authenticate — redirect phase (no code) &gt; Throws when the provider reports an error via body, without a description." time="0.0006045">
        </testcase>
        <testcase classname="test/auth/OIDCStrategy.test.ts" name="OIDCStrategy Tests &gt; authenticate — redirect phase (no code) &gt; Redirects to the authorization URL and returns undefined." time="0.0015114">
        </testcase>
        <testcase classname="test/auth/OIDCStrategy.test.ts" name="OIDCStrategy Tests &gt; authenticate — redirect phase (no code) &gt; Returns the authorization URL as JSON when no_redirect=true instead of redirecting." time="0.0006256">
        </testcase>
        <testcase classname="test/auth/OIDCStrategy.test.ts" name="OIDCStrategy Tests &gt; authenticate — redirect phase (no code) &gt; Falls back to a redirect when no_redirect is present but not the string &apos;true&apos;." time="0.0003217">
        </testcase>
        <testcase classname="test/auth/OIDCStrategy.test.ts" name="OIDCStrategy Tests &gt; authenticate — redirect phase (no code) &gt; Throws if req.session is missing." time="0.0002616">
        </testcase>
        <testcase classname="test/auth/OIDCStrategy.test.ts" name="OIDCStrategy Tests &gt; authenticate — redirect phase (no code) &gt; Rejects a redirect_uri not in the allowed list." time="0.0002648">
        </testcase>
        <testcase classname="test/auth/OIDCStrategy.test.ts" name="OIDCStrategy Tests &gt; authenticate — redirect phase (no code) &gt; Accepts a redirect_uri that matches one of multiple allowed values." time="0.0002239">
        </testcase>
        <testcase classname="test/auth/OIDCStrategy.test.ts" name="OIDCStrategy Tests &gt; authenticate — redirect phase (no code) &gt; Includes the client-supplied state as app-correlation data alongside the CSRF token." time="0.0002418">
        </testcase>
        <testcase classname="test/auth/OIDCStrategy.test.ts" name="OIDCStrategy Tests &gt; authenticate — redirect phase (no code) &gt; Includes a nonce for the openid protocol but not for oauth2." time="0.0002528">
        </testcase>
        <testcase classname="test/auth/OIDCStrategy.test.ts" name="OIDCStrategy Tests &gt; authenticate — redirect phase (no code) &gt; Uses the requested scope query param over the provider&apos;s configured scope." time="0.000219">
        </testcase>
        <testcase classname="test/auth/OIDCStrategy.test.ts" name="OIDCStrategy Tests &gt; authenticate — redirect phase (no code) &gt; Falls back to the provider&apos;s configured scope when none is requested." time="0.0002298">
        </testcase>
        <testcase classname="test/auth/OIDCStrategy.test.ts" name="OIDCStrategy Tests &gt; authenticate — redirect phase (no code) &gt; PKCE &gt; Rejects an invalid code_challenge_method." time="0.0002906">
        </testcase>
        <testcase classname="test/auth/OIDCStrategy.test.ts" name="OIDCStrategy Tests &gt; authenticate — redirect phase (no code) &gt; PKCE &gt; Accepts a client-requested method that does not conflict with any provider requirement." time="0.0002071">
        </testcase>
        <testcase classname="test/auth/OIDCStrategy.test.ts" name="OIDCStrategy Tests &gt; authenticate — redirect phase (no code) &gt; PKCE &gt; Rejects a client method that conflicts with a provider-mandated method." time="0.0002197">
        </testcase>
        <testcase classname="test/auth/OIDCStrategy.test.ts" name="OIDCStrategy Tests &gt; authenticate — redirect phase (no code) &gt; PKCE &gt; Rejects a code_verifier that does not meet RFC 7636 requirements." time="0.0002527">
        </testcase>
        <testcase classname="test/auth/OIDCStrategy.test.ts" name="OIDCStrategy Tests &gt; authenticate — redirect phase (no code) &gt; PKCE &gt; Uses a client-supplied code_verifier and computes the S256 code_challenge." time="0.0004285">
        </testcase>
        <testcase classname="test/auth/OIDCStrategy.test.ts" name="OIDCStrategy Tests &gt; authenticate — redirect phase (no code) &gt; PKCE &gt; Uses the plain code_challenge (equal to the verifier) for the plain method." time="0.0001901">
        </testcase>
        <testcase classname="test/auth/OIDCStrategy.test.ts" name="OIDCStrategy Tests &gt; authenticate — redirect phase (no code) &gt; PKCE &gt; Uses an explicit code_challenge query param over computing one." time="0.000188">
        </testcase>
        <testcase classname="test/auth/OIDCStrategy.test.ts" name="OIDCStrategy Tests &gt; authenticate — redirect phase (no code) &gt; PKCE &gt; Generates a random verifier when the client does not supply one." time="0.0002047">
        </testcase>
        <testcase classname="test/auth/OIDCStrategy.test.ts" name="OIDCStrategy Tests &gt; authenticate — callback phase (code present) &gt; Throws if req.session is missing." time="0.0001981">
        </testcase>
        <testcase classname="test/auth/OIDCStrategy.test.ts" name="OIDCStrategy Tests &gt; authenticate — callback phase (code present) &gt; Throws on a missing/mismatched CSRF state." time="0.0002512">
        </testcase>
        <testcase classname="test/auth/OIDCStrategy.test.ts" name="OIDCStrategy Tests &gt; authenticate — callback phase (code present) &gt; Throws cleanly when req.session exists but session.state was never set." time="0.0002483">
        </testcase>
        <testcase classname="test/auth/OIDCStrategy.test.ts" name="OIDCStrategy Tests &gt; authenticate — callback phase (code present) &gt; Throws cleanly (not a raw/unhandled error) on a same-length but incorrect CSRF state." time="0.0003882">
        </testcase>
        <testcase classname="test/auth/OIDCStrategy.test.ts" name="OIDCStrategy Tests &gt; authenticate — callback phase (code present) &gt; Throws when no state is supplied at all." time="0.000206">
        </testcase>
        <testcase classname="test/auth/OIDCStrategy.test.ts" name="OIDCStrategy Tests &gt; authenticate — callback phase (code present) &gt; Exchanges the code, retrieves the profile, resolves the user, and clears one-shot session state." time="0.0006304">
        </testcase>
        <testcase classname="test/auth/OIDCStrategy.test.ts" name="OIDCStrategy Tests &gt; authenticate — callback phase (code present) &gt; Accepts the code and state via the request body instead of the query." time="0.0002091">
        </testcase>
        <testcase classname="test/auth/OIDCStrategy.test.ts" name="OIDCStrategy Tests &gt; authenticateSync &gt; Throws &apos;Not supported&apos; as a 500 (a wiring gap, not an auth failure)." time="0.000276">
        </testcase>
        <testcase classname="test/auth/OIDCStrategy.test.ts" name="OIDCStrategy Tests &gt; exchangeOIDCCode (via authenticate callback phase) &gt; Throws when the code is missing entirely." time="0.00016">
        </testcase>
        <testcase classname="test/auth/OIDCStrategy.test.ts" name="OIDCStrategy Tests &gt; exchangeOIDCCode (via authenticate callback phase) &gt; Sends a Basic auth header when the provider has a clientSecret." time="0.0002245">
        </testcase>
        <testcase classname="test/auth/OIDCStrategy.test.ts" name="OIDCStrategy Tests &gt; exchangeOIDCCode (via authenticate callback phase) &gt; Sends client_id in the body instead of a Basic header when there is no clientSecret." time="0.0001902">
        </testcase>
        <testcase classname="test/auth/OIDCStrategy.test.ts" name="OIDCStrategy Tests &gt; exchangeOIDCCode (via authenticate callback phase) &gt; Includes the PKCE code_verifier from the request body when provided." time="0.0001913">
        </testcase>
        <testcase classname="test/auth/OIDCStrategy.test.ts" name="OIDCStrategy Tests &gt; exchangeOIDCCode (via authenticate callback phase) &gt; Throws when the token exchange responds with a non-200 status." time="0.0002085">
        </testcase>
        <testcase classname="test/auth/OIDCStrategy.test.ts" name="OIDCStrategy Tests &gt; exchangeOIDCCode (via authenticate callback phase) &gt; Throws when the token exchange responds with no data." time="0.0002011">
        </testcase>
        <testcase classname="test/auth/OIDCStrategy.test.ts" name="OIDCStrategy Tests &gt; exchangeOIDCCode (via authenticate callback phase) &gt; Parses a string response body as JSON." time="0.0001819">
        </testcase>
        <testcase classname="test/auth/OIDCStrategy.test.ts" name="OIDCStrategy Tests &gt; exchangeOIDCCode (via authenticate callback phase) &gt; Propagates the provider&apos;s error response body when the request rejects." time="0.0002697">
        </testcase>
        <testcase classname="test/auth/OIDCStrategy.test.ts" name="OIDCStrategy Tests &gt; exchangeOIDCCode (via authenticate callback phase) &gt; Wraps a bare network error with a generic message when there is no response body." time="0.0002635">
        </testcase>
        <testcase classname="test/auth/OIDCStrategy.test.ts" name="OIDCStrategy Tests &gt; exchangeOIDCCode (via authenticate callback phase) &gt; Wraps a rejection with no .message at all, defaulting to an empty string." time="0.0002127">
        </testcase>
        <testcase classname="test/auth/OIDCStrategy.test.ts" name="OIDCStrategy Tests &gt; exchangeOIDCCode (via authenticate callback phase) &gt; Resolves the redirect_uri fallback from the first entry of an allowed-list array." time="0.0001888">
        </testcase>
        <testcase classname="test/auth/OIDCStrategy.test.ts" name="OIDCStrategy Tests &gt; exchangeOIDCCode (via authenticate callback phase) &gt; Falls back to the code_verifier from the query string when the body has none." time="0.0002171">
        </testcase>
        <testcase classname="test/auth/OIDCStrategy.test.ts" name="OIDCStrategy Tests &gt; exchangeOIDCCode (via authenticate callback phase) &gt; Falls back to the code_verifier stashed in the session when neither body nor query has one." time="0.0001548">
        </testcase>
        <testcase classname="test/auth/OIDCStrategy.test.ts" name="OIDCStrategy Tests &gt; retrieveUserProfile (via authenticate callback phase) &gt; Returns undefined (and skips getUser&apos;s profile arg) when there&apos;s no id_token and no profileURL." time="0.0001632">
        </testcase>
        <testcase classname="test/auth/OIDCStrategy.test.ts" name="OIDCStrategy Tests &gt; retrieveUserProfile (via authenticate callback phase) &gt; Verifies and decodes the id_token for the openid protocol." time="0.0028211">
        </testcase>
        <testcase classname="test/auth/OIDCStrategy.test.ts" name="OIDCStrategy Tests &gt; retrieveUserProfile (via authenticate callback phase) &gt; Throws when jwksURI/issuer are missing for the openid protocol." time="0.0003144">
        </testcase>
        <testcase classname="test/auth/OIDCStrategy.test.ts" name="OIDCStrategy Tests &gt; retrieveUserProfile (via authenticate callback phase) &gt; Throws when the id_token cannot be decoded." time="0.0003164">
        </testcase>
        <testcase classname="test/auth/OIDCStrategy.test.ts" name="OIDCStrategy Tests &gt; retrieveUserProfile (via authenticate callback phase) &gt; Throws when the id_token&apos;s nonce does not match the session." time="0.0003677">
        </testcase>
        <testcase classname="test/auth/OIDCStrategy.test.ts" name="OIDCStrategy Tests &gt; retrieveUserProfile (via authenticate callback phase) &gt; Throws when the session has no nonce to validate against." time="0.000376">
        </testcase>
        <testcase classname="test/auth/OIDCStrategy.test.ts" name="OIDCStrategy Tests &gt; retrieveUserProfile (via authenticate callback phase) &gt; Fetches the profile from profileURL when there is no id_token." time="0.0004817">
        </testcase>
        <testcase classname="test/auth/OIDCStrategy.test.ts" name="OIDCStrategy Tests &gt; retrieveUserProfile (via authenticate callback phase) &gt; Parses a string profile response body as JSON." time="0.0002842">
        </testcase>
        <testcase classname="test/auth/OIDCStrategy.test.ts" name="OIDCStrategy Tests &gt; retrieveUserProfile (via authenticate callback phase) &gt; Throws when the profile request responds with a non-200 status." time="0.0003032">
        </testcase>
        <testcase classname="test/auth/OIDCStrategy.test.ts" name="OIDCStrategy Tests &gt; retrieveUserProfile (via authenticate callback phase) &gt; Propagates the provider&apos;s error response body when the profile request rejects." time="0.0002713">
        </testcase>
        <testcase classname="test/auth/OIDCStrategy.test.ts" name="OIDCStrategy Tests &gt; retrieveUserProfile (via authenticate callback phase) &gt; Wraps a bare network error from the profile request with a generic message." time="0.0003109">
        </testcase>
        <testcase classname="test/auth/OIDCStrategy.test.ts" name="OIDCStrategy Tests &gt; retrieveUserProfile (via authenticate callback phase) &gt; Wraps a profile-request rejection with no .message at all, defaulting to an empty string." time="0.0003489">
        </testcase>
        <testcase classname="test/auth/OIDCStrategy.test.ts" name="OIDCStrategy Tests &gt; convertProfile mapping &gt; Supports nested array entries in the profile map." time="0.0003561">
        </testcase>
        <testcase classname="test/auth/OIDCStrategy.test.ts" name="OIDCStrategy Tests &gt; convertProfile mapping &gt; Supports nested object entries in the profile map." time="0.0002815">
        </testcase>
        <testcase classname="test/auth/OIDCStrategy.test.ts" name="OIDCStrategy Tests &gt; convertProfile mapping &gt; Throws a descriptive error when a mapped expression fails to evaluate." time="0.0003399">
        </testcase>
        <testcase classname="test/auth/OIDCStrategy.test.ts" name="OIDCStrategy Tests &gt; importOptionalDependency &gt; Throws a helpful install-hint error when the optional &apos;jwks-rsa&apos; peer dependency is missing." time="0.0160048">
        </testcase>
        <testcase classname="test/auth/OIDCStrategy.test.ts" name="OIDCStrategy Tests &gt; Default OIDCStrategyOptions &gt; getUser throws if the consumer forgot to override it." time="0.0005077">
        </testcase>
    </testsuite>
    <testsuite name="test/auth/OTPStrategy.test.ts" timestamp="2026-09-08T21:55:05.703Z" hostname="Jane" tests="22" failures="0" errors="0" skipped="0" time="0.0153013">
        <testcase classname="test/auth/OTPStrategy.test.ts" name="OTPStrategy Tests &gt; authenticateSync throws &apos;Not supported&apos;." time="0.0020853">
        </testcase>
        <testcase classname="test/auth/OTPStrategy.test.ts" name="OTPStrategy Tests &gt; Dispatch &gt; Throws when nothing matches and auth is required." time="0.000809">
        </testcase>
        <testcase classname="test/auth/OTPStrategy.test.ts" name="OTPStrategy Tests &gt; Dispatch &gt; Returns undefined when nothing matches and auth is not required." time="0.0002205">
        </testcase>
        <testcase classname="test/auth/OTPStrategy.test.ts" name="OTPStrategy Tests &gt; Dispatch &gt; Ignores discovery when allowDiscovery is not enabled." time="0.0003986">
        </testcase>
        <testcase classname="test/auth/OTPStrategy.test.ts" name="OTPStrategy Tests &gt; discovery &gt; Returns obfuscated contacts for the given id." time="0.0013311">
        </testcase>
        <testcase classname="test/auth/OTPStrategy.test.ts" name="OTPStrategy Tests &gt; discovery &gt; Passes undefined when no id query param is given." time="0.0002808">
        </testcase>
        <testcase classname="test/auth/OTPStrategy.test.ts" name="OTPStrategy Tests &gt; discovery &gt; Defaults to an empty list when getContacts() resolves nullish." time="0.0002324">
        </testcase>
        <testcase classname="test/auth/OTPStrategy.test.ts" name="OTPStrategy Tests &gt; discovery &gt; Invokes checkRateLimit with the queried id before listing contacts." time="0.0002449">
        </testcase>
        <testcase classname="test/auth/OTPStrategy.test.ts" name="OTPStrategy Tests &gt; discovery &gt; Still invokes checkRateLimit (on a fixed bucket) when no id query param is given." time="0.0007517">
        </testcase>
        <testcase classname="test/auth/OTPStrategy.test.ts" name="OTPStrategy Tests &gt; discovery &gt; Aborts before listing contacts when checkRateLimit throws." time="0.0004107">
        </testcase>
        <testcase classname="test/auth/OTPStrategy.test.ts" name="OTPStrategy Tests &gt; challenge (phase 2) &gt; Throws if req.session is missing." time="0.0007767">
        </testcase>
        <testcase classname="test/auth/OTPStrategy.test.ts" name="OTPStrategy Tests &gt; challenge (phase 2) &gt; Commits the exact same response as a real contact when the contact id is unknown, without sending a notification." time="0.0003468">
        </testcase>
        <testcase classname="test/auth/OTPStrategy.test.ts" name="OTPStrategy Tests &gt; challenge (phase 2) &gt; Generates and sends a token, then completes the response." time="0.002202">
        </testcase>
        <testcase classname="test/auth/OTPStrategy.test.ts" name="OTPStrategy Tests &gt; challenge (phase 2) &gt; Invokes checkRateLimit before generating/sending a new OTP." time="0.0004602">
        </testcase>
        <testcase classname="test/auth/OTPStrategy.test.ts" name="OTPStrategy Tests &gt; challenge (phase 2) &gt; Aborts before sending a new OTP when checkRateLimit throws." time="0.0003822">
        </testcase>
        <testcase classname="test/auth/OTPStrategy.test.ts" name="OTPStrategy Tests &gt; verify (phase 3) &gt; Authenticates when the OTP token is valid." time="0.0009714">
        </testcase>
        <testcase classname="test/auth/OTPStrategy.test.ts" name="OTPStrategy Tests &gt; verify (phase 3) &gt; Falls through to the required check when the OTP token is invalid." time="0.0003317">
        </testcase>
        <testcase classname="test/auth/OTPStrategy.test.ts" name="OTPStrategy Tests &gt; verify (phase 3) &gt; Aborts before verifying the token when checkRateLimit throws." time="0.0003491">
        </testcase>
        <testcase classname="test/auth/OTPStrategy.test.ts" name="OTPStrategy Tests &gt; Default OTPStrategyOptions &gt; getContact throws if the consumer forgot to override it." time="0.0001895">
        </testcase>
        <testcase classname="test/auth/OTPStrategy.test.ts" name="OTPStrategy Tests &gt; Default OTPStrategyOptions &gt; getContacts throws if the consumer forgot to override it." time="0.0001767">
        </testcase>
        <testcase classname="test/auth/OTPStrategy.test.ts" name="OTPStrategy Tests &gt; Default OTPStrategyOptions &gt; getUser throws if the consumer forgot to override it." time="0.0001865">
        </testcase>
        <testcase classname="test/auth/OTPStrategy.test.ts" name="OTPStrategy Tests &gt; Default OTPStrategyOptions &gt; notifyContact throws if the consumer forgot to override it." time="0.0002113">
        </testcase>
    </testsuite>
    <testsuite name="test/auth/PasskeyStrategy.test.ts" timestamp="2026-09-08T21:55:05.705Z" hostname="Jane" tests="29" failures="0" errors="0" skipped="0" time="0.0141459">
        <testcase classname="test/auth/PasskeyStrategy.test.ts" name="PasskeyStrategy Tests &gt; Begin (phase 1) &gt; Generates options with no allowCredentials when no uid hint is given." time="0.0027487">
        </testcase>
        <testcase classname="test/auth/PasskeyStrategy.test.ts" name="PasskeyStrategy Tests &gt; Begin (phase 1) &gt; Builds allowCredentials from getCredentials when a uid hint has registered credentials." time="0.0011679">
        </testcase>
        <testcase classname="test/auth/PasskeyStrategy.test.ts" name="PasskeyStrategy Tests &gt; Begin (phase 1) &gt; Leaves allowCredentials undefined (not an empty array) when a uid hint has zero credentials." time="0.0003329">
        </testcase>
        <testcase classname="test/auth/PasskeyStrategy.test.ts" name="PasskeyStrategy Tests &gt; Begin (phase 1) &gt; Throws if req.session is missing." time="0.0009151">
        </testcase>
        <testcase classname="test/auth/PasskeyStrategy.test.ts" name="PasskeyStrategy Tests &gt; Begin (phase 1) &gt; Throws if res is missing." time="0.0002235">
        </testcase>
        <testcase classname="test/auth/PasskeyStrategy.test.ts" name="PasskeyStrategy Tests &gt; Begin (phase 1) &gt; Invokes checkRateLimit with the uid hint when one is given." time="0.0002899">
        </testcase>
        <testcase classname="test/auth/PasskeyStrategy.test.ts" name="PasskeyStrategy Tests &gt; Begin (phase 1) &gt; Does not invoke checkRateLimit for the discoverable/no-hint flow." time="0.0002064">
        </testcase>
        <testcase classname="test/auth/PasskeyStrategy.test.ts" name="PasskeyStrategy Tests &gt; Begin (phase 1) &gt; Aborts before getCredentials() when checkRateLimit throws." time="0.0002938">
        </testcase>
        <testcase classname="test/auth/PasskeyStrategy.test.ts" name="PasskeyStrategy Tests &gt; Finish (phase 2) &gt; Verifies successfully, updates the counter, clears the session challenge, and returns the AuthResult." time="0.0009876">
        </testcase>
        <testcase classname="test/auth/PasskeyStrategy.test.ts" name="PasskeyStrategy Tests &gt; Finish (phase 2) &gt; Throws if req.session is missing." time="0.0006102">
        </testcase>
        <testcase classname="test/auth/PasskeyStrategy.test.ts" name="PasskeyStrategy Tests &gt; Finish (phase 2) &gt; Throws if there is no challenge stored in the session." time="0.0007471">
        </testcase>
        <testcase classname="test/auth/PasskeyStrategy.test.ts" name="PasskeyStrategy Tests &gt; Finish (phase 2) &gt; Throws on a malformed response body without calling storage or SimpleWebAuthn." time="0.0002346">
        </testcase>
        <testcase classname="test/auth/PasskeyStrategy.test.ts" name="PasskeyStrategy Tests &gt; Finish (phase 2) &gt; Invokes checkRateLimit with the credential id after shape validation succeeds." time="0.0002122">
        </testcase>
        <testcase classname="test/auth/PasskeyStrategy.test.ts" name="PasskeyStrategy Tests &gt; Finish (phase 2) &gt; Aborts before getCredentialById() when checkRateLimit throws." time="0.0002348">
        </testcase>
        <testcase classname="test/auth/PasskeyStrategy.test.ts" name="PasskeyStrategy Tests &gt; Finish (phase 2) &gt; Throws a generic failure on an unknown credential ID without calling verifyAuthenticationResponse." time="0.000261">
        </testcase>
        <testcase classname="test/auth/PasskeyStrategy.test.ts" name="PasskeyStrategy Tests &gt; Finish (phase 2) &gt; Throws a generic failure when verification resolves verified: false, without updating the counter." time="0.0002812">
        </testcase>
        <testcase classname="test/auth/PasskeyStrategy.test.ts" name="PasskeyStrategy Tests &gt; Finish (phase 2) &gt; Clears the session challenge before verification is attempted, even on failure." time="0.0002738">
        </testcase>
        <testcase classname="test/auth/PasskeyStrategy.test.ts" name="PasskeyStrategy Tests &gt; Finish (phase 2) &gt; Rejects a non-finite stored counter as an invalid credential." time="0.0002618">
        </testcase>
        <testcase classname="test/auth/PasskeyStrategy.test.ts" name="PasskeyStrategy Tests &gt; Finish (phase 2) &gt; Propagates a thrown/rejected verifyAuthenticationResponse error without updating the counter." time="0.0002744">
        </testcase>
        <testcase classname="test/auth/PasskeyStrategy.test.ts" name="PasskeyStrategy Tests &gt; Finish (phase 2) &gt; Rejects a non-zero counter that does not exceed the stored counter (cloned authenticator), without updating." time="0.0002398">
        </testcase>
        <testcase classname="test/auth/PasskeyStrategy.test.ts" name="PasskeyStrategy Tests &gt; Finish (phase 2) &gt; Accepts a newCounter of 0 despite not exceeding the stored counter (multi-device/backed-up authenticator)." time="0.000203">
        </testcase>
        <testcase classname="test/auth/PasskeyStrategy.test.ts" name="PasskeyStrategy Tests &gt; Finish (phase 2) &gt; Returns undefined (does not throw) when verify() resolves undefined and auth is not required." time="0.0001938">
        </testcase>
        <testcase classname="test/auth/PasskeyStrategy.test.ts" name="PasskeyStrategy Tests &gt; Finish (phase 2) &gt; Throws when verify() resolves undefined and auth is required." time="0.0002225">
        </testcase>
        <testcase classname="test/auth/PasskeyStrategy.test.ts" name="PasskeyStrategy Tests &gt; authenticateSync throws &apos;Not supported&apos;." time="0.0002192">
        </testcase>
        <testcase classname="test/auth/PasskeyStrategy.test.ts" name="PasskeyStrategy Tests &gt; Dispatches to verify() when the body has a response but no id." time="0.0002001">
        </testcase>
        <testcase classname="test/auth/PasskeyStrategy.test.ts" name="PasskeyStrategy Tests &gt; Default PasskeyStrategyOptions &gt; getCredentialById throws if the consumer forgot to override it." time="0.0001983">
        </testcase>
        <testcase classname="test/auth/PasskeyStrategy.test.ts" name="PasskeyStrategy Tests &gt; Default PasskeyStrategyOptions &gt; getCredentials throws if the consumer forgot to override it." time="0.0001755">
        </testcase>
        <testcase classname="test/auth/PasskeyStrategy.test.ts" name="PasskeyStrategy Tests &gt; Default PasskeyStrategyOptions &gt; updateCredentialCounter throws if the consumer forgot to override it." time="0.0001976">
        </testcase>
        <testcase classname="test/auth/PasskeyStrategy.test.ts" name="PasskeyStrategy Tests &gt; Default PasskeyStrategyOptions &gt; getUser throws if the consumer forgot to override it." time="0.0001589">
        </testcase>
    </testsuite>
    <testsuite name="test/auth/shared.test.ts" timestamp="2026-09-08T21:55:05.708Z" hostname="Jane" tests="111" failures="0" errors="0" skipped="0" time="0.1676714">
        <testcase classname="test/auth/shared.test.ts" name="getBasicData &gt; Returns undefined when the header key is not present." time="0.001289">
        </testcase>
        <testcase classname="test/auth/shared.test.ts" name="getBasicData &gt; Returns undefined when the header key is present but its value is nullish." time="0.0001838">
        </testcase>
        <testcase classname="test/auth/shared.test.ts" name="getBasicData &gt; Parses a single matching header into {id, password}." time="0.0005226">
        </testcase>
        <testcase classname="test/auth/shared.test.ts" name="getBasicData &gt; Finds the matching header among an array of header values." time="0.0002245">
        </testcase>
        <testcase classname="test/auth/shared.test.ts" name="getBasicData &gt; Skips a malformed header value (not exactly scheme + credentials)." time="0.000135">
        </testcase>
        <testcase classname="test/auth/shared.test.ts" name="getBasicData &gt; Skips a header whose scheme does not match." time="0.0001179">
        </testcase>
        <testcase classname="test/auth/shared.test.ts" name="getBasicData &gt; Supports a custom headerKey/headerScheme." time="0.0001698">
        </testcase>
        <testcase classname="test/auth/shared.test.ts" name="getBearerToken &gt; Returns undefined when the authorization header is not present." time="0.0001671">
        </testcase>
        <testcase classname="test/auth/shared.test.ts" name="getBearerToken &gt; Returns undefined when the authorization header is present but its value is nullish." time="0.000133">
        </testcase>
        <testcase classname="test/auth/shared.test.ts" name="getBearerToken &gt; Extracts the raw token from a single matching header." time="0.0002546">
        </testcase>
        <testcase classname="test/auth/shared.test.ts" name="getBearerToken &gt; Is case-insensitive on the scheme name." time="0.0001228">
        </testcase>
        <testcase classname="test/auth/shared.test.ts" name="getBearerToken &gt; Finds the matching header among an array of header values." time="0.000092">
        </testcase>
        <testcase classname="test/auth/shared.test.ts" name="getBearerToken &gt; Skips a malformed header value (not exactly scheme + token)." time="0.0000648">
        </testcase>
        <testcase classname="test/auth/shared.test.ts" name="getBearerToken &gt; Skips a header whose scheme is not bearer." time="0.0000748">
        </testcase>
        <testcase classname="test/auth/shared.test.ts" name="getRequestData &gt; Uses the request body directly when it is an object." time="0.0002828">
        </testcase>
        <testcase classname="test/auth/shared.test.ts" name="getRequestData &gt; Parses a JSON string body." time="0.0001081">
        </testcase>
        <testcase classname="test/auth/shared.test.ts" name="getRequestData &gt; Falls back to form-data parsing when the body is a non-JSON string." time="0.0001341">
        </testcase>
        <testcase classname="test/auth/shared.test.ts" name="getRequestData &gt; URL-decodes form-data keys/values, preserving &apos;=&apos; inside a value (only the first &apos;=&apos; is a delimiter)." time="0.0001002">
        </testcase>
        <testcase classname="test/auth/shared.test.ts" name="getRequestData &gt; Decodes &apos;+&apos; as a space in form-data values." time="0.0000959">
        </testcase>
        <testcase classname="test/auth/shared.test.ts" name="getRequestData &gt; Falls back to the raw value (rather than throwing) for a malformed percent-escape in form-data." time="0.0006621">
        </testcase>
        <testcase classname="test/auth/shared.test.ts" name="getRequestData &gt; Falls back to colon parsing when the non-JSON string body has no &apos;&amp;&apos;." time="0.0001192">
        </testcase>
        <testcase classname="test/auth/shared.test.ts" name="getRequestData &gt; Returns an empty payload object for a non-JSON string body with neither &apos;&amp;&apos; nor &apos;:&apos;." time="0.000081">
        </testcase>
        <testcase classname="test/auth/shared.test.ts" name="getRequestData &gt; Reads from the header when there is no body." time="0.0001008">
        </testcase>
        <testcase classname="test/auth/shared.test.ts" name="getRequestData &gt; Finds the matching header among an array of header values." time="0.0001232">
        </testcase>
        <testcase classname="test/auth/shared.test.ts" name="getRequestData &gt; Skips a malformed header value." time="0.0000708">
        </testcase>
        <testcase classname="test/auth/shared.test.ts" name="getRequestData &gt; Finds no data when the header key is present but its value is nullish." time="0.0000666">
        </testcase>
        <testcase classname="test/auth/shared.test.ts" name="getRequestData &gt; Treats a form-data key with no &apos;=value&apos; part as undefined." time="0.0000907">
        </testcase>
        <testcase classname="test/auth/shared.test.ts" name="getRequestData &gt; Skips a header whose scheme does not match." time="0.0000759">
        </testcase>
        <testcase classname="test/auth/shared.test.ts" name="getRequestData &gt; Skips the header search entirely when headerKey is an empty string." time="0.0000717">
        </testcase>
        <testcase classname="test/auth/shared.test.ts" name="getRequestData &gt; Compiles and caches the scheme regex on first use of a not-yet-seen headerScheme." time="0.0001027">
        </testcase>
        <testcase classname="test/auth/shared.test.ts" name="isOTPResponse &gt; Returns true when both id and token are present." time="0.0001235">
        </testcase>
        <testcase classname="test/auth/shared.test.ts" name="isOTPResponse &gt; Returns false when token is missing." time="0.0000667">
        </testcase>
        <testcase classname="test/auth/shared.test.ts" name="isPasskeyResponse &gt; Returns true for a well-formed assertion response." time="0.0001005">
        </testcase>
        <testcase classname="test/auth/shared.test.ts" name="isPasskeyResponse &gt; Returns false when id is not a string." time="0.0000629">
        </testcase>
        <testcase classname="test/auth/shared.test.ts" name="isPasskeyResponse &gt; Returns false when clientDataJSON is missing." time="0.0000568">
        </testcase>
        <testcase classname="test/auth/shared.test.ts" name="isPasskeyResponse &gt; Returns false when authenticatorData is missing." time="0.0000627">
        </testcase>
        <testcase classname="test/auth/shared.test.ts" name="isPasskeyResponse &gt; Returns false when signature is missing." time="0.0000546">
        </testcase>
        <testcase classname="test/auth/shared.test.ts" name="isPasskeyRegistrationResponse &gt; Returns true for a well-formed registration response." time="0.0000911">
        </testcase>
        <testcase classname="test/auth/shared.test.ts" name="isPasskeyRegistrationResponse &gt; Returns false when the response is nullish." time="0.0000567">
        </testcase>
        <testcase classname="test/auth/shared.test.ts" name="isPasskeyRegistrationResponse &gt; Returns false when id is not a string." time="0.0000514">
        </testcase>
        <testcase classname="test/auth/shared.test.ts" name="isPasskeyRegistrationResponse &gt; Returns false when clientDataJSON is missing." time="0.0000474">
        </testcase>
        <testcase classname="test/auth/shared.test.ts" name="isPasskeyRegistrationResponse &gt; Returns false when attestationObject is missing." time="0.0000474">
        </testcase>
        <testcase classname="test/auth/shared.test.ts" name="obfuscateContact &gt; Obfuscates an email address." time="0.0001114">
        </testcase>
        <testcase classname="test/auth/shared.test.ts" name="obfuscateContact &gt; Obfuscates a phone number." time="0.0000978">
        </testcase>
        <testcase classname="test/auth/shared.test.ts" name="obfuscateContact &gt; Returns the contact unchanged for an unrecognized type." time="0.0000534">
        </testcase>
        <testcase classname="test/auth/shared.test.ts" name="OTP helpers &gt; generateOTP &gt; Throws if req.session is missing." time="0.0008609">
        </testcase>
        <testcase classname="test/auth/shared.test.ts" name="OTP helpers &gt; generateOTP &gt; Derives requestData from the request itself when not provided." time="0.0020234">
        </testcase>
        <testcase classname="test/auth/shared.test.ts" name="OTP helpers &gt; generateOTP &gt; Stores the generated secret/token/id in the session." time="0.0006632">
        </testcase>
        <testcase classname="test/auth/shared.test.ts" name="OTP helpers &gt; verifyOTP &gt; Throws if req.session is missing." time="0.0002828">
        </testcase>
        <testcase classname="test/auth/shared.test.ts" name="OTP helpers &gt; verifyOTP &gt; Derives payload from the request itself when not provided." time="0.0006396">
        </testcase>
        <testcase classname="test/auth/shared.test.ts" name="OTP helpers &gt; verifyOTP &gt; Throws when the payload is not a valid OTP response shape." time="0.000174">
        </testcase>
        <testcase classname="test/auth/shared.test.ts" name="OTP helpers &gt; verifyOTP &gt; Throws when the session id does not match the payload id." time="0.0001592">
        </testcase>
        <testcase classname="test/auth/shared.test.ts" name="OTP helpers &gt; verifyOTP &gt; Returns true for a valid token." time="0.0003805">
        </testcase>
        <testcase classname="test/auth/shared.test.ts" name="OTP helpers &gt; verifyOTP &gt; Returns false for an invalid token." time="0.0002528">
        </testcase>
        <testcase classname="test/auth/shared.test.ts" name="OTP helpers &gt; verifyOTP &gt; Clears the session id/secret/token after a successful verification." time="0.0003062">
        </testcase>
        <testcase classname="test/auth/shared.test.ts" name="OTP helpers &gt; verifyOTP &gt; Clears the session id/secret/token even when verification fails." time="0.0002527">
        </testcase>
        <testcase classname="test/auth/shared.test.ts" name="OTP helpers &gt; verifyOTP &gt; Rejects replaying the same valid token a second time (single-use)." time="0.0004077">
        </testcase>
        <testcase classname="test/auth/shared.test.ts" name="Passkey helpers &gt; generatePasskeyChallenge &gt; Throws if req.session is missing." time="0.0002313">
        </testcase>
        <testcase classname="test/auth/shared.test.ts" name="Passkey helpers &gt; generatePasskeyChallenge &gt; Stores the returned challenge in the session." time="0.0002973">
        </testcase>
        <testcase classname="test/auth/shared.test.ts" name="Passkey helpers &gt; verifyPasskeyChallenge &gt; Throws when the stored counter is not finite." time="0.0003488">
        </testcase>
        <testcase classname="test/auth/shared.test.ts" name="Passkey helpers &gt; verifyPasskeyChallenge &gt; Delegates to verifyAuthenticationResponse with the expected shape." time="0.0007655">
        </testcase>
        <testcase classname="test/auth/shared.test.ts" name="Passkey helpers &gt; generatePasskeyRegistrationOptions &gt; Throws if req.session is missing." time="0.0002281">
        </testcase>
        <testcase classname="test/auth/shared.test.ts" name="Passkey helpers &gt; generatePasskeyRegistrationOptions &gt; Stores the returned challenge in the session." time="0.000159">
        </testcase>
        <testcase classname="test/auth/shared.test.ts" name="Passkey helpers &gt; verifyPasskeyRegistrationResponse &gt; Delegates to verifyRegistrationResponse with the expected shape." time="0.0002765">
        </testcase>
        <testcase classname="test/auth/shared.test.ts" name="TOTP helpers &gt; generateTOTP &gt; Throws if req.session is missing." time="0.0002025">
        </testcase>
        <testcase classname="test/auth/shared.test.ts" name="TOTP helpers &gt; generateTOTP &gt; Derives requestData from the request itself when not provided." time="0.000251">
        </testcase>
        <testcase classname="test/auth/shared.test.ts" name="TOTP helpers &gt; generateTOTP &gt; Stores the generated secret/token/id in the session." time="0.0002144">
        </testcase>
        <testcase classname="test/auth/shared.test.ts" name="TOTP helpers &gt; verifyTOTP &gt; Returns the verification result for a single valid secret." time="0.0003527">
        </testcase>
        <testcase classname="test/auth/shared.test.ts" name="TOTP helpers &gt; verifyTOTP &gt; Checks each secret in an array until one is valid." time="0.000349">
        </testcase>
        <testcase classname="test/auth/shared.test.ts" name="TOTP helpers &gt; verifyTOTP &gt; Returns undefined when no secret validates the token." time="0.0001991">
        </testcase>
        <testcase classname="test/auth/shared.test.ts" name="TOTP helpers &gt; verifyTOTP &gt; Returns the matched secret&apos;s uid alongside the verification result." time="0.0002251">
        </testcase>
        <testcase classname="test/auth/shared.test.ts" name="TOTP helpers &gt; verifyTOTP &gt; Rejects a token whose time step is at or before the secret&apos;s lastTimeStep (replay protection)." time="0.0003165">
        </testcase>
        <testcase classname="test/auth/shared.test.ts" name="TOTP helpers &gt; verifyTOTP &gt; Still accepts a token generated at a time step after lastTimeStep." time="0.0002932">
        </testcase>
        <testcase classname="test/auth/shared.test.ts" name="TOTP helpers &gt; verifyTOTP &gt; Fails cleanly (rather than throwing) for a malformed token, e.g. wrong length or non-numeric." time="0.0003554">
        </testcase>
        <testcase classname="test/auth/shared.test.ts" name="TOTP helpers &gt; verifyTOTP &gt; Validates token length against the secret&apos;s own digits override, not the otplib default." time="0.0005292">
        </testcase>
        <testcase classname="test/auth/shared.test.ts" name="TOTP helpers &gt; verifyTOTP &gt; Decrypts an encrypted secret before verifying, given the matching encryption key." time="0.0006288">
        </testcase>
        <testcase classname="test/auth/shared.test.ts" name="TOTP helpers &gt; verifyTOTP &gt; Still verifies a plaintext secret unchanged even when an encryption key is configured." time="0.0002058">
        </testcase>
        <testcase classname="test/auth/shared.test.ts" name="TOTP helpers &gt; verifyTOTP &gt; Does not throw (treats as a non-match) when a single candidate is encrypted but no encryption key is provided." time="0.0002206">
        </testcase>
        <testcase classname="test/auth/shared.test.ts" name="TOTP helpers &gt; verifyTOTP &gt; Falls through to a later candidate when an earlier one can&apos;t be decrypted under the current key." time="0.0002975">
        </testcase>
        <testcase classname="test/auth/shared.test.ts" name="TOTP helpers &gt; verifyTOTP &gt; Falls through to a later candidate when an earlier one was encrypted under a different key." time="0.0003187">
        </testcase>
        <testcase classname="test/auth/shared.test.ts" name="TOTP helpers &gt; isValidTOTPSecret &gt; Returns false for a non-string value." time="0.0000986">
        </testcase>
        <testcase classname="test/auth/shared.test.ts" name="TOTP helpers &gt; isValidTOTPSecret &gt; Returns false for an empty string." time="0.0000576">
        </testcase>
        <testcase classname="test/auth/shared.test.ts" name="TOTP helpers &gt; isValidTOTPSecret &gt; Returns false for a string that isn&apos;t valid Base32." time="0.0001108">
        </testcase>
        <testcase classname="test/auth/shared.test.ts" name="TOTP helpers &gt; isValidTOTPSecret &gt; Returns false for a Base32 string decoding to fewer than 128 bits." time="0.0000851">
        </testcase>
        <testcase classname="test/auth/shared.test.ts" name="TOTP helpers &gt; isValidTOTPSecret &gt; Returns true for a Base32 string decoding to at least 128 bits." time="0.0000922">
        </testcase>
        <testcase classname="test/auth/shared.test.ts" name="TOTP helpers &gt; generateTOTPURI &gt; Uses the issuer config defaults when the secret has no per-secret overrides." time="0.000297">
        </testcase>
        <testcase classname="test/auth/shared.test.ts" name="TOTP helpers &gt; generateTOTPURI &gt; Prefers the secret&apos;s own algorithm/digits/period over the issuer config&apos;s." time="0.0001729">
        </testcase>
        <testcase classname="test/auth/shared.test.ts" name="verifyDummyPassword &gt; Resolves without throwing regardless of the input, since the hash is never a real credential." time="0.0642487">
        </testcase>
        <testcase classname="test/auth/shared.test.ts" name="verifyDummyPassword &gt; DUMMY_ARGON2_HASH is a real, valid Argon2id hash (not a placeholder string)." time="0.0306624">
        </testcase>
        <testcase classname="test/auth/shared.test.ts" name="verifyDummyTOTP &gt; Resolves without throwing regardless of the input, since the secret is never a real credential." time="0.0004721">
        </testcase>
        <testcase classname="test/auth/shared.test.ts" name="verifyDummyTOTP &gt; DUMMY_TOTP_SECRET is a real, valid Base32 TOTP secret (not a placeholder string)." time="0.0001414">
        </testcase>
        <testcase classname="test/auth/shared.test.ts" name="encryptTOTPSecret / decryptTOTPSecret &gt; encryptTOTPSecret &gt; Returns the secret unchanged (plaintext passthrough) when no key is given." time="0.000148">
        </testcase>
        <testcase classname="test/auth/shared.test.ts" name="encryptTOTPSecret / decryptTOTPSecret &gt; encryptTOTPSecret &gt; Returns an `enc:v1:`-prefixed value distinct from the plaintext when a key is given." time="0.000433">
        </testcase>
        <testcase classname="test/auth/shared.test.ts" name="encryptTOTPSecret / decryptTOTPSecret &gt; encryptTOTPSecret &gt; Produces a different ciphertext each call (fresh random IV), even for the same secret/key." time="0.0003618">
        </testcase>
        <testcase classname="test/auth/shared.test.ts" name="encryptTOTPSecret / decryptTOTPSecret &gt; encryptTOTPSecret &gt; Throws an ApiError when the key is not a valid 64-character hex string." time="0.0002998">
        </testcase>
        <testcase classname="test/auth/shared.test.ts" name="encryptTOTPSecret / decryptTOTPSecret &gt; decryptTOTPSecret &gt; Returns the value unchanged when it lacks the `enc:v1:` prefix (legacy plaintext passthrough)." time="0.0001594">
        </testcase>
        <testcase classname="test/auth/shared.test.ts" name="encryptTOTPSecret / decryptTOTPSecret &gt; decryptTOTPSecret &gt; Round-trips: decrypting an encrypted secret with the same key recovers the original plaintext." time="0.000188">
        </testcase>
        <testcase classname="test/auth/shared.test.ts" name="encryptTOTPSecret / decryptTOTPSecret &gt; decryptTOTPSecret &gt; Throws an ApiError when the value is encrypted but no key is provided." time="0.0001903">
        </testcase>
        <testcase classname="test/auth/shared.test.ts" name="encryptTOTPSecret / decryptTOTPSecret &gt; decryptTOTPSecret &gt; Throws an ApiError when the key is not a valid 64-character hex string." time="0.000171">
        </testcase>
        <testcase classname="test/auth/shared.test.ts" name="encryptTOTPSecret / decryptTOTPSecret &gt; decryptTOTPSecret &gt; Throws when decrypting with the wrong key (auth tag mismatch, not silently wrong plaintext)." time="0.0001836">
        </testcase>
        <testcase classname="test/auth/shared.test.ts" name="generatePassword &gt; Generates a password of length max(min_length, recommended_length) by default." time="0.0003541">
        </testcase>
        <testcase classname="test/auth/shared.test.ts" name="generatePassword &gt; Satisfies every default requirement (lowercase, uppercase, numeral, special)." time="0.000228">
        </testcase>
        <testcase classname="test/auth/shared.test.ts" name="generatePassword &gt; Uses recommended_length when it is larger than min_length." time="0.0001305">
        </testcase>
        <testcase classname="test/auth/shared.test.ts" name="generatePassword &gt; Falls back to min_length when it is larger than recommended_length." time="0.0001001">
        </testcase>
        <testcase classname="test/auth/shared.test.ts" name="generatePassword &gt; Draws only from the numeral pool when it is the only required category." time="0.000115">
        </testcase>
        <testcase classname="test/auth/shared.test.ts" name="generatePassword &gt; Falls back to the lowercase pool when no character category is required." time="0.0001134">
        </testcase>
        <testcase classname="test/auth/shared.test.ts" name="generatePassword &gt; Only draws from the configured special_chars set when it is the only required category." time="0.0000983">
        </testcase>
        <testcase classname="test/auth/shared.test.ts" name="generatePassword &gt; Generates distinct passwords across calls." time="0.0001236">
        </testcase>
        <testcase classname="test/auth/shared.test.ts" name="Library imports &gt; importArgon2 throws a helpful error when argon2 cannot be imported." time="0.0149582">
        </testcase>
        <testcase classname="test/auth/shared.test.ts" name="Library imports &gt; importOTPLib throws a helpful error when otplib cannot be imported." time="0.0158586">
        </testcase>
        <testcase classname="test/auth/shared.test.ts" name="Library imports &gt; importSimpleWebAuthn throws a helpful error when @simplewebauthn/server cannot be imported." time="0.0136297">
        </testcase>
    </testsuite>
    <testsuite name="test/auth/SigningKeyUtils.test.ts" timestamp="2026-09-08T21:55:05.717Z" hostname="Jane" tests="15" failures="0" errors="0" skipped="0" time="0.2667942">
        <testcase classname="test/auth/SigningKeyUtils.test.ts" name="SigningKeyUtils Tests &gt; getActiveSigningKey() generates and persists a new key when none exists." time="0.0175729">
        </testcase>
        <testcase classname="test/auth/SigningKeyUtils.test.ts" name="SigningKeyUtils Tests &gt; getActiveSigningKey() returns the existing active key without generating a new one." time="0.0501691">
        </testcase>
        <testcase classname="test/auth/SigningKeyUtils.test.ts" name="SigningKeyUtils Tests &gt; getActiveSigningKey() throws a clear error when no encryption key is configured." time="0.0195219">
        </testcase>
        <testcase classname="test/auth/SigningKeyUtils.test.ts" name="SigningKeyUtils Tests &gt; getActiveSigningKey() throws a clear error when the configured encryption key has the wrong length." time="0.0171642">
        </testcase>
        <testcase classname="test/auth/SigningKeyUtils.test.ts" name="SigningKeyUtils Tests &gt; rotateKey() retires the previously active key and generates a new active one." time="0.0543885">
        </testcase>
        <testcase classname="test/auth/SigningKeyUtils.test.ts" name="SigningKeyUtils Tests &gt; getPublicJwks() includes the active key and excludes a retired key past its grace period." time="0.012835">
        </testcase>
        <testcase classname="test/auth/SigningKeyUtils.test.ts" name="SigningKeyUtils Tests &gt; getPublicJwks() falls back to a 7 day retirement grace period by default." time="0.0325923">
        </testcase>
        <testcase classname="test/auth/SigningKeyUtils.test.ts" name="SigningKeyUtils Tests &gt; getJwksCacheMaxAgeSeconds() returns half of the configured rotation interval, in seconds." time="0.0002353">
        </testcase>
        <testcase classname="test/auth/SigningKeyUtils.test.ts" name="SigningKeyUtils Tests &gt; getJwksCacheMaxAgeSeconds() falls back to a 30 day rotation interval by default." time="0.0001579">
        </testcase>
        <testcase classname="test/auth/SigningKeyUtils.test.ts" name="SigningKeyUtils Tests &gt; getSigningMaterial() decrypts the active key&apos;s private material by default." time="0.0340057">
        </testcase>
        <testcase classname="test/auth/SigningKeyUtils.test.ts" name="SigningKeyUtils Tests &gt; getSigningMaterial() decrypts the private material for a specific kid." time="0.0258059">
        </testcase>
        <testcase classname="test/auth/SigningKeyUtils.test.ts" name="SigningKeyUtils Tests &gt; getSigningMaterial() throws when no key exists for the given kid." time="0.0002715">
        </testcase>
        <testcase classname="test/auth/SigningKeyUtils.test.ts" name="SigningKeyUtils Tests &gt; getSigningMaterial() throws when no active key exists and none was requested by kid." time="0.0003664">
        </testcase>
        <testcase classname="test/auth/SigningKeyUtils.test.ts" name="SigningKeyUtils Tests &gt; Propagates the error when RSA key pair generation fails." time="0.0002583">
        </testcase>
        <testcase classname="test/auth/SigningKeyUtils.test.ts" name="SigningKeyUtils Tests &gt; getSigningMaterial() throws when the stored private material uses an unrecognized format." time="0.0001934">
        </testcase>
    </testsuite>
    <testsuite name="test/auth/TokenUtils.test.ts" timestamp="2026-09-08T21:55:05.719Z" hostname="Jane" tests="39" failures="0" errors="0" skipped="0" time="0.0216275">
        <testcase classname="test/auth/TokenUtils.test.ts" name="TokenUtils Tests &gt; createAccessToken &gt; Returns a signed JWT that encodes the given user and scopes." time="0.0043714">
        </testcase>
        <testcase classname="test/auth/TokenUtils.test.ts" name="TokenUtils Tests &gt; createAccessToken &gt; Strips trusted roles from a non-elevated token." time="0.0005225">
        </testcase>
        <testcase classname="test/auth/TokenUtils.test.ts" name="TokenUtils Tests &gt; createAccessToken &gt; Keeps trusted roles and stamps an elevated timestamp on an elevated token." time="0.0006364">
        </testcase>
        <testcase classname="test/auth/TokenUtils.test.ts" name="TokenUtils Tests &gt; createAccessToken &gt; Signs an elevated token with the configured elevated expiresIn." time="0.000525">
        </testcase>
        <testcase classname="test/auth/TokenUtils.test.ts" name="TokenUtils Tests &gt; createAccessToken &gt; Does not throw when issuing an elevated token and no expiresIn is configured anywhere." time="0.0006473">
        </testcase>
        <testcase classname="test/auth/TokenUtils.test.ts" name="TokenUtils Tests &gt; createAccessToken &gt; Falls back to the default (non-elevated) expiresIn when auth:elevated:expiresIn is unset." time="0.0004986">
        </testcase>
        <testcase classname="test/auth/TokenUtils.test.ts" name="TokenUtils Tests &gt; createRefreshToken &gt; Returns a signed JWT carrying its own uid and the owning user&apos;s uid." time="0.0005482">
        </testcase>
        <testcase classname="test/auth/TokenUtils.test.ts" name="TokenUtils Tests &gt; createRefreshToken &gt; Encodes only the bare uid in the refresh token&apos;s profile, not the full user object." time="0.0003288">
        </testcase>
        <testcase classname="test/auth/TokenUtils.test.ts" name="TokenUtils Tests &gt; createRefreshToken &gt; Signs the token with the configured refresh expiresIn." time="0.0003105">
        </testcase>
        <testcase classname="test/auth/TokenUtils.test.ts" name="TokenUtils Tests &gt; createRefreshToken &gt; Falls back to a 14-day expiration when auth:refresh:expiresIn is unset." time="0.0003735">
        </testcase>
        <testcase classname="test/auth/TokenUtils.test.ts" name="TokenUtils Tests &gt; createRefreshToken &gt; Falls back to a 14-day expiration when auth:refresh itself is entirely unset." time="0.0002935">
        </testcase>
        <testcase classname="test/auth/TokenUtils.test.ts" name="TokenUtils Tests &gt; createRefreshToken &gt; Stores the refresh token&apos;s uid on the session when a session is present." time="0.0002787">
        </testcase>
        <testcase classname="test/auth/TokenUtils.test.ts" name="TokenUtils Tests &gt; createRefreshToken &gt; Does not throw when no request (and therefore no session) is provided." time="0.0002022">
        </testcase>
        <testcase classname="test/auth/TokenUtils.test.ts" name="TokenUtils Tests &gt; createRefreshToken &gt; Does not touch a request that has no session." time="0.0002893">
        </testcase>
        <testcase classname="test/auth/TokenUtils.test.ts" name="TokenUtils Tests &gt; createAuthResult &gt; Returns both a signed access token and a signed refresh token for the given user." time="0.0012844">
            <system-err>
Failed to send telemetry event. Error: EventUtils has not been initialized. Did you call EventUtils.init()?

            </system-err>
        </testcase>
        <testcase classname="test/auth/TokenUtils.test.ts" name="TokenUtils Tests &gt; createAuthResult &gt; Does not mutate the caller&apos;s user object." time="0.0006676">
            <system-err>
Failed to send telemetry event. Error: EventUtils has not been initialized. Did you call EventUtils.init()?

            </system-err>
        </testcase>
        <testcase classname="test/auth/TokenUtils.test.ts" name="TokenUtils Tests &gt; createAuthResult &gt; Does not mutate the caller&apos;s user object when issuing an elevated token either." time="0.0005227">
            <system-err>
Failed to send telemetry event. Error: EventUtils has not been initialized. Did you call EventUtils.init()?

            </system-err>
        </testcase>
        <testcase classname="test/auth/TokenUtils.test.ts" name="TokenUtils Tests &gt; createAuthResult &gt; Does not set any cookie when no response is provided." time="0.0004532">
            <system-err>
Failed to send telemetry event. Error: EventUtils has not been initialized. Did you call EventUtils.init()?

            </system-err>
        </testcase>
        <testcase classname="test/auth/TokenUtils.test.ts" name="TokenUtils Tests &gt; createAuthResult &gt; Does not set a cookie when cookie issuance is disabled (the default)." time="0.0008346">
            <system-err>
Failed to send telemetry event. Error: EventUtils has not been initialized. Did you call EventUtils.init()?

            </system-err>
        </testcase>
        <testcase classname="test/auth/TokenUtils.test.ts" name="TokenUtils Tests &gt; createAuthResult &gt; Sets two independent `Set-Cookie` headers (access and refresh) via appendHeader when cookie issuance is enabled." time="0.000912">
            <system-err>
Failed to send telemetry event. Error: EventUtils has not been initialized. Did you call EventUtils.init()?

            </system-err>
        </testcase>
        <testcase classname="test/auth/TokenUtils.test.ts" name="TokenUtils Tests &gt; createAuthResult &gt; Honors custom cookie names for the access and refresh cookies independently." time="0.0003948">
            <system-err>
Failed to send telemetry event. Error: EventUtils has not been initialized. Did you call EventUtils.init()?

            </system-err>
        </testcase>
        <testcase classname="test/auth/TokenUtils.test.ts" name="TokenUtils Tests &gt; createAuthResult &gt; Records IP, lastAccess, lastLogin and userUid on the session when a session is present." time="0.0004647">
            <system-err>
Failed to send telemetry event. Error: EventUtils has not been initialized. Did you call EventUtils.init()?

            </system-err>
        </testcase>
        <testcase classname="test/auth/TokenUtils.test.ts" name="TokenUtils Tests &gt; createAuthResult &gt; Also rotates the session&apos;s refreshUid, matching the newly-issued refresh token." time="0.0004903">
            <system-err>
Failed to send telemetry event. Error: EventUtils has not been initialized. Did you call EventUtils.init()?

            </system-err>
        </testcase>
        <testcase classname="test/auth/TokenUtils.test.ts" name="TokenUtils Tests &gt; createAuthResult &gt; Does not throw when no request is provided." time="0.0004677">
            <system-err>
Failed to send telemetry event. Error: EventUtils has not been initialized. Did you call EventUtils.init()?

            </system-err>
        </testcase>
        <testcase classname="test/auth/TokenUtils.test.ts" name="TokenUtils Tests &gt; createAuthResult &gt; Records an auth.session.created event, including the caller&apos;s source IP and request path." time="0.0009345">
        </testcase>
        <testcase classname="test/auth/TokenUtils.test.ts" name="TokenUtils Tests &gt; createAuthResult &gt; Records the event with undefined ip/path when no request is provided." time="0.0008845">
        </testcase>
        <testcase classname="test/auth/TokenUtils.test.ts" name="TokenUtils Tests &gt; createAuthResult &gt; Does not reject when EventUtils.record() itself rejects." time="0.0003552">
        </testcase>
        <testcase classname="test/auth/TokenUtils.test.ts" name="TokenUtils Tests &gt; createAuthResult &gt; impersonation &gt; Returns an empty refresh token instead of a signed one." time="0.0001544">
        </testcase>
        <testcase classname="test/auth/TokenUtils.test.ts" name="TokenUtils Tests &gt; createAuthResult &gt; impersonation &gt; Sets only the access cookie, not a refresh cookie, when cookie issuance is enabled." time="0.0003169">
        </testcase>
        <testcase classname="test/auth/TokenUtils.test.ts" name="TokenUtils Tests &gt; createAuthResult &gt; impersonation &gt; Does not touch the session, even though one is present." time="0.0001806">
        </testcase>
        <testcase classname="test/auth/TokenUtils.test.ts" name="TokenUtils Tests &gt; createAuthResult &gt; impersonation &gt; Does not record a SESSION_CREATED event." time="0.0001684">
        </testcase>
        <testcase classname="test/auth/TokenUtils.test.ts" name="TokenUtils Tests &gt; clearToken &gt; Does nothing when no response is provided." time="0.0004136">
        </testcase>
        <testcase classname="test/auth/TokenUtils.test.ts" name="TokenUtils Tests &gt; clearToken &gt; Does nothing when cookie issuance is disabled (the default)." time="0.0001158">
        </testcase>
        <testcase classname="test/auth/TokenUtils.test.ts" name="TokenUtils Tests &gt; clearToken &gt; Clears both the access and refresh cookies via two independent appendHeader calls." time="0.0001691">
        </testcase>
        <testcase classname="test/auth/TokenUtils.test.ts" name="TokenUtils Tests &gt; clearToken &gt; Honors a custom cookie name and path when clearing." time="0.000115">
        </testcase>
        <testcase classname="test/auth/TokenUtils.test.ts" name="TokenUtils Tests &gt; buildCookie &gt; Falls back to all-default cookie attributes when only a name is configured." time="0.0000642">
        </testcase>
        <testcase classname="test/auth/TokenUtils.test.ts" name="TokenUtils Tests &gt; buildCookie &gt; Omits HttpOnly when explicitly disabled." time="0.000055">
        </testcase>
        <testcase classname="test/auth/TokenUtils.test.ts" name="TokenUtils Tests &gt; buildCookie &gt; Omits Secure when explicitly disabled (e.g. local/non-HTTPS development)." time="0.0000515">
        </testcase>
        <testcase classname="test/auth/TokenUtils.test.ts" name="TokenUtils Tests &gt; buildCookie &gt; Falls back to the &apos;jwt&apos; cookie name when none is configured." time="0.0000461">
        </testcase>
    </testsuite>
    <testsuite name="test/auth/TOTPStrategy.test.ts" timestamp="2026-09-08T21:55:05.724Z" hostname="Jane" tests="14" failures="0" errors="0" skipped="0" time="0.012382">
        <testcase classname="test/auth/TOTPStrategy.test.ts" name="TOTPStrategy Tests &gt; Uses default options when none are provided to the constructor." time="0.002828">
        </testcase>
        <testcase classname="test/auth/TOTPStrategy.test.ts" name="TOTPStrategy Tests &gt; authenticateSync throws &apos;Not supported&apos;." time="0.0003588">
        </testcase>
        <testcase classname="test/auth/TOTPStrategy.test.ts" name="TOTPStrategy Tests &gt; Authenticates with a valid TOTP token." time="0.0028423">
        </testcase>
        <testcase classname="test/auth/TOTPStrategy.test.ts" name="TOTPStrategy Tests &gt; Authenticates when at least one of multiple secrets is valid." time="0.0007222">
        </testcase>
        <testcase classname="test/auth/TOTPStrategy.test.ts" name="TOTPStrategy Tests &gt; Throws when the user id does not resolve and auth is required." time="0.0004798">
        </testcase>
        <testcase classname="test/auth/TOTPStrategy.test.ts" name="TOTPStrategy Tests &gt; Returns undefined when the user id does not resolve and auth is not required." time="0.0002901">
        </testcase>
        <testcase classname="test/auth/TOTPStrategy.test.ts" name="TOTPStrategy Tests &gt; Throws when the user has no registered secrets." time="0.0003306">
        </testcase>
        <testcase classname="test/auth/TOTPStrategy.test.ts" name="TOTPStrategy Tests &gt; Throws when the TOTP token is invalid for all registered secrets." time="0.0004857">
        </testcase>
        <testcase classname="test/auth/TOTPStrategy.test.ts" name="TOTPStrategy Tests &gt; Invokes checkRateLimit with the claimed identifier before resolving the user." time="0.0007255">
        </testcase>
        <testcase classname="test/auth/TOTPStrategy.test.ts" name="TOTPStrategy Tests &gt; Invokes checkRateLimit even when the claimed id does not resolve to a real user (no enumeration bypass)." time="0.0008268">
        </testcase>
        <testcase classname="test/auth/TOTPStrategy.test.ts" name="TOTPStrategy Tests &gt; Aborts before resolving the user when checkRateLimit throws." time="0.000424">
        </testcase>
        <testcase classname="test/auth/TOTPStrategy.test.ts" name="TOTPStrategy Tests &gt; Does not invoke checkRateLimit when the request has no id." time="0.0003971">
        </testcase>
        <testcase classname="test/auth/TOTPStrategy.test.ts" name="TOTPStrategy Tests &gt; Default TOTPStrategyOptions &gt; getSecrets throws if the consumer forgot to override it." time="0.0002108">
        </testcase>
        <testcase classname="test/auth/TOTPStrategy.test.ts" name="TOTPStrategy Tests &gt; Default TOTPStrategyOptions &gt; getUser throws if the consumer forgot to override it." time="0.000211">
        </testcase>
    </testsuite>
    <testsuite name="test/jobs/DefaultAccounts.test.ts" timestamp="2026-09-08T21:55:05.725Z" hostname="Jane" tests="37" failures="0" errors="0" skipped="0" time="0.2312734">
        <testcase classname="test/jobs/DefaultAccounts.test.ts" name="DefaultAccounts Tests &gt; init &gt; Throws when objectFactory is not set." time="0.0019543">
        </testcase>
        <testcase classname="test/jobs/DefaultAccounts.test.ts" name="DefaultAccounts Tests &gt; init &gt; Creates alias/profile/secret/user repos via the object factory when unset." time="0.0018583">
        </testcase>
        <testcase classname="test/jobs/DefaultAccounts.test.ts" name="DefaultAccounts Tests &gt; init &gt; Does not recreate repos that are already set." time="0.0004135">
        </testcase>
        <testcase classname="test/jobs/DefaultAccounts.test.ts" name="DefaultAccounts Tests &gt; init &gt; Skips the stale password file cleanup when no passwordFile is configured." time="0.0003884">
        </testcase>
        <testcase classname="test/jobs/DefaultAccounts.test.ts" name="DefaultAccounts Tests &gt; schedule &gt; Always returns undefined (single-execution startup job)." time="0.0001691">
        </testcase>
        <testcase classname="test/jobs/DefaultAccounts.test.ts" name="DefaultAccounts Tests &gt; run &gt; Does nothing." time="0.0001228">
        </testcase>
        <testcase classname="test/jobs/DefaultAccounts.test.ts" name="DefaultAccounts Tests &gt; stop &gt; Does nothing." time="0.0001302">
        </testcase>
        <testcase classname="test/jobs/DefaultAccounts.test.ts" name="DefaultAccounts Tests &gt; start &gt; roles &gt; Applies trustedRoles to an account with no roles configured." time="0.0014867">
        </testcase>
        <testcase classname="test/jobs/DefaultAccounts.test.ts" name="DefaultAccounts Tests &gt; start &gt; roles &gt; Preserves an explicitly empty roles array instead of applying trustedRoles." time="0.0004315">
        </testcase>
        <testcase classname="test/jobs/DefaultAccounts.test.ts" name="DefaultAccounts Tests &gt; start &gt; roles &gt; Preserves explicitly configured roles." time="0.0002623">
        </testcase>
        <testcase classname="test/jobs/DefaultAccounts.test.ts" name="DefaultAccounts Tests &gt; start &gt; user creation/lookup &gt; Creates a new user granting full owner ACL when no alias exists for the account name." time="0.0003955">
        </testcase>
        <testcase classname="test/jobs/DefaultAccounts.test.ts" name="DefaultAccounts Tests &gt; start &gt; user creation/lookup &gt; Looks up an existing alias for the account name before deciding whether to create a user." time="0.0002798">
        </testcase>
        <testcase classname="test/jobs/DefaultAccounts.test.ts" name="DefaultAccounts Tests &gt; start &gt; user creation/lookup &gt; Reuses the existing user found via alias lookup instead of creating a new one." time="0.0003489">
        </testcase>
        <testcase classname="test/jobs/DefaultAccounts.test.ts" name="DefaultAccounts Tests &gt; start &gt; user creation/lookup &gt; Re-syncs roles and verified for an already-provisioned account on every run, not just on creation." time="0.0003442">
        </testcase>
        <testcase classname="test/jobs/DefaultAccounts.test.ts" name="DefaultAccounts Tests &gt; start &gt; user creation/lookup &gt; Creates a new user when an alias exists but its referenced user does not." time="0.0002339">
        </testcase>
        <testcase classname="test/jobs/DefaultAccounts.test.ts" name="DefaultAccounts Tests &gt; start &gt; user creation/lookup &gt; Treats a nullish alias lookup result as no existing alias and creates a new user." time="0.000257">
        </testcase>
        <testcase classname="test/jobs/DefaultAccounts.test.ts" name="DefaultAccounts Tests &gt; start &gt; profile sync &gt; Skips contact merging and the profile update when profile creation yields no profile." time="0.000237">
        </testcase>
        <testcase classname="test/jobs/DefaultAccounts.test.ts" name="DefaultAccounts Tests &gt; start &gt; profile sync &gt; Creates a profile with a default given name when the user has none yet." time="0.0002461">
        </testcase>
        <testcase classname="test/jobs/DefaultAccounts.test.ts" name="DefaultAccounts Tests &gt; start &gt; profile sync &gt; Does not create a profile when one already exists." time="0.0001892">
        </testcase>
        <testcase classname="test/jobs/DefaultAccounts.test.ts" name="DefaultAccounts Tests &gt; start &gt; profile sync &gt; Adds a new (lowercased) email contact to the profile when missing." time="0.0002276">
        </testcase>
        <testcase classname="test/jobs/DefaultAccounts.test.ts" name="DefaultAccounts Tests &gt; start &gt; profile sync &gt; Does not duplicate an existing email contact." time="0.0002083">
        </testcase>
        <testcase classname="test/jobs/DefaultAccounts.test.ts" name="DefaultAccounts Tests &gt; start &gt; profile sync &gt; Adds a new phone contact to the profile when missing." time="0.0002135">
        </testcase>
        <testcase classname="test/jobs/DefaultAccounts.test.ts" name="DefaultAccounts Tests &gt; start &gt; profile sync &gt; Does not duplicate an existing phone contact." time="0.0002209">
        </testcase>
        <testcase classname="test/jobs/DefaultAccounts.test.ts" name="DefaultAccounts Tests &gt; start &gt; alias sync &gt; Creates a missing name alias, trimmed and lowercased." time="0.0002859">
        </testcase>
        <testcase classname="test/jobs/DefaultAccounts.test.ts" name="DefaultAccounts Tests &gt; start &gt; alias sync &gt; Does not create a name alias when account.name is falsy." time="0.0003073">
        </testcase>
        <testcase classname="test/jobs/DefaultAccounts.test.ts" name="DefaultAccounts Tests &gt; start &gt; alias sync &gt; Skips creating a name alias when one already exists." time="0.0002889">
        </testcase>
        <testcase classname="test/jobs/DefaultAccounts.test.ts" name="DefaultAccounts Tests &gt; start &gt; alias sync &gt; Creates a missing email alias, trimmed and lowercased, when an email is configured." time="0.0002645">
        </testcase>
        <testcase classname="test/jobs/DefaultAccounts.test.ts" name="DefaultAccounts Tests &gt; start &gt; alias sync &gt; Skips creating an email alias when one already exists." time="0.0003229">
        </testcase>
        <testcase classname="test/jobs/DefaultAccounts.test.ts" name="DefaultAccounts Tests &gt; start &gt; alias sync &gt; Creates a missing phone alias, trimmed, when a phone is configured." time="0.0002429">
        </testcase>
        <testcase classname="test/jobs/DefaultAccounts.test.ts" name="DefaultAccounts Tests &gt; start &gt; alias sync &gt; Skips creating a phone alias when one already exists." time="0.0002891">
        </testcase>
        <testcase classname="test/jobs/DefaultAccounts.test.ts" name="DefaultAccounts Tests &gt; start &gt; password secret &gt; Does not touch secrets when a password secret already exists." time="0.0002219">
        </testcase>
        <testcase classname="test/jobs/DefaultAccounts.test.ts" name="DefaultAccounts Tests &gt; start &gt; password secret &gt; Creates a hashed password secret using the configured password when none exists yet." time="0.0593501">
        </testcase>
        <testcase classname="test/jobs/DefaultAccounts.test.ts" name="DefaultAccounts Tests &gt; start &gt; password secret &gt; Randomly generates a password satisfying the password config when none is configured, and logs it." time="0.0605046">
        </testcase>
        <testcase classname="test/jobs/DefaultAccounts.test.ts" name="DefaultAccounts Tests &gt; start &gt; password secret &gt; Writes the generated account information to default file once a password secret is created." time="0.0322936">
        </testcase>
        <testcase classname="test/jobs/DefaultAccounts.test.ts" name="DefaultAccounts Tests &gt; start &gt; password secret &gt; Writes the generated account information to custom file once a password secret is created." time="0.0324764">
        </testcase>
        <testcase classname="test/jobs/DefaultAccounts.test.ts" name="DefaultAccounts Tests &gt; start &gt; password secret &gt; Logs the generated account information when no passwordFile is set once a password secret is created." time="0.0316301">
        </testcase>
        <testcase classname="test/jobs/DefaultAccounts.test.ts" name="DefaultAccounts Tests &gt; start &gt; Processes every configured account." time="0.0005307">
        </testcase>
    </testsuite>
    <testsuite name="test/routes/BaseAccountRoute.test.ts" timestamp="2026-09-08T21:55:05.728Z" hostname="Jane" tests="28" failures="0" errors="0" skipped="0" time="0.0114892">
        <testcase classname="test/routes/BaseAccountRoute.test.ts" name="BaseAccountRoute Tests &gt; initialize &gt; Throws when objectFactory is not set." time="0.0017896">
        </testcase>
        <testcase classname="test/routes/BaseAccountRoute.test.ts" name="BaseAccountRoute Tests &gt; initialize &gt; Creates alias/profile/secret/user repos via the object factory when unset." time="0.0017366">
        </testcase>
        <testcase classname="test/routes/BaseAccountRoute.test.ts" name="BaseAccountRoute Tests &gt; initialize &gt; Does not recreate repos that are already set." time="0.0003695">
        </testcase>
        <testcase classname="test/routes/BaseAccountRoute.test.ts" name="BaseAccountRoute Tests &gt; resolveOwnedUid &gt; Resolves the &apos;me&apos; keyword to the caller&apos;s own uid." time="0.0001609">
        </testcase>
        <testcase classname="test/routes/BaseAccountRoute.test.ts" name="BaseAccountRoute Tests &gt; resolveOwnedUid &gt; Returns the id unchanged when it already matches the caller&apos;s own uid." time="0.0001598">
        </testcase>
        <testcase classname="test/routes/BaseAccountRoute.test.ts" name="BaseAccountRoute Tests &gt; resolveOwnedUid &gt; Throws AUTH_PERMISSION_FAILURE when a non-trusted caller targets another user&apos;s uid." time="0.0002902">
        </testcase>
        <testcase classname="test/routes/BaseAccountRoute.test.ts" name="BaseAccountRoute Tests &gt; resolveOwnedUid &gt; Allows a trusted (admin) caller to target another user&apos;s uid." time="0.0000922">
        </testcase>
        <testcase classname="test/routes/BaseAccountRoute.test.ts" name="BaseAccountRoute Tests &gt; resolveOwnedUid &gt; Resolves &apos;me&apos; to the caller&apos;s own uid even for a trusted caller (not treated as a literal target)." time="0.0000893">
        </testcase>
        <testcase classname="test/routes/BaseAccountRoute.test.ts" name="BaseAccountRoute Tests &gt; cleanSecretData &gt; Strips the data property from every secret when given an array." time="0.0001729">
        </testcase>
        <testcase classname="test/routes/BaseAccountRoute.test.ts" name="BaseAccountRoute Tests &gt; cleanSecretData &gt; Strips the data property when given a single secret." time="0.0001275">
        </testcase>
        <testcase classname="test/routes/BaseAccountRoute.test.ts" name="BaseAccountRoute Tests &gt; get &gt; Throws AUTH_PERMISSION_FAILURE when a non-trusted caller requests another user&apos;s account." time="0.0002387">
        </testcase>
        <testcase classname="test/routes/BaseAccountRoute.test.ts" name="BaseAccountRoute Tests &gt; get &gt; Throws AUTH_PERMISSION_FAILURE when the target user does not exist." time="0.0002161">
        </testcase>
        <testcase classname="test/routes/BaseAccountRoute.test.ts" name="BaseAccountRoute Tests &gt; get &gt; Resolves &apos;me&apos; to the caller&apos;s own uid and returns the aggregated account data." time="0.0004757">
        </testcase>
        <testcase classname="test/routes/BaseAccountRoute.test.ts" name="BaseAccountRoute Tests &gt; get &gt; Allows a trusted (admin) caller to retrieve another user&apos;s account data." time="0.0001775">
        </testcase>
        <testcase classname="test/routes/BaseAccountRoute.test.ts" name="BaseAccountRoute Tests &gt; get &gt; Defaults aliases/secrets to empty arrays and profile to undefined when their repos are unset." time="0.0001159">
        </testcase>
        <testcase classname="test/routes/BaseAccountRoute.test.ts" name="BaseAccountRoute Tests &gt; delete &gt; Throws AUTH_PERMISSION_FAILURE when a non-trusted caller deletes another user&apos;s account." time="0.0002161">
        </testcase>
        <testcase classname="test/routes/BaseAccountRoute.test.ts" name="BaseAccountRoute Tests &gt; delete &gt; Throws AUTH_PERMISSION_FAILURE when the target user does not exist." time="0.0001877">
        </testcase>
        <testcase classname="test/routes/BaseAccountRoute.test.ts" name="BaseAccountRoute Tests &gt; delete &gt; Deletes all associated account data (aliases, secrets, profile, user) for the caller&apos;s own account." time="0.0009325">
            <system-err>
Failed to send telemetry event. Error: EventUtils has not been initialized. Did you call EventUtils.init()?

            </system-err>
        </testcase>
        <testcase classname="test/routes/BaseAccountRoute.test.ts" name="BaseAccountRoute Tests &gt; delete &gt; Allows a trusted (admin) caller to delete another user&apos;s account data." time="0.0002864">
            <system-err>
Failed to send telemetry event. Error: EventUtils has not been initialized. Did you call EventUtils.init()?

            </system-err>
        </testcase>
        <testcase classname="test/routes/BaseAccountRoute.test.ts" name="BaseAccountRoute Tests &gt; delete &gt; Does not throw when aliasRepo/secretRepo/profileRepo are unset (optional chaining no-ops)." time="0.0003608">
            <system-err>
Failed to send telemetry event. Error: EventUtils has not been initialized. Did you call EventUtils.init()?

            </system-err>
        </testcase>
        <testcase classname="test/routes/BaseAccountRoute.test.ts" name="BaseAccountRoute Tests &gt; delete &gt; Records an auth.account.deleted event with the deleting caller&apos;s uid and source IP." time="0.0004882">
        </testcase>
        <testcase classname="test/routes/BaseAccountRoute.test.ts" name="BaseAccountRoute Tests &gt; delete &gt; Does not throw when EventUtils.record() itself rejects." time="0.0002778">
        </testcase>
        <testcase classname="test/routes/BaseAccountRoute.test.ts" name="BaseAccountRoute Tests &gt; revokeSessions &gt; Throws AUTH_PERMISSION_FAILURE when a non-trusted caller targets another user&apos;s account." time="0.0002058">
        </testcase>
        <testcase classname="test/routes/BaseAccountRoute.test.ts" name="BaseAccountRoute Tests &gt; revokeSessions &gt; Throws AUTH_PERMISSION_FAILURE when the target user does not exist." time="0.0001746">
        </testcase>
        <testcase classname="test/routes/BaseAccountRoute.test.ts" name="BaseAccountRoute Tests &gt; revokeSessions &gt; Sets sessionsRevokedAt to the current time on the caller&apos;s own account." time="0.0003995">
            <system-err>
Failed to send telemetry event. Error: EventUtils has not been initialized. Did you call EventUtils.init()?

            </system-err>
        </testcase>
        <testcase classname="test/routes/BaseAccountRoute.test.ts" name="BaseAccountRoute Tests &gt; revokeSessions &gt; Allows a trusted (admin) caller to revoke another user&apos;s sessions." time="0.0002153">
            <system-err>
Failed to send telemetry event. Error: EventUtils has not been initialized. Did you call EventUtils.init()?

            </system-err>
        </testcase>
        <testcase classname="test/routes/BaseAccountRoute.test.ts" name="BaseAccountRoute Tests &gt; revokeSessions &gt; Records an auth.sessions.revoked event with the revoking caller&apos;s uid and source IP." time="0.0001858">
        </testcase>
        <testcase classname="test/routes/BaseAccountRoute.test.ts" name="BaseAccountRoute Tests &gt; revokeSessions &gt; Does not throw when EventUtils.record() itself rejects." time="0.0002407">
        </testcase>
    </testsuite>
    <testsuite name="test/routes/BaseAliasRoute.test.ts" timestamp="2026-09-08T21:55:05.731Z" hostname="Jane" tests="51" failures="0" errors="0" skipped="0" time="0.0396273">
        <testcase classname="test/routes/BaseAliasRoute.test.ts" name="BaseAliasRoute Tests &gt; init &gt; Does nothing when objectFactory is not set." time="0.0011383">
        </testcase>
        <testcase classname="test/routes/BaseAliasRoute.test.ts" name="BaseAliasRoute Tests &gt; init &gt; Does not recreate profileRepo if init() runs again." time="0.0006287">
        </testcase>
        <testcase classname="test/routes/BaseAliasRoute.test.ts" name="BaseAliasRoute Tests &gt; init &gt; Creates profileRepo using the object factory." time="0.0002797">
        </testcase>
        <testcase classname="test/routes/BaseAliasRoute.test.ts" name="BaseAliasRoute Tests &gt; validateCreate &gt; Delegates to CRUDRoute.validateCreate() for schema validation." time="0.0012747">
        </testcase>
        <testcase classname="test/routes/BaseAliasRoute.test.ts" name="BaseAliasRoute Tests &gt; validateCreate &gt; Defaults obj.userUid to the authenticated caller&apos;s uid when unset." time="0.0002016">
        </testcase>
        <testcase classname="test/routes/BaseAliasRoute.test.ts" name="BaseAliasRoute Tests &gt; validateCreate &gt; Allows a caller to explicitly create an alias for their own uid." time="0.0004748">
        </testcase>
        <testcase classname="test/routes/BaseAliasRoute.test.ts" name="BaseAliasRoute Tests &gt; validateCreate &gt; Rejects creating an alias for another user&apos;s uid without a trusted role." time="0.0007567">
        </testcase>
        <testcase classname="test/routes/BaseAliasRoute.test.ts" name="BaseAliasRoute Tests &gt; validateCreate &gt; Allows a trusted (admin) caller to create an alias for another user&apos;s uid." time="0.0001911">
        </testcase>
        <testcase classname="test/routes/BaseAliasRoute.test.ts" name="BaseAliasRoute Tests &gt; validateCreate &gt; Checks the target account&apos;s own Profile (not the admin caller&apos;s) when a trusted role creates an alias for someone else." time="0.0009701">
        </testcase>
        <testcase classname="test/routes/BaseAliasRoute.test.ts" name="BaseAliasRoute Tests &gt; validateCreate &gt; Rejects a type the switch doesn&apos;t recognize, including the internal-only &apos;oauth&apos; type, rather than leaving a client-supplied `verified` untouched." time="0.0002761">
        </testcase>
        <testcase classname="test/routes/BaseAliasRoute.test.ts" name="BaseAliasRoute Tests &gt; validateCreate &gt; Does enforce ownership when there is no authenticated user (unauthenticated create)." time="0.0002278">
        </testcase>
        <testcase classname="test/routes/BaseAliasRoute.test.ts" name="BaseAliasRoute Tests &gt; validateCreate &gt; verified:true ownership check (email/phone) &gt; Leaves verified:true intact when the caller&apos;s Profile lists the contact as verified." time="0.0003728">
        </testcase>
        <testcase classname="test/routes/BaseAliasRoute.test.ts" name="BaseAliasRoute Tests &gt; validateCreate &gt; verified:true ownership check (email/phone) &gt; Downgrades verified:true to false when the caller has no matching verified Profile contact." time="0.0001647">
        </testcase>
        <testcase classname="test/routes/BaseAliasRoute.test.ts" name="BaseAliasRoute Tests &gt; validateCreate &gt; verified:true ownership check (email/phone) &gt; Downgrades verified:true to false when the Profile has the contact but only unverified." time="0.0001993">
        </testcase>
        <testcase classname="test/routes/BaseAliasRoute.test.ts" name="BaseAliasRoute Tests &gt; validateCreate &gt; verified:true ownership check (email/phone) &gt; Leaves verified:true intact for a phone alias when the caller&apos;s Profile lists it as verified." time="0.000169">
        </testcase>
        <testcase classname="test/routes/BaseAliasRoute.test.ts" name="BaseAliasRoute Tests &gt; validateCreate &gt; verified:true ownership check (email/phone) &gt; Downgrades verified:true to false when profileRepo is unavailable." time="0.0001067">
        </testcase>
        <testcase classname="test/routes/BaseAliasRoute.test.ts" name="BaseAliasRoute Tests &gt; validateCreate &gt; verified:true ownership check (email/phone) &gt; Does not apply to name-type aliases (handled by the separate uniqueness check)." time="0.0031382">
        </testcase>
        <testcase classname="test/routes/BaseAliasRoute.test.ts" name="BaseAliasRoute Tests &gt; validateCreate &gt; uniqueness check (all types) &gt; Throws IDENTIFIER_EXISTS when a name alias with the same value already exists and is verified." time="0.0004166">
        </testcase>
        <testcase classname="test/routes/BaseAliasRoute.test.ts" name="BaseAliasRoute Tests &gt; validateCreate &gt; uniqueness check (all types) &gt; Marks a new, unique name alias as verified." time="0.0021916">
        </testcase>
        <testcase classname="test/routes/BaseAliasRoute.test.ts" name="BaseAliasRoute Tests &gt; validateCreate &gt; uniqueness check (all types) &gt; Throws IDENTIFIER_EXISTS when an email alias with the same value already exists and is verified." time="0.0003982">
        </testcase>
        <testcase classname="test/routes/BaseAliasRoute.test.ts" name="BaseAliasRoute Tests &gt; validateCreate &gt; uniqueness check (all types) &gt; Throws IDENTIFIER_EXISTS when a phone alias with the same value already exists and is verified." time="0.0002044">
        </testcase>
        <testcase classname="test/routes/BaseAliasRoute.test.ts" name="BaseAliasRoute Tests &gt; validateCreate &gt; uniqueness check (all types) &gt; Displaces a stale unverified email alias claim for the same value instead of throwing." time="0.0002298">
        </testcase>
        <testcase classname="test/routes/BaseAliasRoute.test.ts" name="BaseAliasRoute Tests &gt; validateCreate &gt; uniqueness check (all types) &gt; Proceeds to the verified-contact check when no colliding alias exists." time="0.0001291">
        </testcase>
        <testcase classname="test/routes/BaseAliasRoute.test.ts" name="BaseAliasRoute Tests &gt; validateCreate &gt; name format restriction (anti-squatting) &gt; Rejects a name alias that looks like an e-mail address." time="0.000706">
        </testcase>
        <testcase classname="test/routes/BaseAliasRoute.test.ts" name="BaseAliasRoute Tests &gt; validateCreate &gt; name format restriction (anti-squatting) &gt; Rejects a name alias that looks like a phone number." time="0.0002683">
        </testcase>
        <testcase classname="test/routes/BaseAliasRoute.test.ts" name="BaseAliasRoute Tests &gt; validateCreate &gt; name format restriction (anti-squatting) &gt; Rejects a name alias containing characters outside the allowed charset." time="0.0002036">
        </testcase>
        <testcase classname="test/routes/BaseAliasRoute.test.ts" name="BaseAliasRoute Tests &gt; validateCreate &gt; name format restriction (anti-squatting) &gt; Allows a name alias that doesn&apos;t resemble an e-mail address or phone number." time="0.0002258">
        </testcase>
        <testcase classname="test/routes/BaseAliasRoute.test.ts" name="BaseAliasRoute Tests &gt; validateCreate &gt; name format restriction (anti-squatting) &gt; Skips the format check when alias is not a string, but still marks it verified." time="0.0001516">
        </testcase>
        <testcase classname="test/routes/BaseAliasRoute.test.ts" name="BaseAliasRoute Tests &gt; find &gt; Throws INTERNAL_ERROR when repoUtils is not set." time="0.0002283">
        </testcase>
        <testcase classname="test/routes/BaseAliasRoute.test.ts" name="BaseAliasRoute Tests &gt; create &gt; Sends a verification code for an unverified alias created." time="0.0002693">
        </testcase>
        <testcase classname="test/routes/BaseAliasRoute.test.ts" name="BaseAliasRoute Tests &gt; create &gt; Does not send a verification code for an alias that&apos;s already verified." time="0.0001416">
        </testcase>
        <testcase classname="test/routes/BaseAliasRoute.test.ts" name="BaseAliasRoute Tests &gt; create &gt; Handles an array of created aliases, sending codes only for the unverified ones." time="0.000201">
        </testcase>
        <testcase classname="test/routes/BaseAliasRoute.test.ts" name="BaseAliasRoute Tests &gt; delete &gt; Delegates to CRUDRoute.delete() with the same arguments." time="0.0001872">
        </testcase>
        <testcase classname="test/routes/BaseAliasRoute.test.ts" name="BaseAliasRoute Tests &gt; requestVerificationCode &gt; Looks up the alias (scoped to the caller via ACL) and sends a verification code for it." time="0.0002283">
        </testcase>
        <testcase classname="test/routes/BaseAliasRoute.test.ts" name="BaseAliasRoute Tests &gt; requestVerificationCode &gt; Is a no-op when the alias does not exist (or the caller isn&apos;t permitted to see it)." time="0.0001502">
        </testcase>
        <testcase classname="test/routes/BaseAliasRoute.test.ts" name="BaseAliasRoute Tests &gt; sendVerificationCode &gt; Does nothing for an already-verified alias." time="0.0001653">
        </testcase>
        <testcase classname="test/routes/BaseAliasRoute.test.ts" name="BaseAliasRoute Tests &gt; sendVerificationCode &gt; Rate-limits by the alias value and sends an e-mail for an unverified e-mail alias." time="0.0156887">
        </testcase>
        <testcase classname="test/routes/BaseAliasRoute.test.ts" name="BaseAliasRoute Tests &gt; sendVerificationCode &gt; Sends an SMS for an unverified phone alias." time="0.0004985">
        </testcase>
        <testcase classname="test/routes/BaseAliasRoute.test.ts" name="BaseAliasRoute Tests &gt; sendVerificationCode &gt; Sends nothing for a name-type alias (not OTP-eligible)." time="0.0003433">
        </testcase>
        <testcase classname="test/routes/BaseAliasRoute.test.ts" name="BaseAliasRoute Tests &gt; sendVerificationCode &gt; Does not throw when sendSMS rejects (failure is logged, not propagated)." time="0.0006551">
        </testcase>
        <testcase classname="test/routes/BaseAliasRoute.test.ts" name="BaseAliasRoute Tests &gt; sendVerificationCode &gt; Does not log the verification code to debug in production." time="0.0003793">
        </testcase>
        <testcase classname="test/routes/BaseAliasRoute.test.ts" name="BaseAliasRoute Tests &gt; update / updateBulk / updateProperty &gt; update() always throws NOT_FOUND." time="0.00024">
        </testcase>
        <testcase classname="test/routes/BaseAliasRoute.test.ts" name="BaseAliasRoute Tests &gt; update / updateBulk / updateProperty &gt; updateBulk() always throws NOT_FOUND." time="0.0001966">
        </testcase>
        <testcase classname="test/routes/BaseAliasRoute.test.ts" name="BaseAliasRoute Tests &gt; update / updateBulk / updateProperty &gt; updateProperty() always throws NOT_FOUND." time="0.000174">
        </testcase>
        <testcase classname="test/routes/BaseAliasRoute.test.ts" name="BaseAliasRoute Tests &gt; verifyContact &gt; Throws INTERNAL_ERROR when repoUtils is not set." time="0.0002081">
        </testcase>
        <testcase classname="test/routes/BaseAliasRoute.test.ts" name="BaseAliasRoute Tests &gt; verifyContact &gt; Throws NOT_FOUND when the alias does not exist." time="0.0001646">
        </testcase>
        <testcase classname="test/routes/BaseAliasRoute.test.ts" name="BaseAliasRoute Tests &gt; verifyContact &gt; Rate-limits by the alias value before verifying the code." time="0.0008612">
        </testcase>
        <testcase classname="test/routes/BaseAliasRoute.test.ts" name="BaseAliasRoute Tests &gt; verifyContact &gt; Propagates the rate limiter&apos;s error and does not attempt verification." time="0.0003324">
        </testcase>
        <testcase classname="test/routes/BaseAliasRoute.test.ts" name="BaseAliasRoute Tests &gt; verifyContact &gt; Throws 400 on a wrong code and leaves the alias unverified." time="0.0005008">
        </testcase>
        <testcase classname="test/routes/BaseAliasRoute.test.ts" name="BaseAliasRoute Tests &gt; verifyContact &gt; Throws 400 (not a raw error) when verifyOTP itself throws for a malformed request." time="0.0002163">
        </testcase>
        <testcase classname="test/routes/BaseAliasRoute.test.ts" name="BaseAliasRoute Tests &gt; verifyContact &gt; Flips verified to true on a correct code." time="0.0005172">
        </testcase>
    </testsuite>
    <testsuite name="test/routes/BaseAuthBasicRoute.test.ts" timestamp="2026-09-08T21:55:05.736Z" hostname="Jane" tests="14" failures="0" errors="0" skipped="0" time="0.3844457">
        <testcase classname="test/routes/BaseAuthBasicRoute.test.ts" name="BaseAuthBasicRoute Tests &gt; Throws during initialize() if authMiddleware was not injected." time="0.0019016">
        </testcase>
        <testcase classname="test/routes/BaseAuthBasicRoute.test.ts" name="BaseAuthBasicRoute Tests &gt; Throws during initialize() if objectFactory was not injected." time="0.0002224">
        </testcase>
        <testcase classname="test/routes/BaseAuthBasicRoute.test.ts" name="BaseAuthBasicRoute Tests &gt; Does not recreate secretRepo/userUtils if initialize() runs again." time="0.0003688">
        </testcase>
        <testcase classname="test/routes/BaseAuthBasicRoute.test.ts" name="BaseAuthBasicRoute Tests &gt; Registers a BasicStrategy under its name once initialized." time="0.0012195">
        </testcase>
        <testcase classname="test/routes/BaseAuthBasicRoute.test.ts" name="BaseAuthBasicRoute Tests &gt; options.verify closure &gt; Throws if secretRepo is not set when verify() runs." time="0.0004225">
        </testcase>
        <testcase classname="test/routes/BaseAuthBasicRoute.test.ts" name="BaseAuthBasicRoute Tests &gt; options.verify closure &gt; Throws if userUtils is not set when verify() runs." time="0.0002165">
        </testcase>
        <testcase classname="test/routes/BaseAuthBasicRoute.test.ts" name="BaseAuthBasicRoute Tests &gt; options.verify closure &gt; Throws when the user cannot be found." time="0.0321483">
        </testcase>
        <testcase classname="test/routes/BaseAuthBasicRoute.test.ts" name="BaseAuthBasicRoute Tests &gt; options.verify closure &gt; Performs a dummy Argon2 verification when the user cannot be found, to equalize response timing." time="0.0279144">
        </testcase>
        <testcase classname="test/routes/BaseAuthBasicRoute.test.ts" name="BaseAuthBasicRoute Tests &gt; options.verify closure &gt; Performs a dummy Argon2 verification when the user has no password secret, to equalize response timing." time="0.029015">
        </testcase>
        <testcase classname="test/routes/BaseAuthBasicRoute.test.ts" name="BaseAuthBasicRoute Tests &gt; options.verify closure &gt; Throws when the account requires MFA, even before checking any stored password." time="0.028823">
        </testcase>
        <testcase classname="test/routes/BaseAuthBasicRoute.test.ts" name="BaseAuthBasicRoute Tests &gt; options.verify closure &gt; Performs a dummy Argon2 verification when the account requires MFA, to equalize response timing and error message with other rejection paths." time="0.0282473">
        </testcase>
        <testcase classname="test/routes/BaseAuthBasicRoute.test.ts" name="BaseAuthBasicRoute Tests &gt; options.verify closure &gt; Allows login to proceed to password verification when requireMFA is false." time="0.0568343">
        </testcase>
        <testcase classname="test/routes/BaseAuthBasicRoute.test.ts" name="BaseAuthBasicRoute Tests &gt; options.verify closure &gt; Throws when none of the user&apos;s stored passwords match." time="0.0579799">
        </testcase>
        <testcase classname="test/routes/BaseAuthBasicRoute.test.ts" name="BaseAuthBasicRoute Tests &gt; options.verify closure &gt; Resolves the user when at least one stored password matches." time="0.1179819">
        </testcase>
    </testsuite>
    <testsuite name="test/routes/BaseAuthDiscoverRoute.test.ts" timestamp="2026-09-08T21:55:05.738Z" hostname="Jane" tests="15" failures="0" errors="0" skipped="0" time="0.0075581">
        <testcase classname="test/routes/BaseAuthDiscoverRoute.test.ts" name="BaseAuthDiscoverRoute Tests &gt; initialize &gt; Throws if objectFactory was not injected." time="0.0019705">
        </testcase>
        <testcase classname="test/routes/BaseAuthDiscoverRoute.test.ts" name="BaseAuthDiscoverRoute Tests &gt; initialize &gt; Creates aliasRepo, secretRepo, and userUtils using the object factory." time="0.000757">
        </testcase>
        <testcase classname="test/routes/BaseAuthDiscoverRoute.test.ts" name="BaseAuthDiscoverRoute Tests &gt; initialize &gt; Does not recreate repos/utils if initialize() runs again." time="0.0002353">
        </testcase>
        <testcase classname="test/routes/BaseAuthDiscoverRoute.test.ts" name="BaseAuthDiscoverRoute Tests &gt; discover &gt; Treats every secret type as absent when secretRepo is unavailable." time="0.0005698">
        </testcase>
        <testcase classname="test/routes/BaseAuthDiscoverRoute.test.ts" name="BaseAuthDiscoverRoute Tests &gt; discover &gt; Treats verified aliases as empty when aliasRepo is unavailable." time="0.000214">
        </testcase>
        <testcase classname="test/routes/BaseAuthDiscoverRoute.test.ts" name="BaseAuthDiscoverRoute Tests &gt; discover &gt; Returns the equalized empty result immediately when no id is given." time="0.0001292">
        </testcase>
        <testcase classname="test/routes/BaseAuthDiscoverRoute.test.ts" name="BaseAuthDiscoverRoute Tests &gt; discover &gt; Rate-limits by the claimed identifier before doing any lookup." time="0.0005456">
        </testcase>
        <testcase classname="test/routes/BaseAuthDiscoverRoute.test.ts" name="BaseAuthDiscoverRoute Tests &gt; discover &gt; Propagates a rate-limit rejection (429) rather than swallowing it into the equalized result." time="0.0002372">
        </testcase>
        <testcase classname="test/routes/BaseAuthDiscoverRoute.test.ts" name="BaseAuthDiscoverRoute Tests &gt; discover &gt; Returns the equalized empty result when the identifier does not resolve to a user." time="0.0001474">
        </testcase>
        <testcase classname="test/routes/BaseAuthDiscoverRoute.test.ts" name="BaseAuthDiscoverRoute Tests &gt; discover &gt; Returns the equalized empty result if an internal error occurs after resolving the user." time="0.0002168">
        </testcase>
        <testcase classname="test/routes/BaseAuthDiscoverRoute.test.ts" name="BaseAuthDiscoverRoute Tests &gt; discover &gt; Reports true for each secret type the user has at least one secret of." time="0.0002291">
        </testcase>
        <testcase classname="test/routes/BaseAuthDiscoverRoute.test.ts" name="BaseAuthDiscoverRoute Tests &gt; discover &gt; Scopes secret/alias queries to the resolved user&apos;s own uid." time="0.0003998">
        </testcase>
        <testcase classname="test/routes/BaseAuthDiscoverRoute.test.ts" name="BaseAuthDiscoverRoute Tests &gt; discover &gt; Returns obfuscated email/phone hints (no uid, no real value) for verified OTP-eligible aliases." time="0.0005913">
        </testcase>
        <testcase classname="test/routes/BaseAuthDiscoverRoute.test.ts" name="BaseAuthDiscoverRoute Tests &gt; discover &gt; Excludes non email/phone aliases (e.g. name/oauth) from the OTP hint list." time="0.0001391">
        </testcase>
        <testcase classname="test/routes/BaseAuthDiscoverRoute.test.ts" name="BaseAuthDiscoverRoute Tests &gt; convertAliasType &gt; Throws for an unsupported alias type (e.g. name/oauth are not OTP-eligible)." time="0.0001161">
        </testcase>
    </testsuite>
    <testsuite name="test/routes/BaseAuthElevationRoute.test.ts" timestamp="2026-09-08T21:55:05.739Z" hostname="Jane" tests="90" failures="0" errors="0" skipped="0" time="0.2487281">
        <testcase classname="test/routes/BaseAuthElevationRoute.test.ts" name="BaseAuthElevationRoute Tests &gt; initialize &gt; Throws if objectFactory was not injected." time="0.0018905">
        </testcase>
        <testcase classname="test/routes/BaseAuthElevationRoute.test.ts" name="BaseAuthElevationRoute Tests &gt; initialize &gt; Does not recreate repos/utils if initialize() runs again." time="0.0004919">
        </testcase>
        <testcase classname="test/routes/BaseAuthElevationRoute.test.ts" name="BaseAuthElevationRoute Tests &gt; listMethods &gt; Delegates to getMethods() scoped to the authenticated caller&apos;s own uid." time="0.0010824">
        </testcase>
        <testcase classname="test/routes/BaseAuthElevationRoute.test.ts" name="BaseAuthElevationRoute Tests &gt; elevate (dispatch) &gt; Throws INTERNAL_ERROR when tokenUtils is not set." time="0.0004829">
        </testcase>
        <testcase classname="test/routes/BaseAuthElevationRoute.test.ts" name="BaseAuthElevationRoute Tests &gt; elevate (dispatch) &gt; Throws when req.session is missing (session support required)." time="0.0002812">
        </testcase>
        <testcase classname="test/routes/BaseAuthElevationRoute.test.ts" name="BaseAuthElevationRoute Tests &gt; elevate (dispatch) &gt; Rate limits keyed on the authenticated caller&apos;s own uid, never anything client-supplied." time="0.0006806">
        </testcase>
        <testcase classname="test/routes/BaseAuthElevationRoute.test.ts" name="BaseAuthElevationRoute Tests &gt; elevate (dispatch) &gt; Ignores a client-supplied `id` in the body, forcing the authenticated caller&apos;s own uid." time="0.0003418">
        </testcase>
        <testcase classname="test/routes/BaseAuthElevationRoute.test.ts" name="BaseAuthElevationRoute Tests &gt; elevate (dispatch) &gt; Routes a `methodId` payload to beginChallenge() and returns its result directly, without minting a token." time="0.0003195">
        </testcase>
        <testcase classname="test/routes/BaseAuthElevationRoute.test.ts" name="BaseAuthElevationRoute Tests &gt; elevate (dispatch) &gt; Routes an OTP-shaped payload (token, no session mfaMethodId) to verifyOTPChallenge." time="0.0011623">
            <system-err>
Failed to send telemetry event. Error: EventUtils has not been initialized. Did you call EventUtils.init()?

            </system-err>
        </testcase>
        <testcase classname="test/routes/BaseAuthElevationRoute.test.ts" name="BaseAuthElevationRoute Tests &gt; elevate (dispatch) &gt; Routes an OTP-shaped payload to verifyTOTPChallenge instead when session.mfaMethodId is set." time="0.0004369">
            <system-err>
Failed to send telemetry event. Error: EventUtils has not been initialized. Did you call EventUtils.init()?

            </system-err>
        </testcase>
        <testcase classname="test/routes/BaseAuthElevationRoute.test.ts" name="BaseAuthElevationRoute Tests &gt; elevate (dispatch) &gt; Routes a passkey-shaped payload to verifyFIDOChallenge." time="0.0003934">
            <system-err>
Failed to send telemetry event. Error: EventUtils has not been initialized. Did you call EventUtils.init()?

            </system-err>
        </testcase>
        <testcase classname="test/routes/BaseAuthElevationRoute.test.ts" name="BaseAuthElevationRoute Tests &gt; elevate (dispatch) &gt; Routes a `password` payload to verifyPasswordOnly." time="0.0003523">
            <system-err>
Failed to send telemetry event. Error: EventUtils has not been initialized. Did you call EventUtils.init()?

            </system-err>
        </testcase>
        <testcase classname="test/routes/BaseAuthElevationRoute.test.ts" name="BaseAuthElevationRoute Tests &gt; elevate (dispatch) &gt; Throws INVALID_REQUEST when the payload matches no known shape." time="0.0003145">
        </testcase>
        <testcase classname="test/routes/BaseAuthElevationRoute.test.ts" name="BaseAuthElevationRoute Tests &gt; elevate (dispatch) &gt; Throws AUTH_FAILED when verification resolves undefined (wrong password/code/assertion)." time="0.0003165">
        </testcase>
        <testcase classname="test/routes/BaseAuthElevationRoute.test.ts" name="BaseAuthElevationRoute Tests &gt; elevate (dispatch) &gt; Mints an elevated AuthResult (elevated: true) on successful verification." time="0.0003759">
            <system-err>
Failed to send telemetry event. Error: EventUtils has not been initialized. Did you call EventUtils.init()?

            </system-err>
        </testcase>
        <testcase classname="test/routes/BaseAuthElevationRoute.test.ts" name="BaseAuthElevationRoute Tests &gt; elevate (dispatch) &gt; Records an auth.elevated event with the method that satisfied the step-up and the caller&apos;s source IP." time="0.0002862">
        </testcase>
        <testcase classname="test/routes/BaseAuthElevationRoute.test.ts" name="BaseAuthElevationRoute Tests &gt; elevate (dispatch) &gt; Still resolves the AuthResult even when EventUtils.record() itself rejects." time="0.0003916">
        </testcase>
        <testcase classname="test/routes/BaseAuthElevationRoute.test.ts" name="BaseAuthElevationRoute Tests &gt; beginChallenge &gt; Throws INVALID_REQUEST when the method does not resolve (not found, or belongs to another user)." time="0.00029">
        </testcase>
        <testcase classname="test/routes/BaseAuthElevationRoute.test.ts" name="BaseAuthElevationRoute Tests &gt; beginChallenge &gt; Generates a FIDO2 challenge scoped to the selected credential and records session state." time="0.0011617">
        </testcase>
        <testcase classname="test/routes/BaseAuthElevationRoute.test.ts" name="BaseAuthElevationRoute Tests &gt; beginChallenge &gt; Sends an OTP notification and records session state, without a challenge in the response." time="0.0015467">
        </testcase>
        <testcase classname="test/routes/BaseAuthElevationRoute.test.ts" name="BaseAuthElevationRoute Tests &gt; beginChallenge &gt; Acknowledges a TOTP method selection without sending a notification, and records the method id." time="0.0002311">
        </testcase>
        <testcase classname="test/routes/BaseAuthElevationRoute.test.ts" name="BaseAuthElevationRoute Tests &gt; beginChallenge &gt; Throws INVALID_REQUEST for an unsupported method type." time="0.000274">
        </testcase>
        <testcase classname="test/routes/BaseAuthElevationRoute.test.ts" name="BaseAuthElevationRoute Tests &gt; beginChallenge &gt; Never writes to the shared session.userUid field used by the login/refresh flow." time="0.0001636">
        </testcase>
        <testcase classname="test/routes/BaseAuthElevationRoute.test.ts" name="BaseAuthElevationRoute Tests &gt; verifyOTPChallenge &gt; Resolves the user via the session-bound identity, and clears it after, on a valid token." time="0.0009306">
        </testcase>
        <testcase classname="test/routes/BaseAuthElevationRoute.test.ts" name="BaseAuthElevationRoute Tests &gt; verifyOTPChallenge &gt; Returns undefined and clears session state when the token is invalid." time="0.0004038">
        </testcase>
        <testcase classname="test/routes/BaseAuthElevationRoute.test.ts" name="BaseAuthElevationRoute Tests &gt; verifyOTPChallenge &gt; Does not touch the shared session.userUid field, even on a failed verification." time="0.0003359">
        </testcase>
        <testcase classname="test/routes/BaseAuthElevationRoute.test.ts" name="BaseAuthElevationRoute Tests &gt; verifyTOTPChallenge &gt; Verifies against the selected TOTP secret, persists the time step, and resolves the user." time="0.0008171">
        </testcase>
        <testcase classname="test/routes/BaseAuthElevationRoute.test.ts" name="BaseAuthElevationRoute Tests &gt; verifyTOTPChallenge &gt; Returns undefined when there is no session-bound challenge state (cold request)." time="0.0001063">
        </testcase>
        <testcase classname="test/routes/BaseAuthElevationRoute.test.ts" name="BaseAuthElevationRoute Tests &gt; verifyTOTPChallenge &gt; Returns undefined when the selected method is no longer a TOTP method." time="0.0001398">
        </testcase>
        <testcase classname="test/routes/BaseAuthElevationRoute.test.ts" name="BaseAuthElevationRoute Tests &gt; verifyTOTPChallenge &gt; Returns undefined when the token does not verify." time="0.0003375">
        </testcase>
        <testcase classname="test/routes/BaseAuthElevationRoute.test.ts" name="BaseAuthElevationRoute Tests &gt; verifyTOTPChallenge &gt; Does not touch the shared session.userUid field, even on a failed verification." time="0.0001464">
        </testcase>
        <testcase classname="test/routes/BaseAuthElevationRoute.test.ts" name="BaseAuthElevationRoute Tests &gt; verifyFIDOChallenge &gt; Verifies successfully, updates the counter, clears session state, and resolves the user." time="0.0004622">
        </testcase>
        <testcase classname="test/routes/BaseAuthElevationRoute.test.ts" name="BaseAuthElevationRoute Tests &gt; verifyFIDOChallenge &gt; Does not touch the shared session.userUid field, even on a failed verification." time="0.0001995">
        </testcase>
        <testcase classname="test/routes/BaseAuthElevationRoute.test.ts" name="BaseAuthElevationRoute Tests &gt; verifyFIDOChallenge &gt; Returns undefined when there is no session-bound challenge state (cold request)." time="0.0001007">
        </testcase>
        <testcase classname="test/routes/BaseAuthElevationRoute.test.ts" name="BaseAuthElevationRoute Tests &gt; verifyFIDOChallenge &gt; Returns undefined when the resolved credential does not match the one selected during the challenge." time="0.0001643">
        </testcase>
        <testcase classname="test/routes/BaseAuthElevationRoute.test.ts" name="BaseAuthElevationRoute Tests &gt; verifyFIDOChallenge &gt; Returns undefined when the resolved credential belongs to a different user (regression guard: never trust a client-supplied credential owner)." time="0.0001438">
        </testcase>
        <testcase classname="test/routes/BaseAuthElevationRoute.test.ts" name="BaseAuthElevationRoute Tests &gt; verifyFIDOChallenge &gt; Returns undefined on a regressed (cloned authenticator) counter." time="0.00022">
        </testcase>
        <testcase classname="test/routes/BaseAuthElevationRoute.test.ts" name="BaseAuthElevationRoute Tests &gt; verifyPasswordOnly &gt; Throws INVALID_REQUEST when the caller has a secondary method enrolled — password alone is not accepted." time="0.0003199">
        </testcase>
        <testcase classname="test/routes/BaseAuthElevationRoute.test.ts" name="BaseAuthElevationRoute Tests &gt; verifyPasswordOnly &gt; Delegates to verify() scoped to the caller&apos;s own uid when no secondary method is enrolled." time="0.0001781">
        </testcase>
        <testcase classname="test/routes/BaseAuthElevationRoute.test.ts" name="BaseAuthElevationRoute Tests &gt; verifyPasswordOnly &gt; Returns undefined (rather than propagating) when verify() throws on a wrong password." time="0.0001763">
        </testcase>
        <testcase classname="test/routes/BaseAuthElevationRoute.test.ts" name="BaseAuthElevationRoute Tests &gt; convertAliasToMethod &gt; Converts an EMAIL alias into an OTP method." time="0.0001776">
        </testcase>
        <testcase classname="test/routes/BaseAuthElevationRoute.test.ts" name="BaseAuthElevationRoute Tests &gt; convertAliasToMethod &gt; Returns undefined for an alias type that has no OTP equivalent." time="0.0000927">
        </testcase>
        <testcase classname="test/routes/BaseAuthElevationRoute.test.ts" name="BaseAuthElevationRoute Tests &gt; convertAliasToMethod &gt; Converts a PHONE alias into an OTP method." time="0.000115">
        </testcase>
        <testcase classname="test/routes/BaseAuthElevationRoute.test.ts" name="BaseAuthElevationRoute Tests &gt; convertAliasToMethod &gt; Obfuscates the contact for a PHONE alias when obfuscate is true." time="0.0002502">
        </testcase>
        <testcase classname="test/routes/BaseAuthElevationRoute.test.ts" name="BaseAuthElevationRoute Tests &gt; convertAliasToMethod &gt; Returns undefined for an unverified EMAIL alias, even though it would otherwise convert." time="0.0000965">
        </testcase>
        <testcase classname="test/routes/BaseAuthElevationRoute.test.ts" name="BaseAuthElevationRoute Tests &gt; convertAliasToMethod &gt; Returns undefined for an unverified PHONE alias, even though it would otherwise convert." time="0.0001269">
        </testcase>
        <testcase classname="test/routes/BaseAuthElevationRoute.test.ts" name="BaseAuthElevationRoute Tests &gt; convertSecretToMethod &gt; Converts a FIDO2 secret into a FIDO2 method." time="0.0001739">
        </testcase>
        <testcase classname="test/routes/BaseAuthElevationRoute.test.ts" name="BaseAuthElevationRoute Tests &gt; convertSecretToMethod &gt; Converts a TOTP secret into a TOTP method." time="0.0001089">
        </testcase>
        <testcase classname="test/routes/BaseAuthElevationRoute.test.ts" name="BaseAuthElevationRoute Tests &gt; convertSecretToMethod &gt; Returns undefined for a secret type that has no elevation equivalent." time="0.0000945">
        </testcase>
        <testcase classname="test/routes/BaseAuthElevationRoute.test.ts" name="BaseAuthElevationRoute Tests &gt; getCredentialById &gt; Throws if secretRepo is not set." time="0.0002242">
        </testcase>
        <testcase classname="test/routes/BaseAuthElevationRoute.test.ts" name="BaseAuthElevationRoute Tests &gt; getCredentialById &gt; Returns undefined when the matching secret is not of type FIDO2." time="0.0001391">
        </testcase>
        <testcase classname="test/routes/BaseAuthElevationRoute.test.ts" name="BaseAuthElevationRoute Tests &gt; getCredentialById &gt; Returns the .data of a matching secret of type FIDO2." time="0.0001347">
        </testcase>
        <testcase classname="test/routes/BaseAuthElevationRoute.test.ts" name="BaseAuthElevationRoute Tests &gt; getCredentialById &gt; Returns undefined without querying the repo when credentialId is not a string (NoSQL operator injection guard)." time="0.0001909">
        </testcase>
        <testcase classname="test/routes/BaseAuthElevationRoute.test.ts" name="BaseAuthElevationRoute Tests &gt; getMethod &gt; Throws if aliasRepo is not set." time="0.0002117">
        </testcase>
        <testcase classname="test/routes/BaseAuthElevationRoute.test.ts" name="BaseAuthElevationRoute Tests &gt; getMethod &gt; Throws if secretRepo is not set." time="0.0001995">
        </testcase>
        <testcase classname="test/routes/BaseAuthElevationRoute.test.ts" name="BaseAuthElevationRoute Tests &gt; getMethod &gt; Returns undefined without querying either repo when id or userUid is not a string (NoSQL operator injection guard)." time="0.0001575">
        </testcase>
        <testcase classname="test/routes/BaseAuthElevationRoute.test.ts" name="BaseAuthElevationRoute Tests &gt; getMethod &gt; Returns undefined when neither a matching secret nor a matching alias exists." time="0.00012">
        </testcase>
        <testcase classname="test/routes/BaseAuthElevationRoute.test.ts" name="BaseAuthElevationRoute Tests &gt; getMethod &gt; Returns undefined when the matching secret belongs to a different user." time="0.0001381">
        </testcase>
        <testcase classname="test/routes/BaseAuthElevationRoute.test.ts" name="BaseAuthElevationRoute Tests &gt; getMethod &gt; Returns the method for a matching secret owned by the given uid." time="0.0001639">
        </testcase>
        <testcase classname="test/routes/BaseAuthElevationRoute.test.ts" name="BaseAuthElevationRoute Tests &gt; getMethod &gt; Returns the method for a matching, verified alias owned by the given uid." time="0.0001732">
        </testcase>
        <testcase classname="test/routes/BaseAuthElevationRoute.test.ts" name="BaseAuthElevationRoute Tests &gt; getMethod &gt; Returns undefined for a matching but unverified alias, even when owned by the given uid." time="0.0001576">
        </testcase>
        <testcase classname="test/routes/BaseAuthElevationRoute.test.ts" name="BaseAuthElevationRoute Tests &gt; getMethods &gt; Throws if aliasRepo is not set." time="0.0002922">
        </testcase>
        <testcase classname="test/routes/BaseAuthElevationRoute.test.ts" name="BaseAuthElevationRoute Tests &gt; getMethods &gt; Throws if secretRepo is not set." time="0.0002058">
        </testcase>
        <testcase classname="test/routes/BaseAuthElevationRoute.test.ts" name="BaseAuthElevationRoute Tests &gt; getMethods &gt; Throws if userRepo is not set." time="0.000199">
        </testcase>
        <testcase classname="test/routes/BaseAuthElevationRoute.test.ts" name="BaseAuthElevationRoute Tests &gt; getMethods &gt; Combines eligible secrets and aliases into a list of methods." time="0.0004548">
        </testcase>
        <testcase classname="test/routes/BaseAuthElevationRoute.test.ts" name="BaseAuthElevationRoute Tests &gt; getMethods &gt; Excludes unverified aliases from the list of methods." time="0.0002423">
        </testcase>
        <testcase classname="test/routes/BaseAuthElevationRoute.test.ts" name="BaseAuthElevationRoute Tests &gt; getMethods &gt; Obfuscates alias contact info in the returned methods." time="0.0002035">
        </testcase>
        <testcase classname="test/routes/BaseAuthElevationRoute.test.ts" name="BaseAuthElevationRoute Tests &gt; getUser &gt; Throws if userUtils is not set." time="0.0001771">
        </testcase>
        <testcase classname="test/routes/BaseAuthElevationRoute.test.ts" name="BaseAuthElevationRoute Tests &gt; getUser &gt; Delegates to userUtils.lookup()." time="0.0001676">
        </testcase>
        <testcase classname="test/routes/BaseAuthElevationRoute.test.ts" name="BaseAuthElevationRoute Tests &gt; notifyContact &gt; Sends an email when the contact type is EMAIL." time="0.0002505">
        </testcase>
        <testcase classname="test/routes/BaseAuthElevationRoute.test.ts" name="BaseAuthElevationRoute Tests &gt; notifyContact &gt; Sends an SMS when the contact type is SMS." time="0.0001692">
        </testcase>
        <testcase classname="test/routes/BaseAuthElevationRoute.test.ts" name="BaseAuthElevationRoute Tests &gt; notifyContact &gt; Does not throw (and logs instead) when sendEmail rejects." time="0.0005254">
        </testcase>
        <testcase classname="test/routes/BaseAuthElevationRoute.test.ts" name="BaseAuthElevationRoute Tests &gt; notifyContact &gt; Does not throw (and logs instead) when sendSMS rejects." time="0.0004169">
        </testcase>
        <testcase classname="test/routes/BaseAuthElevationRoute.test.ts" name="BaseAuthElevationRoute Tests &gt; obfuscateAlias &gt; Obfuscates an EMAIL alias." time="0.0001172">
        </testcase>
        <testcase classname="test/routes/BaseAuthElevationRoute.test.ts" name="BaseAuthElevationRoute Tests &gt; obfuscateAlias &gt; Obfuscates a NAME alias." time="0.0002009">
        </testcase>
        <testcase classname="test/routes/BaseAuthElevationRoute.test.ts" name="BaseAuthElevationRoute Tests &gt; obfuscateAlias &gt; Obfuscates a PHONE alias." time="0.000125">
        </testcase>
        <testcase classname="test/routes/BaseAuthElevationRoute.test.ts" name="BaseAuthElevationRoute Tests &gt; updateCredentialCounter &gt; Throws if secretRepo is not set." time="0.0001957">
        </testcase>
        <testcase classname="test/routes/BaseAuthElevationRoute.test.ts" name="BaseAuthElevationRoute Tests &gt; updateCredentialCounter &gt; Does nothing if no matching secret is found." time="0.0001717">
        </testcase>
        <testcase classname="test/routes/BaseAuthElevationRoute.test.ts" name="BaseAuthElevationRoute Tests &gt; updateCredentialCounter &gt; Updates the secret&apos;s counter when a matching secret is found." time="0.0003107">
        </testcase>
        <testcase classname="test/routes/BaseAuthElevationRoute.test.ts" name="BaseAuthElevationRoute Tests &gt; updateSecretTimeStep &gt; Throws if secretRepo is not set." time="0.0002318">
        </testcase>
        <testcase classname="test/routes/BaseAuthElevationRoute.test.ts" name="BaseAuthElevationRoute Tests &gt; updateSecretTimeStep &gt; Does nothing if no matching secret is found." time="0.0001306">
        </testcase>
        <testcase classname="test/routes/BaseAuthElevationRoute.test.ts" name="BaseAuthElevationRoute Tests &gt; updateSecretTimeStep &gt; Updates the secret&apos;s lastTimeStep when a matching secret is found." time="0.0001874">
        </testcase>
        <testcase classname="test/routes/BaseAuthElevationRoute.test.ts" name="BaseAuthElevationRoute Tests &gt; updateSecretTimeStep &gt; Throws and does not persist when lastTimeStep has already been advanced to at least this timeStep (replay/race)." time="0.0002581">
        </testcase>
        <testcase classname="test/routes/BaseAuthElevationRoute.test.ts" name="BaseAuthElevationRoute Tests &gt; verify &gt; Throws if secretRepo is not set." time="0.0002322">
        </testcase>
        <testcase classname="test/routes/BaseAuthElevationRoute.test.ts" name="BaseAuthElevationRoute Tests &gt; verify &gt; Throws if userUtils is not set." time="0.0002023">
        </testcase>
        <testcase classname="test/routes/BaseAuthElevationRoute.test.ts" name="BaseAuthElevationRoute Tests &gt; verify &gt; Throws when the user cannot be found." time="0.0350319">
        </testcase>
        <testcase classname="test/routes/BaseAuthElevationRoute.test.ts" name="BaseAuthElevationRoute Tests &gt; verify &gt; Performs a dummy Argon2 verification when the user cannot be found, to equalize response timing." time="0.0299458">
        </testcase>
        <testcase classname="test/routes/BaseAuthElevationRoute.test.ts" name="BaseAuthElevationRoute Tests &gt; verify &gt; Resolves the user when at least one stored password matches — this is what lets a password-only (no second factor enrolled) admin account still elevate." time="0.0657757">
        </testcase>
        <testcase classname="test/routes/BaseAuthElevationRoute.test.ts" name="BaseAuthElevationRoute Tests &gt; verify &gt; Throws when none of the user&apos;s stored passwords match." time="0.0588781">
        </testcase>
        <testcase classname="test/routes/BaseAuthElevationRoute.test.ts" name="BaseAuthElevationRoute Tests &gt; verify &gt; Performs a dummy Argon2 verification (and throws) when the user has no stored password secret." time="0.0300914">
        </testcase>
    </testsuite>
    <testsuite name="test/routes/BaseAuthFIDO2Route.test.ts" timestamp="2026-09-08T21:55:05.747Z" hostname="Jane" tests="18" failures="0" errors="0" skipped="0" time="0.0087883">
        <testcase classname="test/routes/BaseAuthFIDO2Route.test.ts" name="BaseAuthFIDO2Route Tests &gt; Throws during initialize() if authMiddleware was not injected." time="0.002293">
        </testcase>
        <testcase classname="test/routes/BaseAuthFIDO2Route.test.ts" name="BaseAuthFIDO2Route Tests &gt; Throws during initialize() if objectFactory was not injected." time="0.0002367">
        </testcase>
        <testcase classname="test/routes/BaseAuthFIDO2Route.test.ts" name="BaseAuthFIDO2Route Tests &gt; Does not recreate repos/utils if initialize() runs again." time="0.0004524">
        </testcase>
        <testcase classname="test/routes/BaseAuthFIDO2Route.test.ts" name="BaseAuthFIDO2Route Tests &gt; Registers a FIDO2Strategy under its name once initialized." time="0.0014007">
        </testcase>
        <testcase classname="test/routes/BaseAuthFIDO2Route.test.ts" name="BaseAuthFIDO2Route Tests &gt; getCredentialById &gt; Throws if secretRepo is not set." time="0.0002761">
        </testcase>
        <testcase classname="test/routes/BaseAuthFIDO2Route.test.ts" name="BaseAuthFIDO2Route Tests &gt; getCredentialById &gt; Returns undefined if no matching secret exists." time="0.0004712">
        </testcase>
        <testcase classname="test/routes/BaseAuthFIDO2Route.test.ts" name="BaseAuthFIDO2Route Tests &gt; getCredentialById &gt; Returns undefined without querying the repo when credentialId is not a string (NoSQL operator injection guard)." time="0.0002016">
        </testcase>
        <testcase classname="test/routes/BaseAuthFIDO2Route.test.ts" name="BaseAuthFIDO2Route Tests &gt; getCredentialById &gt; Returns the .data of a matching secret of type FIDO2." time="0.0001812">
        </testcase>
        <testcase classname="test/routes/BaseAuthFIDO2Route.test.ts" name="BaseAuthFIDO2Route Tests &gt; getCredentialById &gt; Returns undefined for a matching secret of a different type (e.g. PASSKEY)." time="0.0001409">
        </testcase>
        <testcase classname="test/routes/BaseAuthFIDO2Route.test.ts" name="BaseAuthFIDO2Route Tests &gt; getCredentials &gt; Throws if secretRepo is not set." time="0.0002462">
        </testcase>
        <testcase classname="test/routes/BaseAuthFIDO2Route.test.ts" name="BaseAuthFIDO2Route Tests &gt; getCredentials &gt; Throws if userUtils is not set." time="0.000222">
        </testcase>
        <testcase classname="test/routes/BaseAuthFIDO2Route.test.ts" name="BaseAuthFIDO2Route Tests &gt; getCredentials &gt; Returns an empty array (not a throw) if the user cannot be found, to avoid leaking account existence." time="0.0003178">
        </testcase>
        <testcase classname="test/routes/BaseAuthFIDO2Route.test.ts" name="BaseAuthFIDO2Route Tests &gt; getCredentials &gt; Returns the .data of all matching FIDO2 secrets for the user." time="0.0003285">
        </testcase>
        <testcase classname="test/routes/BaseAuthFIDO2Route.test.ts" name="BaseAuthFIDO2Route Tests &gt; getUser &gt; Throws if userUtils is not set." time="0.0001676">
        </testcase>
        <testcase classname="test/routes/BaseAuthFIDO2Route.test.ts" name="BaseAuthFIDO2Route Tests &gt; getUser &gt; Delegates to userUtils.lookup()." time="0.0001505">
        </testcase>
        <testcase classname="test/routes/BaseAuthFIDO2Route.test.ts" name="BaseAuthFIDO2Route Tests &gt; updateCredentialCounter &gt; Throws if secretRepo is not set." time="0.0001564">
        </testcase>
        <testcase classname="test/routes/BaseAuthFIDO2Route.test.ts" name="BaseAuthFIDO2Route Tests &gt; updateCredentialCounter &gt; Does nothing if no matching secret is found." time="0.0001167">
        </testcase>
        <testcase classname="test/routes/BaseAuthFIDO2Route.test.ts" name="BaseAuthFIDO2Route Tests &gt; updateCredentialCounter &gt; Updates the secret&apos;s counter when a matching secret is found." time="0.000271">
        </testcase>
    </testsuite>
    <testsuite name="test/routes/BaseAuthLogoutRoute.test.ts" timestamp="2026-09-08T21:55:05.749Z" hostname="Jane" tests="4" failures="0" errors="0" skipped="0" time="0.0043593">
        <testcase classname="test/routes/BaseAuthLogoutRoute.test.ts" name="BaseAuthLogoutRoute Tests &gt; logout &gt; Clears the auth cookies via tokenUtils when tokenUtils is set." time="0.0024827">
        </testcase>
        <testcase classname="test/routes/BaseAuthLogoutRoute.test.ts" name="BaseAuthLogoutRoute Tests &gt; logout &gt; Does not throw when tokenUtils was not injected." time="0.0005444">
        </testcase>
        <testcase classname="test/routes/BaseAuthLogoutRoute.test.ts" name="BaseAuthLogoutRoute Tests &gt; logout &gt; Clears userUid and refreshUid from the session so a leaked refresh token can no longer be used after logout." time="0.0001827">
        </testcase>
        <testcase classname="test/routes/BaseAuthLogoutRoute.test.ts" name="BaseAuthLogoutRoute Tests &gt; logout &gt; Does not throw when the request has no session." time="0.0002105">
        </testcase>
    </testsuite>
    <testsuite name="test/routes/BaseAuthMFARoute.test.ts" timestamp="2026-09-08T21:55:05.749Z" hostname="Jane" tests="66" failures="0" errors="0" skipped="0" time="0.2985649">
        <testcase classname="test/routes/BaseAuthMFARoute.test.ts" name="BaseAuthMFARoute Tests &gt; Throws during initialize() if authMiddleware was not injected." time="0.0024153">
        </testcase>
        <testcase classname="test/routes/BaseAuthMFARoute.test.ts" name="BaseAuthMFARoute Tests &gt; Throws during initialize() if objectFactory was not injected." time="0.0002382">
        </testcase>
        <testcase classname="test/routes/BaseAuthMFARoute.test.ts" name="BaseAuthMFARoute Tests &gt; Does not recreate repos/utils if initialize() runs again." time="0.0004623">
        </testcase>
        <testcase classname="test/routes/BaseAuthMFARoute.test.ts" name="BaseAuthMFARoute Tests &gt; Registers an MFAStrategy under its name once initialized." time="0.0012886">
        </testcase>
        <testcase classname="test/routes/BaseAuthMFARoute.test.ts" name="BaseAuthMFARoute Tests &gt; convertAliasToMethod &gt; Converts an EMAIL alias into an OTP method." time="0.0003322">
        </testcase>
        <testcase classname="test/routes/BaseAuthMFARoute.test.ts" name="BaseAuthMFARoute Tests &gt; convertAliasToMethod &gt; Obfuscates an EMAIL alias&apos;s contact when requested." time="0.0002689">
        </testcase>
        <testcase classname="test/routes/BaseAuthMFARoute.test.ts" name="BaseAuthMFARoute Tests &gt; convertAliasToMethod &gt; Converts a PHONE alias into an OTP method." time="0.0001875">
        </testcase>
        <testcase classname="test/routes/BaseAuthMFARoute.test.ts" name="BaseAuthMFARoute Tests &gt; convertAliasToMethod &gt; Obfuscates a PHONE alias&apos;s contact when requested." time="0.0001738">
        </testcase>
        <testcase classname="test/routes/BaseAuthMFARoute.test.ts" name="BaseAuthMFARoute Tests &gt; convertAliasToMethod &gt; Returns undefined for an alias type that has no MFA equivalent." time="0.0001299">
        </testcase>
        <testcase classname="test/routes/BaseAuthMFARoute.test.ts" name="BaseAuthMFARoute Tests &gt; convertAliasToMethod &gt; Returns undefined for an unverified EMAIL alias, even though it would otherwise convert." time="0.0001243">
        </testcase>
        <testcase classname="test/routes/BaseAuthMFARoute.test.ts" name="BaseAuthMFARoute Tests &gt; convertAliasToMethod &gt; Returns undefined for an unverified PHONE alias, even though it would otherwise convert." time="0.0000845">
        </testcase>
        <testcase classname="test/routes/BaseAuthMFARoute.test.ts" name="BaseAuthMFARoute Tests &gt; convertSecretToMethod &gt; Converts a FIDO2 secret into a FIDO2 method." time="0.0001468">
        </testcase>
        <testcase classname="test/routes/BaseAuthMFARoute.test.ts" name="BaseAuthMFARoute Tests &gt; convertSecretToMethod &gt; Converts a TOTP secret into a TOTP method." time="0.0000897">
        </testcase>
        <testcase classname="test/routes/BaseAuthMFARoute.test.ts" name="BaseAuthMFARoute Tests &gt; convertSecretToMethod &gt; Returns undefined for a secret type that has no MFA equivalent." time="0.0000665">
        </testcase>
        <testcase classname="test/routes/BaseAuthMFARoute.test.ts" name="BaseAuthMFARoute Tests &gt; convertSecretToMethod &gt; Converts a RECOVERY_CODES secret into a RECOVERY_CODE method with full data when unredacted." time="0.0000806">
        </testcase>
        <testcase classname="test/routes/BaseAuthMFARoute.test.ts" name="BaseAuthMFARoute Tests &gt; convertSecretToMethod &gt; Redacts RECOVERY_CODES data to only a remaining count when redact is true." time="0.0000767">
        </testcase>
        <testcase classname="test/routes/BaseAuthMFARoute.test.ts" name="BaseAuthMFARoute Tests &gt; convertSecretToMethod &gt; Excludes an exhausted RECOVERY_CODES secret (0 remaining) entirely, redacted or not." time="0.0000912">
        </testcase>
        <testcase classname="test/routes/BaseAuthMFARoute.test.ts" name="BaseAuthMFARoute Tests &gt; getCredentialById &gt; Throws if secretRepo is not set." time="0.0002015">
        </testcase>
        <testcase classname="test/routes/BaseAuthMFARoute.test.ts" name="BaseAuthMFARoute Tests &gt; getCredentialById &gt; Returns undefined if no matching secret exists." time="0.0003809">
        </testcase>
        <testcase classname="test/routes/BaseAuthMFARoute.test.ts" name="BaseAuthMFARoute Tests &gt; getCredentialById &gt; Returns undefined without querying the repo when credentialId is not a string (NoSQL operator injection guard)." time="0.0001461">
        </testcase>
        <testcase classname="test/routes/BaseAuthMFARoute.test.ts" name="BaseAuthMFARoute Tests &gt; getCredentialById &gt; Returns the .data of a matching secret of type FIDO2." time="0.0001334">
        </testcase>
        <testcase classname="test/routes/BaseAuthMFARoute.test.ts" name="BaseAuthMFARoute Tests &gt; getCredentialById &gt; Returns undefined for a matching secret of a different type (e.g. PASSKEY)." time="0.0000918">
        </testcase>
        <testcase classname="test/routes/BaseAuthMFARoute.test.ts" name="BaseAuthMFARoute Tests &gt; getMethod &gt; Throws if aliasRepo is not set." time="0.00018">
        </testcase>
        <testcase classname="test/routes/BaseAuthMFARoute.test.ts" name="BaseAuthMFARoute Tests &gt; getMethod &gt; Throws if secretRepo is not set." time="0.0001478">
        </testcase>
        <testcase classname="test/routes/BaseAuthMFARoute.test.ts" name="BaseAuthMFARoute Tests &gt; getMethod &gt; Returns the method for a matching secret owned by the given uid." time="0.0001467">
        </testcase>
        <testcase classname="test/routes/BaseAuthMFARoute.test.ts" name="BaseAuthMFARoute Tests &gt; getMethod &gt; Returns undefined when the matching secret belongs to a different user." time="0.0000958">
        </testcase>
        <testcase classname="test/routes/BaseAuthMFARoute.test.ts" name="BaseAuthMFARoute Tests &gt; getMethod &gt; Falls back to alias lookup when no secret matches." time="0.0001168">
        </testcase>
        <testcase classname="test/routes/BaseAuthMFARoute.test.ts" name="BaseAuthMFARoute Tests &gt; getMethod &gt; Returns undefined when the matching alias belongs to a different user." time="0.000093">
        </testcase>
        <testcase classname="test/routes/BaseAuthMFARoute.test.ts" name="BaseAuthMFARoute Tests &gt; getMethod &gt; Returns undefined when neither a secret nor an alias matches." time="0.0000811">
        </testcase>
        <testcase classname="test/routes/BaseAuthMFARoute.test.ts" name="BaseAuthMFARoute Tests &gt; getMethod &gt; Returns undefined without querying the repos when id or uid is not a string." time="0.0001133">
        </testcase>
        <testcase classname="test/routes/BaseAuthMFARoute.test.ts" name="BaseAuthMFARoute Tests &gt; getMethods &gt; Throws if aliasRepo is not set." time="0.0002239">
        </testcase>
        <testcase classname="test/routes/BaseAuthMFARoute.test.ts" name="BaseAuthMFARoute Tests &gt; getMethods &gt; Throws if secretRepo is not set." time="0.0001723">
        </testcase>
        <testcase classname="test/routes/BaseAuthMFARoute.test.ts" name="BaseAuthMFARoute Tests &gt; getMethods &gt; Throws if userRepo is not set." time="0.0001556">
        </testcase>
        <testcase classname="test/routes/BaseAuthMFARoute.test.ts" name="BaseAuthMFARoute Tests &gt; getMethods &gt; Combines eligible secrets and aliases into a list of methods." time="0.0004043">
        </testcase>
        <testcase classname="test/routes/BaseAuthMFARoute.test.ts" name="BaseAuthMFARoute Tests &gt; getMethods &gt; Obfuscates alias contact info in the returned methods." time="0.0002504">
        </testcase>
        <testcase classname="test/routes/BaseAuthMFARoute.test.ts" name="BaseAuthMFARoute Tests &gt; getMethods &gt; Redacts RECOVERY_CODES data to a remaining count in the returned methods." time="0.000144">
        </testcase>
        <testcase classname="test/routes/BaseAuthMFARoute.test.ts" name="BaseAuthMFARoute Tests &gt; getMethods &gt; Excludes unverified aliases from the list of methods." time="0.0001852">
        </testcase>
        <testcase classname="test/routes/BaseAuthMFARoute.test.ts" name="BaseAuthMFARoute Tests &gt; getUser &gt; Throws if userUtils is not set." time="0.0001868">
        </testcase>
        <testcase classname="test/routes/BaseAuthMFARoute.test.ts" name="BaseAuthMFARoute Tests &gt; getUser &gt; Delegates to userUtils.lookup()." time="0.0001625">
        </testcase>
        <testcase classname="test/routes/BaseAuthMFARoute.test.ts" name="BaseAuthMFARoute Tests &gt; notifyContact &gt; Sends an email when the contact type is EMAIL." time="0.0002463">
        </testcase>
        <testcase classname="test/routes/BaseAuthMFARoute.test.ts" name="BaseAuthMFARoute Tests &gt; notifyContact &gt; Sends an SMS when the contact type is SMS." time="0.0001661">
        </testcase>
        <testcase classname="test/routes/BaseAuthMFARoute.test.ts" name="BaseAuthMFARoute Tests &gt; notifyContact &gt; Does not throw (and logs instead) when sendEmail rejects." time="0.0006418">
        </testcase>
        <testcase classname="test/routes/BaseAuthMFARoute.test.ts" name="BaseAuthMFARoute Tests &gt; notifyContact &gt; Does not throw (and logs instead) when sendSMS rejects." time="0.0003561">
        </testcase>
        <testcase classname="test/routes/BaseAuthMFARoute.test.ts" name="BaseAuthMFARoute Tests &gt; notifyContact &gt; Does nothing (and does not throw) when messagingUtils is unset." time="0.0001047">
        </testcase>
        <testcase classname="test/routes/BaseAuthMFARoute.test.ts" name="BaseAuthMFARoute Tests &gt; obfuscateAlias &gt; Obfuscates an EMAIL alias." time="0.000146">
        </testcase>
        <testcase classname="test/routes/BaseAuthMFARoute.test.ts" name="BaseAuthMFARoute Tests &gt; obfuscateAlias &gt; Obfuscates a NAME alias." time="0.0001282">
        </testcase>
        <testcase classname="test/routes/BaseAuthMFARoute.test.ts" name="BaseAuthMFARoute Tests &gt; obfuscateAlias &gt; Obfuscates a PHONE alias." time="0.0000939">
        </testcase>
        <testcase classname="test/routes/BaseAuthMFARoute.test.ts" name="BaseAuthMFARoute Tests &gt; obfuscateAlias &gt; Returns the alias unchanged for an unhandled type." time="0.0000672">
        </testcase>
        <testcase classname="test/routes/BaseAuthMFARoute.test.ts" name="BaseAuthMFARoute Tests &gt; updateCredentialCounter &gt; Throws if secretRepo is not set." time="0.0001705">
        </testcase>
        <testcase classname="test/routes/BaseAuthMFARoute.test.ts" name="BaseAuthMFARoute Tests &gt; updateCredentialCounter &gt; Does nothing if no matching secret is found." time="0.0001612">
        </testcase>
        <testcase classname="test/routes/BaseAuthMFARoute.test.ts" name="BaseAuthMFARoute Tests &gt; updateCredentialCounter &gt; Updates the secret&apos;s counter when a matching secret is found." time="0.0002835">
        </testcase>
        <testcase classname="test/routes/BaseAuthMFARoute.test.ts" name="BaseAuthMFARoute Tests &gt; updateSecretTimeStep &gt; Throws if secretRepo is not set." time="0.0001666">
        </testcase>
        <testcase classname="test/routes/BaseAuthMFARoute.test.ts" name="BaseAuthMFARoute Tests &gt; updateSecretTimeStep &gt; Does nothing if no matching secret is found." time="0.0001033">
        </testcase>
        <testcase classname="test/routes/BaseAuthMFARoute.test.ts" name="BaseAuthMFARoute Tests &gt; updateSecretTimeStep &gt; Updates the secret&apos;s lastTimeStep when a matching secret is found." time="0.0002039">
        </testcase>
        <testcase classname="test/routes/BaseAuthMFARoute.test.ts" name="BaseAuthMFARoute Tests &gt; updateSecretTimeStep &gt; Throws and does not persist when lastTimeStep has already been advanced to at least this timeStep (replay/race)." time="0.0002656">
        </testcase>
        <testcase classname="test/routes/BaseAuthMFARoute.test.ts" name="BaseAuthMFARoute Tests &gt; consumeRecoveryCode &gt; Throws if secretRepo is not set." time="0.0001594">
        </testcase>
        <testcase classname="test/routes/BaseAuthMFARoute.test.ts" name="BaseAuthMFARoute Tests &gt; consumeRecoveryCode &gt; Does nothing if no matching secret is found." time="0.0001056">
        </testcase>
        <testcase classname="test/routes/BaseAuthMFARoute.test.ts" name="BaseAuthMFARoute Tests &gt; consumeRecoveryCode &gt; Marks only the entry at codeIndex as used, leaving the others untouched." time="0.0003302">
        </testcase>
        <testcase classname="test/routes/BaseAuthMFARoute.test.ts" name="BaseAuthMFARoute Tests &gt; consumeRecoveryCode &gt; Throws and does not persist when the entry has already been consumed (replay/race)." time="0.0001939">
        </testcase>
        <testcase classname="test/routes/BaseAuthMFARoute.test.ts" name="BaseAuthMFARoute Tests &gt; verify &gt; Throws if secretRepo is not set." time="0.0001964">
        </testcase>
        <testcase classname="test/routes/BaseAuthMFARoute.test.ts" name="BaseAuthMFARoute Tests &gt; verify &gt; Throws if userUtils is not set." time="0.0001588">
        </testcase>
        <testcase classname="test/routes/BaseAuthMFARoute.test.ts" name="BaseAuthMFARoute Tests &gt; verify &gt; Throws when the user cannot be found." time="0.0373929">
        </testcase>
        <testcase classname="test/routes/BaseAuthMFARoute.test.ts" name="BaseAuthMFARoute Tests &gt; verify &gt; Performs a dummy Argon2 verification when the user cannot be found, to equalize response timing." time="0.0301074">
        </testcase>
        <testcase classname="test/routes/BaseAuthMFARoute.test.ts" name="BaseAuthMFARoute Tests &gt; verify &gt; Performs a dummy Argon2 verification when the user has no password secret, to equalize response timing." time="0.0339471">
        </testcase>
        <testcase classname="test/routes/BaseAuthMFARoute.test.ts" name="BaseAuthMFARoute Tests &gt; verify &gt; Throws when none of the user&apos;s stored passwords match." time="0.0624352">
        </testcase>
        <testcase classname="test/routes/BaseAuthMFARoute.test.ts" name="BaseAuthMFARoute Tests &gt; verify &gt; Resolves the user when at least one stored password matches." time="0.1184939">
        </testcase>
    </testsuite>
    <testsuite name="test/routes/BaseAuthOIDCRoute.test.ts" timestamp="2026-09-08T21:55:05.756Z" hostname="Jane" tests="30" failures="0" errors="0" skipped="0" time="0.0228922">
        <testcase classname="test/routes/BaseAuthOIDCRoute.test.ts" name="BaseAuthOIDCRoute Tests &gt; Throws during initialize() if authMiddleware was not injected." time="0.0020153">
        </testcase>
        <testcase classname="test/routes/BaseAuthOIDCRoute.test.ts" name="BaseAuthOIDCRoute Tests &gt; Throws during initialize() if objectFactory was not injected." time="0.0002136">
        </testcase>
        <testcase classname="test/routes/BaseAuthOIDCRoute.test.ts" name="BaseAuthOIDCRoute Tests &gt; Does not recreate repos/utils if initialize() runs again." time="0.0004281">
        </testcase>
        <testcase classname="test/routes/BaseAuthOIDCRoute.test.ts" name="BaseAuthOIDCRoute Tests &gt; Registers an OIDCStrategy under its name once initialized." time="0.0012337">
        </testcase>
        <testcase classname="test/routes/BaseAuthOIDCRoute.test.ts" name="BaseAuthOIDCRoute Tests &gt; multi-provider strategyName &gt; Registers a strategy under a subclass&apos;s overridden strategyName instead of the default." time="0.0004472">
        </testcase>
        <testcase classname="test/routes/BaseAuthOIDCRoute.test.ts" name="BaseAuthOIDCRoute Tests &gt; multi-provider strategyName &gt; Registers two independently-configured route instances under distinct names without either overwriting the other." time="0.0004288">
        </testcase>
        <testcase classname="test/routes/BaseAuthOIDCRoute.test.ts" name="BaseAuthOIDCRoute Tests &gt; multi-provider strategyName &gt; Creates genuinely distinct OIDCStrategy instances per provider through a real (non-mocked) ObjectFactory shared across routes." time="0.0073405">
            <system-out>
[DerivedLogger.emit] 2026-09-08T21:54:28.567Z [32minfo[39m: Registering class OIDCStrategy
[DerivedLogger.emit] 2026-09-08T21:54:28.572Z [34mdebug[39m: Creating new instance of class [OIDCStrategy] with name [OIDCStrategy:oidc_google]

[DerivedLogger.emit] 2026-09-08T21:54:28.573Z [34mdebug[39m: Creating new instance of class [OIDCStrategy] with name [OIDCStrategy:oidc_apple]

            </system-out>
        </testcase>
        <testcase classname="test/routes/BaseAuthOIDCRoute.test.ts" name="BaseAuthOIDCRoute Tests &gt; multi-provider strategyName &gt; A subclass overriding login() with a matching @Auth([...]) shadows the base class&apos;s metadata without mutating it." time="0.0001971">
        </testcase>
        <testcase classname="test/routes/BaseAuthOIDCRoute.test.ts" name="BaseAuthOIDCRoute Tests &gt; options.getUser closure &gt; Throws if aliasRepo is not set when getUser() runs." time="0.0004618">
        </testcase>
        <testcase classname="test/routes/BaseAuthOIDCRoute.test.ts" name="BaseAuthOIDCRoute Tests &gt; options.getUser closure &gt; Throws if profileRepo is not set when getUser() runs." time="0.0002464">
        </testcase>
        <testcase classname="test/routes/BaseAuthOIDCRoute.test.ts" name="BaseAuthOIDCRoute Tests &gt; options.getUser closure &gt; Throws if userRepo is not set when getUser() runs." time="0.0002071">
        </testcase>
        <testcase classname="test/routes/BaseAuthOIDCRoute.test.ts" name="BaseAuthOIDCRoute Tests &gt; options.getUser closure &gt; Throws if userUtils is not set when getUser() runs." time="0.0001752">
        </testcase>
        <testcase classname="test/routes/BaseAuthOIDCRoute.test.ts" name="BaseAuthOIDCRoute Tests &gt; options.getUser closure &gt; Recognizes a returning user found via the provider-scoped oauth alias without creating a new alias." time="0.0003003">
        </testcase>
        <testcase classname="test/routes/BaseAuthOIDCRoute.test.ts" name="BaseAuthOIDCRoute Tests &gt; options.getUser closure &gt; Falls back to a verified email alias lookup, then persists the oauth alias since it wasn&apos;t found by it." time="0.0009289">
        </testcase>
        <testcase classname="test/routes/BaseAuthOIDCRoute.test.ts" name="BaseAuthOIDCRoute Tests &gt; options.getUser closure &gt; Falls back to a verified phone alias lookup when no email is present." time="0.0002426">
        </testcase>
        <testcase classname="test/routes/BaseAuthOIDCRoute.test.ts" name="BaseAuthOIDCRoute Tests &gt; options.getUser closure &gt; Falls through to account creation when a matched verified alias references a user that no longer exists." time="0.0003065">
        </testcase>
        <testcase classname="test/routes/BaseAuthOIDCRoute.test.ts" name="BaseAuthOIDCRoute Tests &gt; options.getUser closure &gt; Does not attempt to link an existing account via an unverified email claim." time="0.0002061">
        </testcase>
        <testcase classname="test/routes/BaseAuthOIDCRoute.test.ts" name="BaseAuthOIDCRoute Tests &gt; options.getUser closure &gt; Rejects authentication when a verified email claim matches an existing but unverified local alias." time="0.0002491">
        </testcase>
        <testcase classname="test/routes/BaseAuthOIDCRoute.test.ts" name="BaseAuthOIDCRoute Tests &gt; options.getUser closure &gt; Rejects authentication when a verified email claim collides with a same-valued alias of a different type." time="0.0002078">
        </testcase>
        <testcase classname="test/routes/BaseAuthOIDCRoute.test.ts" name="BaseAuthOIDCRoute Tests &gt; options.getUser closure &gt; Creates a new account when no verified email/phone is present, without attempting any alias-value lookup." time="0.000242">
        </testcase>
        <testcase classname="test/routes/BaseAuthOIDCRoute.test.ts" name="BaseAuthOIDCRoute Tests &gt; options.getUser closure &gt; Creates a new user and minimal profile when no existing user is found." time="0.0005837">
        </testcase>
        <testcase classname="test/routes/BaseAuthOIDCRoute.test.ts" name="BaseAuthOIDCRoute Tests &gt; options.getUser closure &gt; Uses profile avatar/birthdate/givenName/familyName when provided." time="0.0002687">
        </testcase>
        <testcase classname="test/routes/BaseAuthOIDCRoute.test.ts" name="BaseAuthOIDCRoute Tests &gt; options.getUser closure &gt; Adds a verified email contact and email alias when the provider verifies the email." time="0.0003925">
        </testcase>
        <testcase classname="test/routes/BaseAuthOIDCRoute.test.ts" name="BaseAuthOIDCRoute Tests &gt; options.getUser closure &gt; Adds an unverified email contact but does not create an email alias when unverified." time="0.0002315">
        </testcase>
        <testcase classname="test/routes/BaseAuthOIDCRoute.test.ts" name="BaseAuthOIDCRoute Tests &gt; options.getUser closure &gt; Defaults an omitted email_verified to false on the profile contact." time="0.0002101">
        </testcase>
        <testcase classname="test/routes/BaseAuthOIDCRoute.test.ts" name="BaseAuthOIDCRoute Tests &gt; options.getUser closure &gt; Defaults an omitted phone_verified to false on the profile contact." time="0.0002229">
        </testcase>
        <testcase classname="test/routes/BaseAuthOIDCRoute.test.ts" name="BaseAuthOIDCRoute Tests &gt; options.getUser closure &gt; Adds a verified phone contact and phone alias when the provider verifies the phone." time="0.0002866">
        </testcase>
        <testcase classname="test/routes/BaseAuthOIDCRoute.test.ts" name="BaseAuthOIDCRoute Tests &gt; options.getUser closure &gt; Adds an unverified phone contact but does not create a phone alias when unverified." time="0.0002337">
        </testcase>
        <testcase classname="test/routes/BaseAuthOIDCRoute.test.ts" name="BaseAuthOIDCRoute Tests &gt; login &gt; Returns an AuthResult containing a signed access token and refresh token for the authenticated user." time="0.0026177">
            <system-err>
Failed to send telemetry event. Error: EventUtils has not been initialized. Did you call EventUtils.init()?

            </system-err>
        </testcase>
        <testcase classname="test/routes/BaseAuthOIDCRoute.test.ts" name="BaseAuthOIDCRoute Tests &gt; login &gt; Sets `Set-Cookie` headers for both the access and refresh tokens when cookie issuance is enabled." time="0.0006495">
            <system-err>
Failed to send telemetry event. Error: EventUtils has not been initialized. Did you call EventUtils.init()?

            </system-err>
        </testcase>
    </testsuite>
    <testsuite name="test/routes/BaseAuthOTPRoute.test.ts" timestamp="2026-09-08T21:55:05.759Z" hostname="Jane" tests="27" failures="0" errors="0" skipped="0" time="0.0102334">
        <testcase classname="test/routes/BaseAuthOTPRoute.test.ts" name="BaseAuthOTPRoute Tests &gt; Throws during initialize() if authMiddleware was not injected." time="0.0020965">
        </testcase>
        <testcase classname="test/routes/BaseAuthOTPRoute.test.ts" name="BaseAuthOTPRoute Tests &gt; Throws during initialize() if objectFactory was not injected." time="0.0002321">
        </testcase>
        <testcase classname="test/routes/BaseAuthOTPRoute.test.ts" name="BaseAuthOTPRoute Tests &gt; Does not recreate repos/utils if initialize() runs again." time="0.0004596">
        </testcase>
        <testcase classname="test/routes/BaseAuthOTPRoute.test.ts" name="BaseAuthOTPRoute Tests &gt; Registers an OTPStrategy under its name once initialized." time="0.0013179">
        </testcase>
        <testcase classname="test/routes/BaseAuthOTPRoute.test.ts" name="BaseAuthOTPRoute Tests &gt; convertAliasType &gt; Converts EMAIL to OTPContactType.EMAIL." time="0.00015">
        </testcase>
        <testcase classname="test/routes/BaseAuthOTPRoute.test.ts" name="BaseAuthOTPRoute Tests &gt; convertAliasType &gt; Converts PHONE to OTPContactType.SMS." time="0.0000907">
        </testcase>
        <testcase classname="test/routes/BaseAuthOTPRoute.test.ts" name="BaseAuthOTPRoute Tests &gt; convertAliasType &gt; Throws for an unsupported alias type." time="0.0001521">
        </testcase>
        <testcase classname="test/routes/BaseAuthOTPRoute.test.ts" name="BaseAuthOTPRoute Tests &gt; getContact &gt; Throws if aliasRepo is not set." time="0.00024">
        </testcase>
        <testcase classname="test/routes/BaseAuthOTPRoute.test.ts" name="BaseAuthOTPRoute Tests &gt; getContact &gt; Returns undefined if no matching alias exists." time="0.0001925">
        </testcase>
        <testcase classname="test/routes/BaseAuthOTPRoute.test.ts" name="BaseAuthOTPRoute Tests &gt; getContact &gt; Returns the contact for a matching alias." time="0.0002717">
        </testcase>
        <testcase classname="test/routes/BaseAuthOTPRoute.test.ts" name="BaseAuthOTPRoute Tests &gt; getContact &gt; Returns undefined without querying the repo when id is not a string (NoSQL operator injection guard)." time="0.0001745">
        </testcase>
        <testcase classname="test/routes/BaseAuthOTPRoute.test.ts" name="BaseAuthOTPRoute Tests &gt; getContacts &gt; Throws if aliasRepo is not set." time="0.0002449">
        </testcase>
        <testcase classname="test/routes/BaseAuthOTPRoute.test.ts" name="BaseAuthOTPRoute Tests &gt; getContacts &gt; Throws if userRepo is not set." time="0.0001746">
        </testcase>
        <testcase classname="test/routes/BaseAuthOTPRoute.test.ts" name="BaseAuthOTPRoute Tests &gt; getContacts &gt; Returns an empty list without querying the repo when id is not a string (NoSQL operator injection guard)." time="0.0001597">
        </testcase>
        <testcase classname="test/routes/BaseAuthOTPRoute.test.ts" name="BaseAuthOTPRoute Tests &gt; getContacts &gt; Looks up aliases by userUid when the id resolves to a user." time="0.0004245">
        </testcase>
        <testcase classname="test/routes/BaseAuthOTPRoute.test.ts" name="BaseAuthOTPRoute Tests &gt; getContacts &gt; Falls back to alias lookup by value, then re-resolves by userUid, when the id is not a user." time="0.000456">
        </testcase>
        <testcase classname="test/routes/BaseAuthOTPRoute.test.ts" name="BaseAuthOTPRoute Tests &gt; getContacts &gt; Leaves the user unresolved when the re-fetch by userUid yields no aliases." time="0.0001533">
        </testcase>
        <testcase classname="test/routes/BaseAuthOTPRoute.test.ts" name="BaseAuthOTPRoute Tests &gt; getContacts &gt; Returns an empty list when the id is not a user and no aliases match it." time="0.0001405">
        </testcase>
        <testcase classname="test/routes/BaseAuthOTPRoute.test.ts" name="BaseAuthOTPRoute Tests &gt; getContacts &gt; Filters out non-notifiable alias types (e.g. NAME) instead of throwing (regression: the filter&apos;s result used to be discarded instead of reassigned, so a user with a username alias could never complete OTP discovery/login)." time="0.000153">
        </testcase>
        <testcase classname="test/routes/BaseAuthOTPRoute.test.ts" name="BaseAuthOTPRoute Tests &gt; getUser &gt; Throws if userUtils is not set." time="0.0001572">
        </testcase>
        <testcase classname="test/routes/BaseAuthOTPRoute.test.ts" name="BaseAuthOTPRoute Tests &gt; getUser &gt; Delegates to userUtils.lookup()." time="0.0001472">
        </testcase>
        <testcase classname="test/routes/BaseAuthOTPRoute.test.ts" name="BaseAuthOTPRoute Tests &gt; notifyContact &gt; Sends an email when the contact type is EMAIL." time="0.0002343">
        </testcase>
        <testcase classname="test/routes/BaseAuthOTPRoute.test.ts" name="BaseAuthOTPRoute Tests &gt; notifyContact &gt; Sends an SMS when the contact type is SMS." time="0.0001686">
        </testcase>
        <testcase classname="test/routes/BaseAuthOTPRoute.test.ts" name="BaseAuthOTPRoute Tests &gt; notifyContact &gt; Does nothing (and does not throw) when messagingUtils is unset." time="0.0002255">
        </testcase>
        <testcase classname="test/routes/BaseAuthOTPRoute.test.ts" name="BaseAuthOTPRoute Tests &gt; notifyContact &gt; Does not crash the process when the messaging provider rejects (e.g. Twilio/SMTP not configured)." time="0.0002108">
        </testcase>
        <testcase classname="test/routes/BaseAuthOTPRoute.test.ts" name="BaseAuthOTPRoute Tests &gt; notifyContact &gt; Does not crash the process when sendSMS rejects." time="0.000456">
        </testcase>
        <testcase classname="test/routes/BaseAuthOTPRoute.test.ts" name="BaseAuthOTPRoute Tests &gt; notifyContact &gt; Does not log the verification code to debug in production." time="0.0002284">
        </testcase>
    </testsuite>
    <testsuite name="test/routes/BaseAuthPasskeyRoute.test.ts" timestamp="2026-09-08T21:55:05.761Z" hostname="Jane" tests="18" failures="0" errors="0" skipped="0" time="0.0081472">
        <testcase classname="test/routes/BaseAuthPasskeyRoute.test.ts" name="BaseAuthPasskeyRoute Tests &gt; Throws during initialize() if authMiddleware was not injected." time="0.0020205">
        </testcase>
        <testcase classname="test/routes/BaseAuthPasskeyRoute.test.ts" name="BaseAuthPasskeyRoute Tests &gt; Throws during initialize() if objectFactory was not injected." time="0.0002432">
        </testcase>
        <testcase classname="test/routes/BaseAuthPasskeyRoute.test.ts" name="BaseAuthPasskeyRoute Tests &gt; Does not recreate repos/utils if initialize() runs again." time="0.0004383">
        </testcase>
        <testcase classname="test/routes/BaseAuthPasskeyRoute.test.ts" name="BaseAuthPasskeyRoute Tests &gt; Registers a PasskeyStrategy under its name once initialized." time="0.0012837">
        </testcase>
        <testcase classname="test/routes/BaseAuthPasskeyRoute.test.ts" name="BaseAuthPasskeyRoute Tests &gt; getCredentialById &gt; Throws if secretRepo is not set." time="0.0002117">
        </testcase>
        <testcase classname="test/routes/BaseAuthPasskeyRoute.test.ts" name="BaseAuthPasskeyRoute Tests &gt; getCredentialById &gt; Returns undefined if no matching secret exists." time="0.0004441">
        </testcase>
        <testcase classname="test/routes/BaseAuthPasskeyRoute.test.ts" name="BaseAuthPasskeyRoute Tests &gt; getCredentialById &gt; Returns undefined without querying the repo when credentialId is not a string (NoSQL operator injection guard)." time="0.0001944">
        </testcase>
        <testcase classname="test/routes/BaseAuthPasskeyRoute.test.ts" name="BaseAuthPasskeyRoute Tests &gt; getCredentialById &gt; Returns the .data of a matching secret of type PASSKEY." time="0.0001697">
        </testcase>
        <testcase classname="test/routes/BaseAuthPasskeyRoute.test.ts" name="BaseAuthPasskeyRoute Tests &gt; getCredentialById &gt; Returns undefined for a matching secret of a different type (e.g. FIDO2)." time="0.0001274">
        </testcase>
        <testcase classname="test/routes/BaseAuthPasskeyRoute.test.ts" name="BaseAuthPasskeyRoute Tests &gt; getCredentials &gt; Throws if secretRepo is not set." time="0.0002387">
        </testcase>
        <testcase classname="test/routes/BaseAuthPasskeyRoute.test.ts" name="BaseAuthPasskeyRoute Tests &gt; getCredentials &gt; Throws if userUtils is not set." time="0.0001901">
        </testcase>
        <testcase classname="test/routes/BaseAuthPasskeyRoute.test.ts" name="BaseAuthPasskeyRoute Tests &gt; getCredentials &gt; Returns an empty array (not a throw) if the user cannot be found, to avoid leaking account existence." time="0.0003105">
        </testcase>
        <testcase classname="test/routes/BaseAuthPasskeyRoute.test.ts" name="BaseAuthPasskeyRoute Tests &gt; getCredentials &gt; Returns the .data of all matching PASSKEY secrets for the user." time="0.0003439">
        </testcase>
        <testcase classname="test/routes/BaseAuthPasskeyRoute.test.ts" name="BaseAuthPasskeyRoute Tests &gt; getUser &gt; Throws if userUtils is not set." time="0.0001641">
        </testcase>
        <testcase classname="test/routes/BaseAuthPasskeyRoute.test.ts" name="BaseAuthPasskeyRoute Tests &gt; getUser &gt; Delegates to userUtils.lookup()." time="0.0001408">
        </testcase>
        <testcase classname="test/routes/BaseAuthPasskeyRoute.test.ts" name="BaseAuthPasskeyRoute Tests &gt; updateCredentialCounter &gt; Throws if secretRepo is not set." time="0.0001661">
        </testcase>
        <testcase classname="test/routes/BaseAuthPasskeyRoute.test.ts" name="BaseAuthPasskeyRoute Tests &gt; updateCredentialCounter &gt; Does nothing if no matching secret is found." time="0.00011">
        </testcase>
        <testcase classname="test/routes/BaseAuthPasskeyRoute.test.ts" name="BaseAuthPasskeyRoute Tests &gt; updateCredentialCounter &gt; Updates the secret&apos;s counter when a matching secret is found." time="0.0002761">
        </testcase>
    </testsuite>
    <testsuite name="test/routes/BaseAuthRefreshRoute.test.ts" timestamp="2026-09-08T21:55:05.763Z" hostname="Jane" tests="21" failures="0" errors="0" skipped="0" time="0.0148505">
        <testcase classname="test/routes/BaseAuthRefreshRoute.test.ts" name="BaseAuthRefreshRoute Tests &gt; initialize &gt; Creates userRepo via objectFactory when userClass is set." time="0.0027222">
        </testcase>
        <testcase classname="test/routes/BaseAuthRefreshRoute.test.ts" name="BaseAuthRefreshRoute Tests &gt; initialize &gt; Does not recreate userRepo if it&apos;s already set." time="0.0002535">
        </testcase>
        <testcase classname="test/routes/BaseAuthRefreshRoute.test.ts" name="BaseAuthRefreshRoute Tests &gt; getToken &gt; Reads the token directly when the body is a plain string." time="0.000208">
        </testcase>
        <testcase classname="test/routes/BaseAuthRefreshRoute.test.ts" name="BaseAuthRefreshRoute Tests &gt; getToken &gt; Reads the token from a `token` property when the body is an object." time="0.0001337">
        </testcase>
        <testcase classname="test/routes/BaseAuthRefreshRoute.test.ts" name="BaseAuthRefreshRoute Tests &gt; getToken &gt; Does not throw when the body is null, falling through to check cookies instead." time="0.0004962">
        </testcase>
        <testcase classname="test/routes/BaseAuthRefreshRoute.test.ts" name="BaseAuthRefreshRoute Tests &gt; getToken &gt; Falls back to the named cookie when the body has no usable token." time="0.0001221">
        </testcase>
        <testcase classname="test/routes/BaseAuthRefreshRoute.test.ts" name="BaseAuthRefreshRoute Tests &gt; getToken &gt; Checks signedCookies regardless of cookieConfig.secure." time="0.000126">
        </testcase>
        <testcase classname="test/routes/BaseAuthRefreshRoute.test.ts" name="BaseAuthRefreshRoute Tests &gt; getToken &gt; Returns undefined when no token is found anywhere." time="0.0001343">
        </testcase>
        <testcase classname="test/routes/BaseAuthRefreshRoute.test.ts" name="BaseAuthRefreshRoute Tests &gt; getToken &gt; Skips both cookie checks entirely when neither cookies nor signedCookies is present on the request." time="0.0001234">
        </testcase>
        <testcase classname="test/routes/BaseAuthRefreshRoute.test.ts" name="BaseAuthRefreshRoute Tests &gt; authenticate &gt; Throws 401 when no refresh token is present anywhere in the request." time="0.000672">
        </testcase>
        <testcase classname="test/routes/BaseAuthRefreshRoute.test.ts" name="BaseAuthRefreshRoute Tests &gt; authenticate &gt; Throws 401 when the token is malformed or has an invalid signature." time="0.0004485">
        </testcase>
        <testcase classname="test/routes/BaseAuthRefreshRoute.test.ts" name="BaseAuthRefreshRoute Tests &gt; authenticate &gt; Succeeds for a real, freshly-issued refresh token whose uid matches the session." time="0.0037047">
            <system-err>
Failed to send telemetry event. Error: EventUtils has not been initialized. Did you call EventUtils.init()?

            </system-err>
        </testcase>
        <testcase classname="test/routes/BaseAuthRefreshRoute.test.ts" name="BaseAuthRefreshRoute Tests &gt; authenticate &gt; Throws 401 for an otherwise-valid refresh token issued before the account&apos;s sessionsRevokedAt." time="0.0004936">
        </testcase>
        <testcase classname="test/routes/BaseAuthRefreshRoute.test.ts" name="BaseAuthRefreshRoute Tests &gt; authenticate &gt; Succeeds for a refresh token issued after the account&apos;s sessionsRevokedAt (a legitimate re-login)." time="0.0006915">
            <system-err>
Failed to send telemetry event. Error: EventUtils has not been initialized. Did you call EventUtils.init()?

            </system-err>
        </testcase>
        <testcase classname="test/routes/BaseAuthRefreshRoute.test.ts" name="BaseAuthRefreshRoute Tests &gt; authenticate &gt; Throws 401 when the token is well-formed but doesn&apos;t match the session&apos;s userUid." time="0.0003731">
        </testcase>
        <testcase classname="test/routes/BaseAuthRefreshRoute.test.ts" name="BaseAuthRefreshRoute Tests &gt; authenticate &gt; Throws 401 when the token is a valid, unexpired token for the right user but has already been rotated past (stale refreshUid)." time="0.0004993">
        </testcase>
        <testcase classname="test/routes/BaseAuthRefreshRoute.test.ts" name="BaseAuthRefreshRoute Tests &gt; authenticate &gt; Throws 401 when there is no session at all, even for an otherwise-valid token." time="0.0003858">
        </testcase>
        <testcase classname="test/routes/BaseAuthRefreshRoute.test.ts" name="BaseAuthRefreshRoute Tests &gt; authenticate &gt; Throws 401 when the referenced user account no longer exists." time="0.0003668">
        </testcase>
        <testcase classname="test/routes/BaseAuthRefreshRoute.test.ts" name="BaseAuthRefreshRoute Tests &gt; authenticate &gt; Looks up the user with ignoreACL, since the caller isn&apos;t authenticated yet at this point." time="0.0005774">
            <system-err>
Failed to send telemetry event. Error: EventUtils has not been initialized. Did you call EventUtils.init()?

            </system-err>
        </testcase>
        <testcase classname="test/routes/BaseAuthRefreshRoute.test.ts" name="BaseAuthRefreshRoute Tests &gt; authenticate &gt; Rotates the refresh token: the newly-issued refresh token&apos;s uid differs from the one just consumed." time="0.000666">
            <system-err>
Failed to send telemetry event. Error: EventUtils has not been initialized. Did you call EventUtils.init()?

            </system-err>
        </testcase>
        <testcase classname="test/routes/BaseAuthRefreshRoute.test.ts" name="BaseAuthRefreshRoute Tests &gt; authenticate &gt; Passes the request through to createAuthResult() so session/cookie state is refreshed on success." time="0.0005701">
            <system-err>
Failed to send telemetry event. Error: EventUtils has not been initialized. Did you call EventUtils.init()?

            </system-err>
        </testcase>
    </testsuite>
    <testsuite name="test/routes/BaseAuthTOTPRoute.test.ts" timestamp="2026-09-08T21:55:05.766Z" hostname="Jane" tests="12" failures="0" errors="0" skipped="0" time="0.006865">
        <testcase classname="test/routes/BaseAuthTOTPRoute.test.ts" name="BaseAuthTOTPRoute Tests &gt; Throws during initialize() if authMiddleware was not injected." time="0.0019616">
        </testcase>
        <testcase classname="test/routes/BaseAuthTOTPRoute.test.ts" name="BaseAuthTOTPRoute Tests &gt; Throws during initialize() if objectFactory was not injected." time="0.0002244">
        </testcase>
        <testcase classname="test/routes/BaseAuthTOTPRoute.test.ts" name="BaseAuthTOTPRoute Tests &gt; Does not recreate secretRepo/userUtils if initialize() runs again." time="0.00037">
        </testcase>
        <testcase classname="test/routes/BaseAuthTOTPRoute.test.ts" name="BaseAuthTOTPRoute Tests &gt; Registers a TOTPStrategy under its name once initialized." time="0.0012308">
        </testcase>
        <testcase classname="test/routes/BaseAuthTOTPRoute.test.ts" name="BaseAuthTOTPRoute Tests &gt; getSecrets &gt; Throws if secretRepo is not set." time="0.000203">
        </testcase>
        <testcase classname="test/routes/BaseAuthTOTPRoute.test.ts" name="BaseAuthTOTPRoute Tests &gt; getSecrets &gt; Returns the .data of each matching secret, with the secret&apos;s own uid attached." time="0.0005291">
        </testcase>
        <testcase classname="test/routes/BaseAuthTOTPRoute.test.ts" name="BaseAuthTOTPRoute Tests &gt; updateSecretTimeStep &gt; Throws if secretRepo is not set." time="0.0001932">
        </testcase>
        <testcase classname="test/routes/BaseAuthTOTPRoute.test.ts" name="BaseAuthTOTPRoute Tests &gt; updateSecretTimeStep &gt; Does nothing if no matching secret is found." time="0.0002064">
        </testcase>
        <testcase classname="test/routes/BaseAuthTOTPRoute.test.ts" name="BaseAuthTOTPRoute Tests &gt; updateSecretTimeStep &gt; Updates the secret&apos;s lastTimeStep when a matching secret is found." time="0.0003222">
        </testcase>
        <testcase classname="test/routes/BaseAuthTOTPRoute.test.ts" name="BaseAuthTOTPRoute Tests &gt; updateSecretTimeStep &gt; Throws and does not persist when lastTimeStep has already been advanced to at least this timeStep (replay/race)." time="0.0002902">
        </testcase>
        <testcase classname="test/routes/BaseAuthTOTPRoute.test.ts" name="BaseAuthTOTPRoute Tests &gt; getUser &gt; Throws if userUtils is not set." time="0.0001877">
        </testcase>
        <testcase classname="test/routes/BaseAuthTOTPRoute.test.ts" name="BaseAuthTOTPRoute Tests &gt; getUser &gt; Delegates to userUtils.lookup()." time="0.0001667">
        </testcase>
    </testsuite>
    <testsuite name="test/routes/BaseImpersonationRoute.test.ts" timestamp="2026-09-08T21:55:05.767Z" hostname="Jane" tests="16" failures="0" errors="0" skipped="0" time="0.0096284">
        <testcase classname="test/routes/BaseImpersonationRoute.test.ts" name="BaseImpersonationRoute Tests &gt; initialize &gt; Throws if objectFactory was not injected." time="0.0021186">
        </testcase>
        <testcase classname="test/routes/BaseImpersonationRoute.test.ts" name="BaseImpersonationRoute Tests &gt; initialize &gt; Creates userRepo via the object factory when unset." time="0.0019478">
        </testcase>
        <testcase classname="test/routes/BaseImpersonationRoute.test.ts" name="BaseImpersonationRoute Tests &gt; initialize &gt; Does not recreate userRepo if already set." time="0.0002574">
        </testcase>
        <testcase classname="test/routes/BaseImpersonationRoute.test.ts" name="BaseImpersonationRoute Tests &gt; impersonate &gt; Throws invalid_request when userUid is missing from the body." time="0.0006038">
        </testcase>
        <testcase classname="test/routes/BaseImpersonationRoute.test.ts" name="BaseImpersonationRoute Tests &gt; impersonate &gt; Throws invalid_request when the body itself is missing." time="0.0002351">
        </testcase>
        <testcase classname="test/routes/BaseImpersonationRoute.test.ts" name="BaseImpersonationRoute Tests &gt; impersonate &gt; Throws a 500 when auth config is not set." time="0.0001893">
        </testcase>
        <testcase classname="test/routes/BaseImpersonationRoute.test.ts" name="BaseImpersonationRoute Tests &gt; impersonate &gt; Throws not_found when the target user does not exist." time="0.0002065">
        </testcase>
        <testcase classname="test/routes/BaseImpersonationRoute.test.ts" name="BaseImpersonationRoute Tests &gt; impersonate &gt; Stashes the caller&apos;s current jwt cookie under jwt_impersonator when one is present." time="0.0008291">
        </testcase>
        <testcase classname="test/routes/BaseImpersonationRoute.test.ts" name="BaseImpersonationRoute Tests &gt; impersonate &gt; Does not stash anything when the caller has no current jwt cookie." time="0.0002208">
        </testcase>
        <testcase classname="test/routes/BaseImpersonationRoute.test.ts" name="BaseImpersonationRoute Tests &gt; impersonate &gt; Issues a non-elevated, impersonation-flagged token for the target user via tokenUtils." time="0.0004542">
        </testcase>
        <testcase classname="test/routes/BaseImpersonationRoute.test.ts" name="BaseImpersonationRoute Tests &gt; impersonate &gt; Logs a warning naming both the impersonator and the impersonated user." time="0.0003069">
        </testcase>
        <testcase classname="test/routes/BaseImpersonationRoute.test.ts" name="BaseImpersonationRoute Tests &gt; impersonate &gt; Does not throw when no logger was injected." time="0.0003189">
        </testcase>
        <testcase classname="test/routes/BaseImpersonationRoute.test.ts" name="BaseImpersonationRoute Tests &gt; stopImpersonating &gt; Returns restored:false and sets no cookies when no jwt_impersonator cookie is present." time="0.0001768">
        </testcase>
        <testcase classname="test/routes/BaseImpersonationRoute.test.ts" name="BaseImpersonationRoute Tests &gt; stopImpersonating &gt; Restores the stashed session as jwt and clears jwt_impersonator when present." time="0.0003216">
        </testcase>
        <testcase classname="test/routes/BaseImpersonationRoute.test.ts" name="BaseImpersonationRoute Tests &gt; stopImpersonating &gt; Logs a warning naming the user that was being impersonated." time="0.0001935">
        </testcase>
        <testcase classname="test/routes/BaseImpersonationRoute.test.ts" name="BaseImpersonationRoute Tests &gt; stopImpersonating &gt; Does not throw when no logger was injected." time="0.0001673">
        </testcase>
    </testsuite>
    <testsuite name="test/routes/BaseOAuthAuthorizeRoute.test.ts" timestamp="2026-09-08T21:55:05.769Z" hostname="Jane" tests="47" failures="0" errors="0" skipped="0" time="0.0250009">
        <testcase classname="test/routes/BaseOAuthAuthorizeRoute.test.ts" name="BaseOAuthAuthorizeRoute Tests &gt; initialize &gt; Throws if objectFactory was not injected." time="0.0016287">
        </testcase>
        <testcase classname="test/routes/BaseOAuthAuthorizeRoute.test.ts" name="BaseOAuthAuthorizeRoute Tests &gt; initialize &gt; Creates clientRepo, authorizationCodeRepo, and consentGrantRepo using the object factory." time="0.0007185">
        </testcase>
        <testcase classname="test/routes/BaseOAuthAuthorizeRoute.test.ts" name="BaseOAuthAuthorizeRoute Tests &gt; authorize &gt; Throws when client_id is missing." time="0.0005754">
        </testcase>
        <testcase classname="test/routes/BaseOAuthAuthorizeRoute.test.ts" name="BaseOAuthAuthorizeRoute Tests &gt; authorize &gt; Throws when the client is unknown." time="0.0003494">
        </testcase>
        <testcase classname="test/routes/BaseOAuthAuthorizeRoute.test.ts" name="BaseOAuthAuthorizeRoute Tests &gt; authorize &gt; Throws when the client is disabled." time="0.0002859">
        </testcase>
        <testcase classname="test/routes/BaseOAuthAuthorizeRoute.test.ts" name="BaseOAuthAuthorizeRoute Tests &gt; authorize &gt; Throws when redirect_uri is missing." time="0.0002683">
        </testcase>
        <testcase classname="test/routes/BaseOAuthAuthorizeRoute.test.ts" name="BaseOAuthAuthorizeRoute Tests &gt; authorize &gt; Throws when redirect_uri is not in the client&apos;s allow-list." time="0.0003002">
        </testcase>
        <testcase classname="test/routes/BaseOAuthAuthorizeRoute.test.ts" name="BaseOAuthAuthorizeRoute Tests &gt; authorize &gt; Returns an error redirect for an unsupported response_type." time="0.0003408">
        </testcase>
        <testcase classname="test/routes/BaseOAuthAuthorizeRoute.test.ts" name="BaseOAuthAuthorizeRoute Tests &gt; authorize &gt; Treats a request with no query object at all the same as an empty one." time="0.0003146">
        </testcase>
        <testcase classname="test/routes/BaseOAuthAuthorizeRoute.test.ts" name="BaseOAuthAuthorizeRoute Tests &gt; authorize &gt; Grants no scope for a client with no registered scope at all." time="0.0011113">
        </testcase>
        <testcase classname="test/routes/BaseOAuthAuthorizeRoute.test.ts" name="BaseOAuthAuthorizeRoute Tests &gt; authorize &gt; Returns an error redirect when PKCE is required but code_challenge is missing." time="0.0003691">
        </testcase>
        <testcase classname="test/routes/BaseOAuthAuthorizeRoute.test.ts" name="BaseOAuthAuthorizeRoute Tests &gt; authorize &gt; Returns an error redirect for an invalid code_challenge_method." time="0.0002913">
        </testcase>
        <testcase classname="test/routes/BaseOAuthAuthorizeRoute.test.ts" name="BaseOAuthAuthorizeRoute Tests &gt; authorize &gt; Accepts an explicit S256 code_challenge_method and succeeds when PKCE is required." time="0.0004525">
        </testcase>
        <testcase classname="test/routes/BaseOAuthAuthorizeRoute.test.ts" name="BaseOAuthAuthorizeRoute Tests &gt; authorize &gt; Omits the state parameter from the redirect when none was provided." time="0.0003109">
        </testcase>
        <testcase classname="test/routes/BaseOAuthAuthorizeRoute.test.ts" name="BaseOAuthAuthorizeRoute Tests &gt; authorize &gt; Omits the state parameter from an error redirect when none was provided." time="0.0002846">
        </testcase>
        <testcase classname="test/routes/BaseOAuthAuthorizeRoute.test.ts" name="BaseOAuthAuthorizeRoute Tests &gt; authorize &gt; Defaults code_challenge_method to &apos;plain&apos; when omitted." time="0.0002792">
        </testcase>
        <testcase classname="test/routes/BaseOAuthAuthorizeRoute.test.ts" name="BaseOAuthAuthorizeRoute Tests &gt; authorize &gt; Returns {loginRequired:true} when there is no authenticated user." time="0.0005286">
        </testcase>
        <testcase classname="test/routes/BaseOAuthAuthorizeRoute.test.ts" name="BaseOAuthAuthorizeRoute Tests &gt; authorize &gt; Resolves the user via req.session.userUid (fast path) without calling authMiddleware." time="0.0004464">
        </testcase>
        <testcase classname="test/routes/BaseOAuthAuthorizeRoute.test.ts" name="BaseOAuthAuthorizeRoute Tests &gt; authorize &gt; Falls back to authMiddleware.authenticate() when no session is present." time="0.0012259">
        </testcase>
        <testcase classname="test/routes/BaseOAuthAuthorizeRoute.test.ts" name="BaseOAuthAuthorizeRoute Tests &gt; authorize &gt; Falls back to a 60 second code expiry when codeTTL is not a valid duration." time="0.0003658">
        </testcase>
        <testcase classname="test/routes/BaseOAuthAuthorizeRoute.test.ts" name="BaseOAuthAuthorizeRoute Tests &gt; authorize &gt; Falls back to a 10 minute consent ticket expiry when consentTicketTTL is not a valid duration." time="0.002391">
        </testcase>
        <testcase classname="test/routes/BaseOAuthAuthorizeRoute.test.ts" name="BaseOAuthAuthorizeRoute Tests &gt; authorize &gt; Skips consent and issues a code directly for a first-party client." time="0.0004531">
        </testcase>
        <testcase classname="test/routes/BaseOAuthAuthorizeRoute.test.ts" name="BaseOAuthAuthorizeRoute Tests &gt; authorize &gt; Down-selects requested scope to the intersection with the client&apos;s registered scope." time="0.0002975">
        </testcase>
        <testcase classname="test/routes/BaseOAuthAuthorizeRoute.test.ts" name="BaseOAuthAuthorizeRoute Tests &gt; authorize &gt; Requires consent for a non-first-party client with no existing grant." time="0.0004319">
        </testcase>
        <testcase classname="test/routes/BaseOAuthAuthorizeRoute.test.ts" name="BaseOAuthAuthorizeRoute Tests &gt; authorize &gt; Skips consent and issues a code when an existing grant already covers the requested scope." time="0.0004329">
        </testcase>
        <testcase classname="test/routes/BaseOAuthAuthorizeRoute.test.ts" name="BaseOAuthAuthorizeRoute Tests &gt; authorize &gt; Still requires consent when the existing grant does not cover every requested scope." time="0.0003438">
        </testcase>
        <testcase classname="test/routes/BaseOAuthAuthorizeRoute.test.ts" name="BaseOAuthAuthorizeRoute Tests &gt; authorize &gt; prompt handling (OIDC Core §3.1.2.1) &gt; Rejects prompt=none combined with another value with invalid_request." time="0.0002506">
        </testcase>
        <testcase classname="test/routes/BaseOAuthAuthorizeRoute.test.ts" name="BaseOAuthAuthorizeRoute Tests &gt; authorize &gt; prompt handling (OIDC Core §3.1.2.1) &gt; Returns a login_required error redirect for prompt=none when there is no authenticated user." time="0.0002747">
        </testcase>
        <testcase classname="test/routes/BaseOAuthAuthorizeRoute.test.ts" name="BaseOAuthAuthorizeRoute Tests &gt; authorize &gt; prompt handling (OIDC Core §3.1.2.1) &gt; Returns a consent_required error redirect for prompt=none when consent would otherwise be required." time="0.0002526">
        </testcase>
        <testcase classname="test/routes/BaseOAuthAuthorizeRoute.test.ts" name="BaseOAuthAuthorizeRoute Tests &gt; authorize &gt; prompt handling (OIDC Core §3.1.2.1) &gt; Succeeds normally under prompt=none when already authenticated and no consent is needed." time="0.0002603">
        </testcase>
        <testcase classname="test/routes/BaseOAuthAuthorizeRoute.test.ts" name="BaseOAuthAuthorizeRoute Tests &gt; authorize &gt; prompt handling (OIDC Core §3.1.2.1) &gt; Forces {loginRequired:true} for prompt=login even when a session already resolves a user." time="0.0002402">
        </testcase>
        <testcase classname="test/routes/BaseOAuthAuthorizeRoute.test.ts" name="BaseOAuthAuthorizeRoute Tests &gt; authorize &gt; prompt handling (OIDC Core §3.1.2.1) &gt; Forces {loginRequired:true} for prompt=select_account even when a session already resolves a user." time="0.0002274">
        </testcase>
        <testcase classname="test/routes/BaseOAuthAuthorizeRoute.test.ts" name="BaseOAuthAuthorizeRoute Tests &gt; authorize &gt; prompt handling (OIDC Core §3.1.2.1) &gt; Forces consent even when a sufficient ConsentGrant already exists, for prompt=consent." time="0.0003867">
        </testcase>
        <testcase classname="test/routes/BaseOAuthAuthorizeRoute.test.ts" name="BaseOAuthAuthorizeRoute Tests &gt; authorize &gt; prompt handling (OIDC Core §3.1.2.1) &gt; A first-party client still skips consent even when prompt=consent is requested." time="0.0002822">
        </testcase>
        <testcase classname="test/routes/BaseOAuthAuthorizeRoute.test.ts" name="BaseOAuthAuthorizeRoute Tests &gt; decideConsent &gt; Throws when requestId is missing." time="0.0004191">
        </testcase>
        <testcase classname="test/routes/BaseOAuthAuthorizeRoute.test.ts" name="BaseOAuthAuthorizeRoute Tests &gt; decideConsent &gt; Throws when the request body is not a parseable object." time="0.0003328">
        </testcase>
        <testcase classname="test/routes/BaseOAuthAuthorizeRoute.test.ts" name="BaseOAuthAuthorizeRoute Tests &gt; decideConsent &gt; Throws when a validly-signed token is presented that isn&apos;t actually a consent ticket." time="0.0007519">
        </testcase>
        <testcase classname="test/routes/BaseOAuthAuthorizeRoute.test.ts" name="BaseOAuthAuthorizeRoute Tests &gt; decideConsent &gt; Throws when there is no authenticated user." time="0.0003785">
        </testcase>
        <testcase classname="test/routes/BaseOAuthAuthorizeRoute.test.ts" name="BaseOAuthAuthorizeRoute Tests &gt; decideConsent &gt; Throws when the ticket is invalid or expired." time="0.0003445">
        </testcase>
        <testcase classname="test/routes/BaseOAuthAuthorizeRoute.test.ts" name="BaseOAuthAuthorizeRoute Tests &gt; decideConsent &gt; Throws when the ticket does not belong to the current user." time="0.0006755">
        </testcase>
        <testcase classname="test/routes/BaseOAuthAuthorizeRoute.test.ts" name="BaseOAuthAuthorizeRoute Tests &gt; decideConsent &gt; Throws when the ticket&apos;s client no longer exists." time="0.0005279">
        </testcase>
        <testcase classname="test/routes/BaseOAuthAuthorizeRoute.test.ts" name="BaseOAuthAuthorizeRoute Tests &gt; decideConsent &gt; Returns an access_denied error redirect on denial, without creating a ConsentGrant." time="0.0005183">
        </testcase>
        <testcase classname="test/routes/BaseOAuthAuthorizeRoute.test.ts" name="BaseOAuthAuthorizeRoute Tests &gt; decideConsent &gt; Records a new ConsentGrant and issues a code on approval." time="0.0007488">
        </testcase>
        <testcase classname="test/routes/BaseOAuthAuthorizeRoute.test.ts" name="BaseOAuthAuthorizeRoute Tests &gt; decideConsent &gt; Merges scope into an existing ConsentGrant rather than overwriting it." time="0.0006036">
        </testcase>
        <testcase classname="test/routes/BaseOAuthAuthorizeRoute.test.ts" name="BaseOAuthAuthorizeRoute Tests &gt; decideConsent &gt; Never grants more scope than the ticket originally offered, even if scope override asks for more." time="0.0005169">
        </testcase>
        <testcase classname="test/routes/BaseOAuthAuthorizeRoute.test.ts" name="BaseOAuthAuthorizeRoute Tests &gt; decideConsent &gt; Down-selects scope when a narrower override is provided." time="0.0004693">
        </testcase>
        <testcase classname="test/routes/BaseOAuthAuthorizeRoute.test.ts" name="BaseOAuthAuthorizeRoute Tests &gt; decideConsent &gt; Treats a ticket with no scope at all as granting nothing." time="0.0004851">
        </testcase>
    </testsuite>
    <testsuite name="test/routes/BaseOAuthClientRoute.test.ts" timestamp="2026-09-08T21:55:05.773Z" hostname="Jane" tests="40" failures="0" errors="0" skipped="0" time="0.1583714">
        <testcase classname="test/routes/BaseOAuthClientRoute.test.ts" name="BaseOAuthClientRoute Tests &gt; validateCreate &gt; Delegates to CRUDRoute.validateCreate() for schema validation." time="0.0023391">
        </testcase>
        <testcase classname="test/routes/BaseOAuthClientRoute.test.ts" name="BaseOAuthClientRoute Tests &gt; validateCreate &gt; ownership &gt; Defaults obj.ownerUid to the authenticated caller&apos;s uid when unset." time="0.0003358">
        </testcase>
        <testcase classname="test/routes/BaseOAuthClientRoute.test.ts" name="BaseOAuthClientRoute Tests &gt; validateCreate &gt; ownership &gt; Leaves obj.ownerUid unset for a trusted (admin) caller who didn&apos;t specify one." time="0.0001911">
        </testcase>
        <testcase classname="test/routes/BaseOAuthClientRoute.test.ts" name="BaseOAuthClientRoute Tests &gt; validateCreate &gt; ownership &gt; Allows a caller to explicitly register a client for their own uid." time="0.0005898">
        </testcase>
        <testcase classname="test/routes/BaseOAuthClientRoute.test.ts" name="BaseOAuthClientRoute Tests &gt; validateCreate &gt; ownership &gt; Rejects registering a client owned by another user&apos;s uid without a trusted role." time="0.0008555">
        </testcase>
        <testcase classname="test/routes/BaseOAuthClientRoute.test.ts" name="BaseOAuthClientRoute Tests &gt; validateCreate &gt; ownership &gt; Allows a trusted (admin) caller to register a client owned by another user&apos;s uid." time="0.0001569">
        </testcase>
        <testcase classname="test/routes/BaseOAuthClientRoute.test.ts" name="BaseOAuthClientRoute Tests &gt; validateCreate &gt; firstParty field-level rule &gt; Forces firstParty to false for a non-trusted caller." time="0.000148">
        </testcase>
        <testcase classname="test/routes/BaseOAuthClientRoute.test.ts" name="BaseOAuthClientRoute Tests &gt; validateCreate &gt; firstParty field-level rule &gt; Allows a trusted (admin) caller to set firstParty: true." time="0.000134">
        </testcase>
        <testcase classname="test/routes/BaseOAuthClientRoute.test.ts" name="BaseOAuthClientRoute Tests &gt; validateCreate &gt; firstParty field-level rule &gt; Leaves firstParty untouched when not present on the payload at all." time="0.0001919">
        </testcase>
        <testcase classname="test/routes/BaseOAuthClientRoute.test.ts" name="BaseOAuthClientRoute Tests &gt; validateCreate &gt; PUBLIC clients &gt; Forces requirePkce to true regardless of what was requested." time="0.0002202">
        </testcase>
        <testcase classname="test/routes/BaseOAuthClientRoute.test.ts" name="BaseOAuthClientRoute Tests &gt; validateCreate &gt; PUBLIC clients &gt; Strips any client-supplied clientSecretHash — a public client is never issued a secret." time="0.0001423">
        </testcase>
        <testcase classname="test/routes/BaseOAuthClientRoute.test.ts" name="BaseOAuthClientRoute Tests &gt; validateCreate &gt; Does nothing secret-related when clientType is neither PUBLIC nor CONFIDENTIAL." time="0.0001205">
        </testcase>
        <testcase classname="test/routes/BaseOAuthClientRoute.test.ts" name="BaseOAuthClientRoute Tests &gt; validateCreate &gt; CONFIDENTIAL clients &gt; Generates a fresh secret, persists only its argon2 hash, and stashes the plaintext for the response." time="0.0626102">
        </testcase>
        <testcase classname="test/routes/BaseOAuthClientRoute.test.ts" name="BaseOAuthClientRoute Tests &gt; validateCreate &gt; CONFIDENTIAL clients &gt; Discards any client-supplied clientSecretHash, always minting a fresh one." time="0.0278">
        </testcase>
        <testcase classname="test/routes/BaseOAuthClientRoute.test.ts" name="BaseOAuthClientRoute Tests &gt; create &gt; Strips clientSecretHash and attaches the one-time plaintext secret for a CONFIDENTIAL client." time="0.0002947">
        </testcase>
        <testcase classname="test/routes/BaseOAuthClientRoute.test.ts" name="BaseOAuthClientRoute Tests &gt; create &gt; Never attaches a clientSecret for a PUBLIC client (none was generated)." time="0.0001687">
        </testcase>
        <testcase classname="test/routes/BaseOAuthClientRoute.test.ts" name="BaseOAuthClientRoute Tests &gt; create &gt; Handles an array of created clients, matching each generated secret to its own input by position." time="0.0003777">
        </testcase>
        <testcase classname="test/routes/BaseOAuthClientRoute.test.ts" name="BaseOAuthClientRoute Tests &gt; validateUpdate &gt; Delegates to CRUDRoute.validateUpdate() for schema validation." time="0.0002302">
        </testcase>
        <testcase classname="test/routes/BaseOAuthClientRoute.test.ts" name="BaseOAuthClientRoute Tests &gt; validateUpdate &gt; Rejects setting clientSecretHash directly, even for a trusted role." time="0.0002088">
        </testcase>
        <testcase classname="test/routes/BaseOAuthClientRoute.test.ts" name="BaseOAuthClientRoute Tests &gt; validateUpdate &gt; Rejects changing the owner without a trusted role." time="0.0002551">
        </testcase>
        <testcase classname="test/routes/BaseOAuthClientRoute.test.ts" name="BaseOAuthClientRoute Tests &gt; validateUpdate &gt; Allows a trusted (admin) caller to change the owner." time="0.0001478">
        </testcase>
        <testcase classname="test/routes/BaseOAuthClientRoute.test.ts" name="BaseOAuthClientRoute Tests &gt; validateUpdate &gt; Silently drops a firstParty change from a non-trusted caller." time="0.0001129">
        </testcase>
        <testcase classname="test/routes/BaseOAuthClientRoute.test.ts" name="BaseOAuthClientRoute Tests &gt; validateUpdate &gt; Allows a trusted (admin) caller to change firstParty." time="0.0000925">
        </testcase>
        <testcase classname="test/routes/BaseOAuthClientRoute.test.ts" name="BaseOAuthClientRoute Tests &gt; update &gt; Delegates to CRUDRoute.update() with the same arguments." time="0.000204">
        </testcase>
        <testcase classname="test/routes/BaseOAuthClientRoute.test.ts" name="BaseOAuthClientRoute Tests &gt; delete &gt; Delegates to CRUDRoute.delete() with the same arguments." time="0.000193">
        </testcase>
        <testcase classname="test/routes/BaseOAuthClientRoute.test.ts" name="BaseOAuthClientRoute Tests &gt; count / exists / truncate / updateBulk / updateProperty &gt; count() delegates to CRUDRoute.count() with the same arguments." time="0.0002424">
        </testcase>
        <testcase classname="test/routes/BaseOAuthClientRoute.test.ts" name="BaseOAuthClientRoute Tests &gt; count / exists / truncate / updateBulk / updateProperty &gt; exists() delegates to CRUDRoute.exists() with the same arguments." time="0.000171">
        </testcase>
        <testcase classname="test/routes/BaseOAuthClientRoute.test.ts" name="BaseOAuthClientRoute Tests &gt; count / exists / truncate / updateBulk / updateProperty &gt; truncate() delegates to CRUDRoute.truncate() with the same arguments." time="0.0001811">
        </testcase>
        <testcase classname="test/routes/BaseOAuthClientRoute.test.ts" name="BaseOAuthClientRoute Tests &gt; count / exists / truncate / updateBulk / updateProperty &gt; updateBulk() delegates to CRUDRoute.updateBulk() with the same arguments." time="0.0001557">
        </testcase>
        <testcase classname="test/routes/BaseOAuthClientRoute.test.ts" name="BaseOAuthClientRoute Tests &gt; count / exists / truncate / updateBulk / updateProperty &gt; updateProperty() delegates to CRUDRoute.updateProperty() with the same arguments." time="0.0001528">
        </testcase>
        <testcase classname="test/routes/BaseOAuthClientRoute.test.ts" name="BaseOAuthClientRoute Tests &gt; find &gt; Throws INTERNAL_ERROR when repoUtils is not set." time="0.0002152">
        </testcase>
        <testcase classname="test/routes/BaseOAuthClientRoute.test.ts" name="BaseOAuthClientRoute Tests &gt; find &gt; Scopes the query to the caller&apos;s own ownerUid and bypasses ACL for a non-trusted caller." time="0.0002942">
        </testcase>
        <testcase classname="test/routes/BaseOAuthClientRoute.test.ts" name="BaseOAuthClientRoute Tests &gt; find &gt; Discards any client-supplied ownerUid filter, always scoping to the caller&apos;s own uid." time="0.0010477">
        </testcase>
        <testcase classname="test/routes/BaseOAuthClientRoute.test.ts" name="BaseOAuthClientRoute Tests &gt; find &gt; Uses the normal, unscoped CRUDRoute.find() for a trusted (admin) caller." time="0.0001883">
        </testcase>
        <testcase classname="test/routes/BaseOAuthClientRoute.test.ts" name="BaseOAuthClientRoute Tests &gt; findById &gt; Strips clientSecretHash from the result." time="0.0001397">
        </testcase>
        <testcase classname="test/routes/BaseOAuthClientRoute.test.ts" name="BaseOAuthClientRoute Tests &gt; findById &gt; Returns null as-is when the client doesn&apos;t exist (or isn&apos;t visible to the caller)." time="0.0001033">
        </testcase>
        <testcase classname="test/routes/BaseOAuthClientRoute.test.ts" name="BaseOAuthClientRoute Tests &gt; regenerateSecret &gt; Throws INTERNAL_ERROR when repoUtils is not set." time="0.0002097">
        </testcase>
        <testcase classname="test/routes/BaseOAuthClientRoute.test.ts" name="BaseOAuthClientRoute Tests &gt; regenerateSecret &gt; Throws NOT_FOUND when the client does not exist (or the caller isn&apos;t permitted to see it)." time="0.0001859">
        </testcase>
        <testcase classname="test/routes/BaseOAuthClientRoute.test.ts" name="BaseOAuthClientRoute Tests &gt; regenerateSecret &gt; Rejects regenerating a secret for a PUBLIC client." time="0.0001802">
        </testcase>
        <testcase classname="test/routes/BaseOAuthClientRoute.test.ts" name="BaseOAuthClientRoute Tests &gt; regenerateSecret &gt; Generates a new secret, persists only its hash (with the existing record&apos;s uid/version), and returns the plaintext once." time="0.0554015">
        </testcase>
    </testsuite>
    <testsuite name="test/routes/BaseOAuthDiscoveryRoute.test.ts" timestamp="2026-09-08T21:55:05.777Z" hostname="Jane" tests="7" failures="0" errors="0" skipped="0" time="0.00614">
        <testcase classname="test/routes/BaseOAuthDiscoveryRoute.test.ts" name="BaseOAuthDiscoveryRoute Tests &gt; initialize &gt; Throws if objectFactory was not injected." time="0.0023396">
        </testcase>
        <testcase classname="test/routes/BaseOAuthDiscoveryRoute.test.ts" name="BaseOAuthDiscoveryRoute Tests &gt; initialize &gt; Succeeds once objectFactory is set." time="0.0003205">
        </testcase>
        <testcase classname="test/routes/BaseOAuthDiscoveryRoute.test.ts" name="BaseOAuthDiscoveryRoute Tests &gt; Sets a public, cacheable Cache-Control header." time="0.0013269">
        </testcase>
        <testcase classname="test/routes/BaseOAuthDiscoveryRoute.test.ts" name="BaseOAuthDiscoveryRoute Tests &gt; Includes every endpoint field and the issuer when all endpoints are configured." time="0.0004271">
        </testcase>
        <testcase classname="test/routes/BaseOAuthDiscoveryRoute.test.ts" name="BaseOAuthDiscoveryRoute Tests &gt; Omits userinfo/revocation/introspection/registration fields entirely when not configured." time="0.0002054">
        </testcase>
        <testcase classname="test/routes/BaseOAuthDiscoveryRoute.test.ts" name="BaseOAuthDiscoveryRoute Tests &gt; Defaults supportedScopes to openid/profile/email/phone/offline_access when unconfigured." time="0.0002116">
        </testcase>
        <testcase classname="test/routes/BaseOAuthDiscoveryRoute.test.ts" name="BaseOAuthDiscoveryRoute Tests &gt; Reports the grant types, auth methods, and PKCE methods this library actually supports." time="0.0003218">
        </testcase>
    </testsuite>
    <testsuite name="test/routes/BaseOAuthIntrospectRoute.test.ts" timestamp="2026-09-08T21:55:05.778Z" hostname="Jane" tests="16" failures="0" errors="0" skipped="0" time="0.0111721">
        <testcase classname="test/routes/BaseOAuthIntrospectRoute.test.ts" name="BaseOAuthIntrospectRoute Tests &gt; initialize &gt; Throws if objectFactory was not injected." time="0.0017484">
        </testcase>
        <testcase classname="test/routes/BaseOAuthIntrospectRoute.test.ts" name="BaseOAuthIntrospectRoute Tests &gt; initialize &gt; Builds clientRepo, refreshTokenRepo, clientAuthUtils, accessTokenDenylist, and oauthTokenUtils via the object factory." time="0.0009977">
        </testcase>
        <testcase classname="test/routes/BaseOAuthIntrospectRoute.test.ts" name="BaseOAuthIntrospectRoute Tests &gt; initialize &gt; Does not recreate any repo/utils if initialize() runs again." time="0.0004936">
        </testcase>
        <testcase classname="test/routes/BaseOAuthIntrospectRoute.test.ts" name="BaseOAuthIntrospectRoute Tests &gt; introspect &gt; Always sets Cache-Control: no-store." time="0.0013009">
        </testcase>
        <testcase classname="test/routes/BaseOAuthIntrospectRoute.test.ts" name="BaseOAuthIntrospectRoute Tests &gt; introspect &gt; Fails with invalid_client when the caller is a public client." time="0.0010993">
        </testcase>
        <testcase classname="test/routes/BaseOAuthIntrospectRoute.test.ts" name="BaseOAuthIntrospectRoute Tests &gt; introspect &gt; Maps a 401 ApiError (client auth failure) to invalid_client." time="0.0006886">
        </testcase>
        <testcase classname="test/routes/BaseOAuthIntrospectRoute.test.ts" name="BaseOAuthIntrospectRoute Tests &gt; introspect &gt; Maps a plain Error to a 500 server_error." time="0.0003961">
        </testcase>
        <testcase classname="test/routes/BaseOAuthIntrospectRoute.test.ts" name="BaseOAuthIntrospectRoute Tests &gt; introspect &gt; Fails with invalid_request when token is missing." time="0.0003908">
        </testcase>
        <testcase classname="test/routes/BaseOAuthIntrospectRoute.test.ts" name="BaseOAuthIntrospectRoute Tests &gt; introspect &gt; Returns {active:false} for a completely unknown token." time="0.0004149">
        </testcase>
        <testcase classname="test/routes/BaseOAuthIntrospectRoute.test.ts" name="BaseOAuthIntrospectRoute Tests &gt; introspect &gt; refresh tokens &gt; Returns active:true with the refresh token&apos;s metadata." time="0.0005329">
        </testcase>
        <testcase classname="test/routes/BaseOAuthIntrospectRoute.test.ts" name="BaseOAuthIntrospectRoute Tests &gt; introspect &gt; refresh tokens &gt; Omits sub when the refresh token has no userUid." time="0.0003473">
        </testcase>
        <testcase classname="test/routes/BaseOAuthIntrospectRoute.test.ts" name="BaseOAuthIntrospectRoute Tests &gt; introspect &gt; refresh tokens &gt; Returns {active:false} for a revoked refresh token." time="0.0003542">
        </testcase>
        <testcase classname="test/routes/BaseOAuthIntrospectRoute.test.ts" name="BaseOAuthIntrospectRoute Tests &gt; introspect &gt; refresh tokens &gt; Returns {active:false} for an expired refresh token." time="0.0003436">
        </testcase>
        <testcase classname="test/routes/BaseOAuthIntrospectRoute.test.ts" name="BaseOAuthIntrospectRoute Tests &gt; introspect &gt; access tokens &gt; Returns active:true with the access token&apos;s claims." time="0.0003235">
        </testcase>
        <testcase classname="test/routes/BaseOAuthIntrospectRoute.test.ts" name="BaseOAuthIntrospectRoute Tests &gt; introspect &gt; access tokens &gt; Returns {active:false} for an invalid/expired access token signature." time="0.0002816">
        </testcase>
        <testcase classname="test/routes/BaseOAuthIntrospectRoute.test.ts" name="BaseOAuthIntrospectRoute Tests &gt; introspect &gt; access tokens &gt; Returns {active:false} once the access token&apos;s jti has been denylisted (revoked)." time="0.0003048">
        </testcase>
    </testsuite>
    <testsuite name="test/routes/BaseOAuthJwksRoute.test.ts" timestamp="2026-09-08T21:55:05.779Z" hostname="Jane" tests="5" failures="0" errors="0" skipped="0" time="0.0048265">
        <testcase classname="test/routes/BaseOAuthJwksRoute.test.ts" name="BaseOAuthJwksRoute Tests &gt; initialize &gt; Throws if objectFactory was not injected." time="0.0016303">
        </testcase>
        <testcase classname="test/routes/BaseOAuthJwksRoute.test.ts" name="BaseOAuthJwksRoute Tests &gt; initialize &gt; Creates signingKeyRepo and signingKeyUtils using the object factory." time="0.0006453">
        </testcase>
        <testcase classname="test/routes/BaseOAuthJwksRoute.test.ts" name="BaseOAuthJwksRoute Tests &gt; initialize &gt; Does not recreate the repo/utils if initialize() runs again." time="0.0002137">
        </testcase>
        <testcase classname="test/routes/BaseOAuthJwksRoute.test.ts" name="BaseOAuthJwksRoute Tests &gt; jwks &gt; Returns the public JWK set and sets a Cache-Control header derived from the rotation interval." time="0.0008359">
        </testcase>
        <testcase classname="test/routes/BaseOAuthJwksRoute.test.ts" name="BaseOAuthJwksRoute Tests &gt; jwks &gt; Throws if signingKeyUtils was not initialized." time="0.0002556">
        </testcase>
    </testsuite>
    <testsuite name="test/routes/BaseOAuthRevokeRoute.test.ts" timestamp="2026-09-08T21:55:05.780Z" hostname="Jane" tests="15" failures="0" errors="0" skipped="0" time="0.0102914">
        <testcase classname="test/routes/BaseOAuthRevokeRoute.test.ts" name="BaseOAuthRevokeRoute Tests &gt; initialize &gt; Throws if objectFactory was not injected." time="0.0015845">
        </testcase>
        <testcase classname="test/routes/BaseOAuthRevokeRoute.test.ts" name="BaseOAuthRevokeRoute Tests &gt; initialize &gt; Builds clientRepo, refreshTokenRepo, clientAuthUtils, accessTokenDenylist, and oauthTokenUtils via the object factory." time="0.0009038">
        </testcase>
        <testcase classname="test/routes/BaseOAuthRevokeRoute.test.ts" name="BaseOAuthRevokeRoute Tests &gt; initialize &gt; Does not recreate any repo/utils if initialize() runs again." time="0.0004065">
        </testcase>
        <testcase classname="test/routes/BaseOAuthRevokeRoute.test.ts" name="BaseOAuthRevokeRoute Tests &gt; revoke &gt; Fails with invalid_request when token is missing." time="0.0015905">
        </testcase>
        <testcase classname="test/routes/BaseOAuthRevokeRoute.test.ts" name="BaseOAuthRevokeRoute Tests &gt; revoke &gt; Maps a 401 ApiError (client auth failure) to invalid_client." time="0.0006631">
        </testcase>
        <testcase classname="test/routes/BaseOAuthRevokeRoute.test.ts" name="BaseOAuthRevokeRoute Tests &gt; revoke &gt; Maps a plain Error to a 500 server_error." time="0.0003518">
        </testcase>
        <testcase classname="test/routes/BaseOAuthRevokeRoute.test.ts" name="BaseOAuthRevokeRoute Tests &gt; revoke &gt; Returns 200 with an empty body for a token that doesn&apos;t exist at all." time="0.0005138">
        </testcase>
        <testcase classname="test/routes/BaseOAuthRevokeRoute.test.ts" name="BaseOAuthRevokeRoute Tests &gt; revoke &gt; Revokes a matching refresh token." time="0.0007963">
        </testcase>
        <testcase classname="test/routes/BaseOAuthRevokeRoute.test.ts" name="BaseOAuthRevokeRoute Tests &gt; revoke &gt; Does not revoke a refresh token belonging to a different client." time="0.0003806">
        </testcase>
        <testcase classname="test/routes/BaseOAuthRevokeRoute.test.ts" name="BaseOAuthRevokeRoute Tests &gt; revoke &gt; Is a no-op for a refresh token that&apos;s already revoked." time="0.0003761">
        </testcase>
        <testcase classname="test/routes/BaseOAuthRevokeRoute.test.ts" name="BaseOAuthRevokeRoute Tests &gt; revoke &gt; Falls back to denylisting an access token when the refresh-token lookup finds nothing." time="0.0004431">
        </testcase>
        <testcase classname="test/routes/BaseOAuthRevokeRoute.test.ts" name="BaseOAuthRevokeRoute Tests &gt; revoke &gt; Does not denylist an access token belonging to a different client." time="0.0003635">
        </testcase>
        <testcase classname="test/routes/BaseOAuthRevokeRoute.test.ts" name="BaseOAuthRevokeRoute Tests &gt; revoke &gt; Treats a missing exp claim as an already-expired token (ttlSeconds 0) rather than denylisting forever." time="0.000323">
        </testcase>
        <testcase classname="test/routes/BaseOAuthRevokeRoute.test.ts" name="BaseOAuthRevokeRoute Tests &gt; revoke &gt; Tries the access-token path first when token_type_hint is access_token, falling back to refresh token." time="0.0003927">
        </testcase>
        <testcase classname="test/routes/BaseOAuthRevokeRoute.test.ts" name="BaseOAuthRevokeRoute Tests &gt; revoke &gt; Skips the access-token verification call once the hinted refresh-token lookup already found a match." time="0.0002744">
        </testcase>
    </testsuite>
    <testsuite name="test/routes/BaseOAuthTokenRoute.test.ts" timestamp="2026-09-08T21:55:05.782Z" hostname="Jane" tests="47" failures="0" errors="0" skipped="0" time="0.0257816">
        <testcase classname="test/routes/BaseOAuthTokenRoute.test.ts" name="BaseOAuthTokenRoute Tests &gt; initialize &gt; Throws if objectFactory was not injected." time="0.0016713">
        </testcase>
        <testcase classname="test/routes/BaseOAuthTokenRoute.test.ts" name="BaseOAuthTokenRoute Tests &gt; initialize &gt; Builds clientRepo, authorizationCodeRepo, refreshTokenRepo, clientAuthUtils, and oauthTokenUtils via the object factory." time="0.0010237">
        </testcase>
        <testcase classname="test/routes/BaseOAuthTokenRoute.test.ts" name="BaseOAuthTokenRoute Tests &gt; initialize &gt; Does not recreate any repo/utils if initialize() runs again." time="0.0005927">
        </testcase>
        <testcase classname="test/routes/BaseOAuthTokenRoute.test.ts" name="BaseOAuthTokenRoute Tests &gt; token &gt; Always sets Cache-Control: no-store and Pragma: no-cache." time="0.0012091">
        </testcase>
        <testcase classname="test/routes/BaseOAuthTokenRoute.test.ts" name="BaseOAuthTokenRoute Tests &gt; token &gt; Returns unsupported_grant_type for an unrecognized grant_type." time="0.0010887">
        </testcase>
        <testcase classname="test/routes/BaseOAuthTokenRoute.test.ts" name="BaseOAuthTokenRoute Tests &gt; token &gt; Maps a plain Error to a 500 server_error." time="0.0006208">
        </testcase>
        <testcase classname="test/routes/BaseOAuthTokenRoute.test.ts" name="BaseOAuthTokenRoute Tests &gt; token &gt; Maps a 401 ApiError to invalid_client." time="0.0006039">
        </testcase>
        <testcase classname="test/routes/BaseOAuthTokenRoute.test.ts" name="BaseOAuthTokenRoute Tests &gt; token &gt; Maps a 429 ApiError (rate limited) to invalid_request at its own status." time="0.0004534">
        </testcase>
        <testcase classname="test/routes/BaseOAuthTokenRoute.test.ts" name="BaseOAuthTokenRoute Tests &gt; token &gt; Maps a 500+ ApiError to server_error." time="0.0004789">
        </testcase>
        <testcase classname="test/routes/BaseOAuthTokenRoute.test.ts" name="BaseOAuthTokenRoute Tests &gt; token &gt; authorization_code grant &gt; Fails with invalid_request when code is missing." time="0.0004359">
        </testcase>
        <testcase classname="test/routes/BaseOAuthTokenRoute.test.ts" name="BaseOAuthTokenRoute Tests &gt; token &gt; authorization_code grant &gt; Fails with invalid_request when redirect_uri is missing." time="0.0003292">
        </testcase>
        <testcase classname="test/routes/BaseOAuthTokenRoute.test.ts" name="BaseOAuthTokenRoute Tests &gt; token &gt; authorization_code grant &gt; Fails with invalid_grant when the code does not exist." time="0.0005615">
        </testcase>
        <testcase classname="test/routes/BaseOAuthTokenRoute.test.ts" name="BaseOAuthTokenRoute Tests &gt; token &gt; authorization_code grant &gt; Fails with invalid_grant when the code belongs to a different client." time="0.0003813">
        </testcase>
        <testcase classname="test/routes/BaseOAuthTokenRoute.test.ts" name="BaseOAuthTokenRoute Tests &gt; token &gt; authorization_code grant &gt; Fails with invalid_grant when the code has already been used." time="0.0003337">
        </testcase>
        <testcase classname="test/routes/BaseOAuthTokenRoute.test.ts" name="BaseOAuthTokenRoute Tests &gt; token &gt; authorization_code grant &gt; Fails with invalid_grant when the code has expired." time="0.0003332">
        </testcase>
        <testcase classname="test/routes/BaseOAuthTokenRoute.test.ts" name="BaseOAuthTokenRoute Tests &gt; token &gt; authorization_code grant &gt; Fails with invalid_grant when redirect_uri does not match the code&apos;s stored value." time="0.0003637">
        </testcase>
        <testcase classname="test/routes/BaseOAuthTokenRoute.test.ts" name="BaseOAuthTokenRoute Tests &gt; token &gt; authorization_code grant &gt; Fails with invalid_grant when code_verifier is missing for a PKCE-protected code." time="0.0004052">
        </testcase>
        <testcase classname="test/routes/BaseOAuthTokenRoute.test.ts" name="BaseOAuthTokenRoute Tests &gt; token &gt; authorization_code grant &gt; Fails with invalid_grant when code_verifier does not match the code_challenge." time="0.0004533">
        </testcase>
        <testcase classname="test/routes/BaseOAuthTokenRoute.test.ts" name="BaseOAuthTokenRoute Tests &gt; token &gt; authorization_code grant &gt; Succeeds with a matching plain code_verifier." time="0.0004613">
        </testcase>
        <testcase classname="test/routes/BaseOAuthTokenRoute.test.ts" name="BaseOAuthTokenRoute Tests &gt; token &gt; authorization_code grant &gt; Defaults to &apos;plain&apos; PKCE verification when the code has no stored codeChallengeMethod." time="0.0003202">
        </testcase>
        <testcase classname="test/routes/BaseOAuthTokenRoute.test.ts" name="BaseOAuthTokenRoute Tests &gt; token &gt; authorization_code grant &gt; Grants an empty scope and no id_token when the code carries no scope at all." time="0.0003503">
        </testcase>
        <testcase classname="test/routes/BaseOAuthTokenRoute.test.ts" name="BaseOAuthTokenRoute Tests &gt; token &gt; authorization_code grant &gt; Loses the optimistic-locking race and reports invalid_grant when update() throws." time="0.000427">
        </testcase>
        <testcase classname="test/routes/BaseOAuthTokenRoute.test.ts" name="BaseOAuthTokenRoute Tests &gt; token &gt; authorization_code grant &gt; Marks the code used and issues an access token without an id_token for a non-openid scope." time="0.0005584">
        </testcase>
        <testcase classname="test/routes/BaseOAuthTokenRoute.test.ts" name="BaseOAuthTokenRoute Tests &gt; token &gt; authorization_code grant &gt; Includes an id_token when the granted scope includes openid." time="0.0005392">
        </testcase>
        <testcase classname="test/routes/BaseOAuthTokenRoute.test.ts" name="BaseOAuthTokenRoute Tests &gt; token &gt; authorization_code grant &gt; Does not issue a refresh_token when the client&apos;s grantTypes does not include refresh_token." time="0.0003447">
        </testcase>
        <testcase classname="test/routes/BaseOAuthTokenRoute.test.ts" name="BaseOAuthTokenRoute Tests &gt; token &gt; authorization_code grant &gt; Issues and persists a refresh_token when the client&apos;s grantTypes includes refresh_token." time="0.000569">
        </testcase>
        <testcase classname="test/routes/BaseOAuthTokenRoute.test.ts" name="BaseOAuthTokenRoute Tests &gt; token &gt; authorization_code grant &gt; Does not issue a refresh_token for an OIDC flow (openid scope) that did not also request offline_access." time="0.0003404">
        </testcase>
        <testcase classname="test/routes/BaseOAuthTokenRoute.test.ts" name="BaseOAuthTokenRoute Tests &gt; token &gt; authorization_code grant &gt; Issues a refresh_token for an OIDC flow that also requested offline_access." time="0.0004095">
        </testcase>
        <testcase classname="test/routes/BaseOAuthTokenRoute.test.ts" name="BaseOAuthTokenRoute Tests &gt; token &gt; refresh_token grant &gt; Fails with invalid_request when refresh_token is missing." time="0.0004209">
        </testcase>
        <testcase classname="test/routes/BaseOAuthTokenRoute.test.ts" name="BaseOAuthTokenRoute Tests &gt; token &gt; refresh_token grant &gt; Fails with invalid_grant when the token does not exist." time="0.0003462">
        </testcase>
        <testcase classname="test/routes/BaseOAuthTokenRoute.test.ts" name="BaseOAuthTokenRoute Tests &gt; token &gt; refresh_token grant &gt; Fails with invalid_grant when the token belongs to a different client." time="0.0003864">
        </testcase>
        <testcase classname="test/routes/BaseOAuthTokenRoute.test.ts" name="BaseOAuthTokenRoute Tests &gt; token &gt; refresh_token grant &gt; Fails with invalid_grant when the token has expired." time="0.0003415">
        </testcase>
        <testcase classname="test/routes/BaseOAuthTokenRoute.test.ts" name="BaseOAuthTokenRoute Tests &gt; token &gt; refresh_token grant &gt; Fails with invalid_scope when the requested scope exceeds what was originally granted." time="0.0003622">
        </testcase>
        <testcase classname="test/routes/BaseOAuthTokenRoute.test.ts" name="BaseOAuthTokenRoute Tests &gt; token &gt; refresh_token grant &gt; Narrows scope when a smaller scope is requested." time="0.0004429">
        </testcase>
        <testcase classname="test/routes/BaseOAuthTokenRoute.test.ts" name="BaseOAuthTokenRoute Tests &gt; token &gt; refresh_token grant &gt; Grants an empty scope when the token carries no scope at all." time="0.0003688">
        </testcase>
        <testcase classname="test/routes/BaseOAuthTokenRoute.test.ts" name="BaseOAuthTokenRoute Tests &gt; token &gt; refresh_token grant &gt; Does not set replacedByHash when the client no longer issues refresh tokens." time="0.0005308">
        </testcase>
        <testcase classname="test/routes/BaseOAuthTokenRoute.test.ts" name="BaseOAuthTokenRoute Tests &gt; token &gt; refresh_token grant &gt; Rotates the token: revokes the old one, persists a new one in the same family, and returns both tokens." time="0.0005659">
        </testcase>
        <testcase classname="test/routes/BaseOAuthTokenRoute.test.ts" name="BaseOAuthTokenRoute Tests &gt; token &gt; refresh_token grant &gt; Treats a replayed (already-revoked) token as theft and revokes the entire family." time="0.0006833">
        </testcase>
        <testcase classname="test/routes/BaseOAuthTokenRoute.test.ts" name="BaseOAuthTokenRoute Tests &gt; token &gt; refresh_token grant &gt; Revokes the whole family when the rotation update() loses the optimistic-locking race." time="0.0004729">
        </testcase>
        <testcase classname="test/routes/BaseOAuthTokenRoute.test.ts" name="BaseOAuthTokenRoute Tests &gt; token &gt; client_credentials grant &gt; Fails with unauthorized_client when the client is public." time="0.0004551">
        </testcase>
        <testcase classname="test/routes/BaseOAuthTokenRoute.test.ts" name="BaseOAuthTokenRoute Tests &gt; token &gt; client_credentials grant &gt; Fails with unauthorized_client when the client&apos;s grantTypes does not include client_credentials." time="0.0005173">
        </testcase>
        <testcase classname="test/routes/BaseOAuthTokenRoute.test.ts" name="BaseOAuthTokenRoute Tests &gt; token &gt; client_credentials grant &gt; Fails with invalid_scope when the requested scope exceeds what the client is registered for." time="0.0004931">
        </testcase>
        <testcase classname="test/routes/BaseOAuthTokenRoute.test.ts" name="BaseOAuthTokenRoute Tests &gt; token &gt; client_credentials grant &gt; Defaults to the client&apos;s full registered scope when none is requested." time="0.0006186">
        </testcase>
        <testcase classname="test/routes/BaseOAuthTokenRoute.test.ts" name="BaseOAuthTokenRoute Tests &gt; token &gt; client_credentials grant &gt; Narrows scope when a smaller scope is requested." time="0.0006176">
        </testcase>
        <testcase classname="test/routes/BaseOAuthTokenRoute.test.ts" name="BaseOAuthTokenRoute Tests &gt; token &gt; client_credentials grant &gt; Grants an empty scope when the client has no registered scope at all." time="0.0004061">
        </testcase>
        <testcase classname="test/routes/BaseOAuthTokenRoute.test.ts" name="BaseOAuthTokenRoute Tests &gt; token &gt; client_credentials grant &gt; Never issues a refresh_token, even when the client&apos;s grantTypes also includes refresh_token." time="0.000406">
        </testcase>
        <testcase classname="test/routes/BaseOAuthTokenRoute.test.ts" name="BaseOAuthTokenRoute Tests &gt; OAuthError &gt; Defaults status to 400 and uses `error` as the message when no description is given." time="0.0003053">
        </testcase>
    </testsuite>
    <testsuite name="test/routes/BaseOAuthUserInfoRoute.test.ts" timestamp="2026-09-08T21:55:05.786Z" hostname="Jane" tests="15" failures="0" errors="0" skipped="0" time="0.007459">
        <testcase classname="test/routes/BaseOAuthUserInfoRoute.test.ts" name="BaseOAuthUserInfoRoute Tests &gt; initialize &gt; Throws if authMiddleware was not injected." time="0.001903">
        </testcase>
        <testcase classname="test/routes/BaseOAuthUserInfoRoute.test.ts" name="BaseOAuthUserInfoRoute Tests &gt; initialize &gt; Throws if objectFactory was not set." time="0.0002386">
        </testcase>
        <testcase classname="test/routes/BaseOAuthUserInfoRoute.test.ts" name="BaseOAuthUserInfoRoute Tests &gt; initialize &gt; Builds profileRepo/oauthTokenUtils and registers the oauth_bearer strategy via the object factory." time="0.0013812">
        </testcase>
        <testcase classname="test/routes/BaseOAuthUserInfoRoute.test.ts" name="BaseOAuthUserInfoRoute Tests &gt; initialize &gt; Does not recreate profileRepo/oauthTokenUtils if initialize() runs again." time="0.0002905">
        </testcase>
        <testcase classname="test/routes/BaseOAuthUserInfoRoute.test.ts" name="BaseOAuthUserInfoRoute Tests &gt; userinfo &gt; Returns only sub when no profile/email/phone scope was granted." time="0.0002933">
        </testcase>
        <testcase classname="test/routes/BaseOAuthUserInfoRoute.test.ts" name="BaseOAuthUserInfoRoute Tests &gt; userinfo &gt; Returns only sub when the profile scope is granted but no Profile record exists." time="0.0001872">
        </testcase>
        <testcase classname="test/routes/BaseOAuthUserInfoRoute.test.ts" name="BaseOAuthUserInfoRoute Tests &gt; userinfo &gt; Requests the Profile with scopes that bypass the unrelated internal field-level ACL gate." time="0.0003753">
        </testcase>
        <testcase classname="test/routes/BaseOAuthUserInfoRoute.test.ts" name="BaseOAuthUserInfoRoute Tests &gt; userinfo &gt; Includes given_name/family_name/name/birthdate/picture for the profile scope." time="0.0003258">
        </testcase>
        <testcase classname="test/routes/BaseOAuthUserInfoRoute.test.ts" name="BaseOAuthUserInfoRoute Tests &gt; userinfo &gt; Omits given_name/family_name/name individually when the Profile has neither." time="0.0001955">
        </testcase>
        <testcase classname="test/routes/BaseOAuthUserInfoRoute.test.ts" name="BaseOAuthUserInfoRoute Tests &gt; userinfo &gt; Builds name from givenName alone when familyName is absent." time="0.0002512">
        </testcase>
        <testcase classname="test/routes/BaseOAuthUserInfoRoute.test.ts" name="BaseOAuthUserInfoRoute Tests &gt; userinfo &gt; Includes email/email_verified for the email scope from the first EMAIL contact." time="0.0002469">
        </testcase>
        <testcase classname="test/routes/BaseOAuthUserInfoRoute.test.ts" name="BaseOAuthUserInfoRoute Tests &gt; userinfo &gt; Omits email claims when the Profile has no EMAIL contact." time="0.0001997">
        </testcase>
        <testcase classname="test/routes/BaseOAuthUserInfoRoute.test.ts" name="BaseOAuthUserInfoRoute Tests &gt; userinfo &gt; Includes phone_number/phone_number_verified for the phone scope from the first PHONE contact." time="0.0001856">
        </testcase>
        <testcase classname="test/routes/BaseOAuthUserInfoRoute.test.ts" name="BaseOAuthUserInfoRoute Tests &gt; userinfo &gt; Omits phone claims when the Profile has no PHONE contact." time="0.0001538">
        </testcase>
        <testcase classname="test/routes/BaseOAuthUserInfoRoute.test.ts" name="BaseOAuthUserInfoRoute Tests &gt; userinfo &gt; Combines every granted claim group in a single response." time="0.000276">
        </testcase>
    </testsuite>
    <testsuite name="test/routes/BaseProfileRoute.test.ts" timestamp="2026-09-08T21:55:05.787Z" hostname="Jane" tests="69" failures="0" errors="0" skipped="0" time="0.0357828">
        <testcase classname="test/routes/BaseProfileRoute.test.ts" name="BaseProfileRoute Tests &gt; validateCreate &gt; Throws when there is no authenticated user." time="0.0019062">
        </testcase>
        <testcase classname="test/routes/BaseProfileRoute.test.ts" name="BaseProfileRoute Tests &gt; validateCreate &gt; Delegates to CRUDRoute.validateCreate() for schema validation." time="0.00139">
        </testcase>
        <testcase classname="test/routes/BaseProfileRoute.test.ts" name="BaseProfileRoute Tests &gt; validateCreate &gt; Defaults obj.uid to the authenticated caller&apos;s uid when unset." time="0.0002459">
        </testcase>
        <testcase classname="test/routes/BaseProfileRoute.test.ts" name="BaseProfileRoute Tests &gt; validateCreate &gt; Allows a caller to explicitly create a profile for their own uid." time="0.0003289">
        </testcase>
        <testcase classname="test/routes/BaseProfileRoute.test.ts" name="BaseProfileRoute Tests &gt; validateCreate &gt; Rejects creating a profile for another user&apos;s uid without a trusted role." time="0.0003045">
        </testcase>
        <testcase classname="test/routes/BaseProfileRoute.test.ts" name="BaseProfileRoute Tests &gt; validateCreate &gt; Allows a trusted (admin) caller to create a profile for another user&apos;s uid." time="0.0001647">
        </testcase>
        <testcase classname="test/routes/BaseProfileRoute.test.ts" name="BaseProfileRoute Tests &gt; validateCreate &gt; Forces every contact&apos;s `verified` flag to false on create, regardless of what the caller sent." time="0.0002694">
        </testcase>
        <testcase classname="test/routes/BaseProfileRoute.test.ts" name="BaseProfileRoute Tests &gt; validateCreate &gt; Leaves obj.contacts untouched when the caller didn&apos;t send any." time="0.0001294">
        </testcase>
        <testcase classname="test/routes/BaseProfileRoute.test.ts" name="BaseProfileRoute Tests &gt; validateUpdate &gt; Throws when there is no authenticated user." time="0.0002549">
        </testcase>
        <testcase classname="test/routes/BaseProfileRoute.test.ts" name="BaseProfileRoute Tests &gt; validateUpdate &gt; Allows a caller to update their own profile." time="0.0002107">
        </testcase>
        <testcase classname="test/routes/BaseProfileRoute.test.ts" name="BaseProfileRoute Tests &gt; validateUpdate &gt; Rejects updating another user&apos;s profile without a trusted role." time="0.0001793">
        </testcase>
        <testcase classname="test/routes/BaseProfileRoute.test.ts" name="BaseProfileRoute Tests &gt; validateUpdate &gt; Allows a trusted (admin) caller to update another user&apos;s profile." time="0.0001245">
        </testcase>
        <testcase classname="test/routes/BaseProfileRoute.test.ts" name="BaseProfileRoute Tests &gt; validateUpdate &gt; Allows a caller to update their own profile when the payload omits uid." time="0.0000977">
        </testcase>
        <testcase classname="test/routes/BaseProfileRoute.test.ts" name="BaseProfileRoute Tests &gt; validateUpdate &gt; Rejects modifying another user&apos;s profile without a trusted role, even when the payload omits uid." time="0.0001575">
        </testcase>
        <testcase classname="test/routes/BaseProfileRoute.test.ts" name="BaseProfileRoute Tests &gt; validateUpdate &gt; Treats the &apos;me&apos; keyword as the authenticated caller&apos;s own uid." time="0.0001242">
        </testcase>
        <testcase classname="test/routes/BaseProfileRoute.test.ts" name="BaseProfileRoute Tests &gt; validateUpdate &gt; contacts[].verified reconciliation &gt; Discards a client-supplied verified:true on an existing unverified contact." time="0.0002327">
        </testcase>
        <testcase classname="test/routes/BaseProfileRoute.test.ts" name="BaseProfileRoute Tests &gt; validateUpdate &gt; contacts[].verified reconciliation &gt; Forces verified:false on a brand-new contact even if the client sent verified:true." time="0.0001893">
        </testcase>
        <testcase classname="test/routes/BaseProfileRoute.test.ts" name="BaseProfileRoute Tests &gt; validateUpdate &gt; contacts[].verified reconciliation &gt; Preserves an already-verified contact&apos;s true value when echoed back unchanged." time="0.00027">
        </testcase>
        <testcase classname="test/routes/BaseProfileRoute.test.ts" name="BaseProfileRoute Tests &gt; validateUpdate &gt; contacts[].verified reconciliation &gt; Forces verified:false on every contact when no existing profile is found." time="0.0001436">
        </testcase>
        <testcase classname="test/routes/BaseProfileRoute.test.ts" name="BaseProfileRoute Tests &gt; validateUpdate &gt; contacts[].verified reconciliation &gt; Does not touch obj.contacts when the update doesn&apos;t include contacts." time="0.0001709">
        </testcase>
        <testcase classname="test/routes/BaseProfileRoute.test.ts" name="BaseProfileRoute Tests &gt; updateProperty &gt; Always rejects, regardless of caller or property." time="0.0001882">
        </testcase>
        <testcase classname="test/routes/BaseProfileRoute.test.ts" name="BaseProfileRoute Tests &gt; updateProperty &gt; Rejects even for the record&apos;s own owner." time="0.0001624">
        </testcase>
        <testcase classname="test/routes/BaseProfileRoute.test.ts" name="BaseProfileRoute Tests &gt; updateProperty &gt; Rejects even for a trusted (admin) caller." time="0.0001391">
        </testcase>
        <testcase classname="test/routes/BaseProfileRoute.test.ts" name="BaseProfileRoute Tests &gt; delete &gt; Throws INTERNAL_ERROR when repoUtils is not set." time="0.0002241">
        </testcase>
        <testcase classname="test/routes/BaseProfileRoute.test.ts" name="BaseProfileRoute Tests &gt; delete &gt; Throws NOT_FOUND when the profile does not exist." time="0.0001868">
        </testcase>
        <testcase classname="test/routes/BaseProfileRoute.test.ts" name="BaseProfileRoute Tests &gt; delete &gt; Deletes the caller&apos;s own profile." time="0.0001949">
        </testcase>
        <testcase classname="test/routes/BaseProfileRoute.test.ts" name="BaseProfileRoute Tests &gt; find &gt; Throws INTERNAL_ERROR when repoUtils is not set." time="0.0001911">
        </testcase>
        <testcase classname="test/routes/BaseProfileRoute.test.ts" name="BaseProfileRoute Tests &gt; find &gt; Throws AUTH_REQUIRED when there is no authenticated user." time="0.0001821">
        </testcase>
        <testcase classname="test/routes/BaseProfileRoute.test.ts" name="BaseProfileRoute Tests &gt; find &gt; Scopes the query to the caller&apos;s own uid without a trusted role." time="0.0009838">
        </testcase>
        <testcase classname="test/routes/BaseProfileRoute.test.ts" name="BaseProfileRoute Tests &gt; find &gt; Does not scope the query for a trusted (admin) caller." time="0.0003198">
        </testcase>
        <testcase classname="test/routes/BaseProfileRoute.test.ts" name="BaseProfileRoute Tests &gt; findById &gt; Throws INTERNAL_ERROR when repoUtils is not set." time="0.0001925">
        </testcase>
        <testcase classname="test/routes/BaseProfileRoute.test.ts" name="BaseProfileRoute Tests &gt; findById &gt; Throws NOT_FOUND when the profile does not exist." time="0.0001604">
        </testcase>
        <testcase classname="test/routes/BaseProfileRoute.test.ts" name="BaseProfileRoute Tests &gt; findById &gt; Returns the profile when found." time="0.000097">
        </testcase>
        <testcase classname="test/routes/BaseProfileRoute.test.ts" name="BaseProfileRoute Tests &gt; resolveOwnedUid &gt; Throws AUTH_REQUIRED when there is no authenticated user." time="0.0001412">
        </testcase>
        <testcase classname="test/routes/BaseProfileRoute.test.ts" name="BaseProfileRoute Tests &gt; create — contact verification side effect &gt; Sends a verification code for each contact on a newly-created profile." time="0.0003976">
        </testcase>
        <testcase classname="test/routes/BaseProfileRoute.test.ts" name="BaseProfileRoute Tests &gt; create — contact verification side effect &gt; Does nothing when the created profile has no contacts." time="0.0001586">
        </testcase>
        <testcase classname="test/routes/BaseProfileRoute.test.ts" name="BaseProfileRoute Tests &gt; create — contact verification side effect &gt; Handles an array of created profiles, sending verification per-profile." time="0.0002622">
        </testcase>
        <testcase classname="test/routes/BaseProfileRoute.test.ts" name="BaseProfileRoute Tests &gt; create — contact verification side effect &gt; Still returns the created profile even if sending verification throws." time="0.0002224">
        </testcase>
        <testcase classname="test/routes/BaseProfileRoute.test.ts" name="BaseProfileRoute Tests &gt; requestVerificationCode &gt; Throws INTERNAL_ERROR when repoUtils is not set." time="0.0001873">
        </testcase>
        <testcase classname="test/routes/BaseProfileRoute.test.ts" name="BaseProfileRoute Tests &gt; requestVerificationCode &gt; Rejects looking up another user&apos;s profile without a trusted role." time="0.0001633">
        </testcase>
        <testcase classname="test/routes/BaseProfileRoute.test.ts" name="BaseProfileRoute Tests &gt; requestVerificationCode &gt; Throws NOT_FOUND when the profile does not exist." time="0.0001472">
        </testcase>
        <testcase classname="test/routes/BaseProfileRoute.test.ts" name="BaseProfileRoute Tests &gt; requestVerificationCode &gt; Sends a verification code for the matching contact." time="0.0002638">
        </testcase>
        <testcase classname="test/routes/BaseProfileRoute.test.ts" name="BaseProfileRoute Tests &gt; requestVerificationCode &gt; Does nothing when no contact matches the given id." time="0.0001235">
        </testcase>
        <testcase classname="test/routes/BaseProfileRoute.test.ts" name="BaseProfileRoute Tests &gt; sendVerificationForNewContacts &gt; Sends an e-mail and rate-limits by the contact for a newly-added unverified e-mail." time="0.0149839">
        </testcase>
        <testcase classname="test/routes/BaseProfileRoute.test.ts" name="BaseProfileRoute Tests &gt; sendVerificationForNewContacts &gt; Sends an SMS for a newly-added unverified phone contact." time="0.0004991">
        </testcase>
        <testcase classname="test/routes/BaseProfileRoute.test.ts" name="BaseProfileRoute Tests &gt; sendVerificationForNewContacts &gt; Does not send for a contact that is already verified." time="0.0001609">
        </testcase>
        <testcase classname="test/routes/BaseProfileRoute.test.ts" name="BaseProfileRoute Tests &gt; sendVerificationForNewContacts &gt; Does not re-send for a contact already present in the previous array (unrelated resave)." time="0.0001397">
        </testcase>
        <testcase classname="test/routes/BaseProfileRoute.test.ts" name="BaseProfileRoute Tests &gt; sendVerificationCode &gt; Does nothing for an already-verified contact." time="0.0001022">
        </testcase>
        <testcase classname="test/routes/BaseProfileRoute.test.ts" name="BaseProfileRoute Tests &gt; sendVerificationCode &gt; Sends nothing for a contact of neither email nor phone type." time="0.0003174">
        </testcase>
        <testcase classname="test/routes/BaseProfileRoute.test.ts" name="BaseProfileRoute Tests &gt; sendVerificationCode &gt; Does not throw when sendSMS rejects (failure is logged, not propagated)." time="0.0006641">
        </testcase>
        <testcase classname="test/routes/BaseProfileRoute.test.ts" name="BaseProfileRoute Tests &gt; sendVerificationCode &gt; Does not log the verification code to debug in production." time="0.0003688">
        </testcase>
        <testcase classname="test/routes/BaseProfileRoute.test.ts" name="BaseProfileRoute Tests &gt; update &gt; Throws INTERNAL_ERROR when repoUtils is not set." time="0.0002178">
        </testcase>
        <testcase classname="test/routes/BaseProfileRoute.test.ts" name="BaseProfileRoute Tests &gt; update &gt; Throws NOT_FOUND when the profile does not exist." time="0.0001532">
        </testcase>
        <testcase classname="test/routes/BaseProfileRoute.test.ts" name="BaseProfileRoute Tests &gt; update &gt; Resolves the &apos;me&apos; keyword to the caller&apos;s own uid." time="0.0002123">
        </testcase>
        <testcase classname="test/routes/BaseProfileRoute.test.ts" name="BaseProfileRoute Tests &gt; update &gt; Treats a missing existing.contacts as an empty list when sending verification for new contacts." time="0.0003966">
        </testcase>
        <testcase classname="test/routes/BaseProfileRoute.test.ts" name="BaseProfileRoute Tests &gt; update — contact verification side effect &gt; Sends a verification code when a new unverified contact is added via update()." time="0.0003498">
        </testcase>
        <testcase classname="test/routes/BaseProfileRoute.test.ts" name="BaseProfileRoute Tests &gt; update — contact verification side effect &gt; Does not attempt to send anything when the update doesn&apos;t touch contacts." time="0.0001566">
        </testcase>
        <testcase classname="test/routes/BaseProfileRoute.test.ts" name="BaseProfileRoute Tests &gt; update — contact verification side effect &gt; Still returns the updated profile even if the verification send fails." time="0.0001684">
        </testcase>
        <testcase classname="test/routes/BaseProfileRoute.test.ts" name="BaseProfileRoute Tests &gt; verifyContact &gt; Throws INTERNAL_ERROR when repoUtils is not set." time="0.0002067">
        </testcase>
        <testcase classname="test/routes/BaseProfileRoute.test.ts" name="BaseProfileRoute Tests &gt; verifyContact &gt; Throws 400 when no contact is given in the body." time="0.0001852">
        </testcase>
        <testcase classname="test/routes/BaseProfileRoute.test.ts" name="BaseProfileRoute Tests &gt; verifyContact &gt; Throws 404 when the profile does not exist." time="0.0001516">
        </testcase>
        <testcase classname="test/routes/BaseProfileRoute.test.ts" name="BaseProfileRoute Tests &gt; verifyContact &gt; Throws 404 when the contact isn&apos;t on the profile." time="0.0001642">
        </testcase>
        <testcase classname="test/routes/BaseProfileRoute.test.ts" name="BaseProfileRoute Tests &gt; verifyContact &gt; Rate-limits by the contact value before verifying the code." time="0.0008176">
        </testcase>
        <testcase classname="test/routes/BaseProfileRoute.test.ts" name="BaseProfileRoute Tests &gt; verifyContact &gt; Propagates the rate limiter&apos;s error and does not attempt verification." time="0.0003789">
        </testcase>
        <testcase classname="test/routes/BaseProfileRoute.test.ts" name="BaseProfileRoute Tests &gt; verifyContact &gt; Throws 400 on a wrong/expired code and leaves the contact unverified." time="0.0004311">
        </testcase>
        <testcase classname="test/routes/BaseProfileRoute.test.ts" name="BaseProfileRoute Tests &gt; verifyContact &gt; Throws 400 (not a raw error) when verifyOTP itself throws for a malformed request." time="0.0002071">
        </testcase>
        <testcase classname="test/routes/BaseProfileRoute.test.ts" name="BaseProfileRoute Tests &gt; verifyContact &gt; Treats a missing existing.contacts as an empty list (no such contact, rather than crashing)." time="0.0001881">
        </testcase>
        <testcase classname="test/routes/BaseProfileRoute.test.ts" name="BaseProfileRoute Tests &gt; verifyContact &gt; Flips verified to true on a correct code, leaving other contacts untouched." time="0.0004216">
        </testcase>
        <testcase classname="test/routes/BaseProfileRoute.test.ts" name="BaseProfileRoute Tests &gt; verifyContact &gt; Rejects verifying another user&apos;s contact without a trusted role." time="0.0001679">
        </testcase>
    </testsuite>
    <testsuite name="test/routes/BaseRegistrationRoute.test.ts" timestamp="2026-09-08T21:55:05.794Z" hostname="Jane" tests="38" failures="0" errors="0" skipped="0" time="0.0419588">
        <testcase classname="test/routes/BaseRegistrationRoute.test.ts" name="BaseRegistrationRoute Tests &gt; initialize &gt; Throws if objectFactory is not set." time="0.0015672">
        </testcase>
        <testcase classname="test/routes/BaseRegistrationRoute.test.ts" name="BaseRegistrationRoute Tests &gt; initialize &gt; Creates aliasRepo and userRepo using the object factory." time="0.0006236">
        </testcase>
        <testcase classname="test/routes/BaseRegistrationRoute.test.ts" name="BaseRegistrationRoute Tests &gt; initialize &gt; Does not recreate repos if initialize() runs again." time="0.0001925">
        </testcase>
        <testcase classname="test/routes/BaseRegistrationRoute.test.ts" name="BaseRegistrationRoute Tests &gt; start &gt; Throws if aliasRepo is not set." time="0.0002831">
        </testcase>
        <testcase classname="test/routes/BaseRegistrationRoute.test.ts" name="BaseRegistrationRoute Tests &gt; start &gt; Throws if the request has no session support." time="0.0002164">
        </testcase>
        <testcase classname="test/routes/BaseRegistrationRoute.test.ts" name="BaseRegistrationRoute Tests &gt; start &gt; Rejects when neither a valid e-mail nor phone number is provided." time="0.0005419">
        </testcase>
        <testcase classname="test/routes/BaseRegistrationRoute.test.ts" name="BaseRegistrationRoute Tests &gt; start &gt; Does not send an OTP and returns silently when a verified e-mail alias already exists." time="0.0016008">
        </testcase>
        <testcase classname="test/routes/BaseRegistrationRoute.test.ts" name="BaseRegistrationRoute Tests &gt; start &gt; Does not send an OTP and returns silently when a verified phone alias already exists." time="0.0013273">
        </testcase>
        <testcase classname="test/routes/BaseRegistrationRoute.test.ts" name="BaseRegistrationRoute Tests &gt; start &gt; Still sends an OTP when a matching alias exists but is unverified (e.g. an abandoned registration)." time="0.0164052">
        </testcase>
        <testcase classname="test/routes/BaseRegistrationRoute.test.ts" name="BaseRegistrationRoute Tests &gt; start &gt; Sends a one-time code by e-mail (lower-cased and trimmed) and stores challenge data in the session." time="0.0011818">
        </testcase>
        <testcase classname="test/routes/BaseRegistrationRoute.test.ts" name="BaseRegistrationRoute Tests &gt; start &gt; Sends a one-time code by SMS." time="0.0013295">
        </testcase>
        <testcase classname="test/routes/BaseRegistrationRoute.test.ts" name="BaseRegistrationRoute Tests &gt; start &gt; Does not throw when sendEmail rejects (failure is logged, not propagated)." time="0.0009093">
        </testcase>
        <testcase classname="test/routes/BaseRegistrationRoute.test.ts" name="BaseRegistrationRoute Tests &gt; start &gt; Does not throw when sendSMS rejects (failure is logged, not propagated)." time="0.0005391">
        </testcase>
        <testcase classname="test/routes/BaseRegistrationRoute.test.ts" name="BaseRegistrationRoute Tests &gt; start &gt; Rate-limits by the e-mail address before sending an OTP." time="0.0003664">
        </testcase>
        <testcase classname="test/routes/BaseRegistrationRoute.test.ts" name="BaseRegistrationRoute Tests &gt; start &gt; Rate-limits by the phone number before sending an OTP." time="0.0003119">
        </testcase>
        <testcase classname="test/routes/BaseRegistrationRoute.test.ts" name="BaseRegistrationRoute Tests &gt; start &gt; Propagates the rate limiter&apos;s error and does not send an OTP once the limit is exceeded." time="0.0002814">
        </testcase>
        <testcase classname="test/routes/BaseRegistrationRoute.test.ts" name="BaseRegistrationRoute Tests &gt; start &gt; Still rate-limits (but does not send an OTP) when a verified e-mail alias already exists." time="0.0002147">
        </testcase>
        <testcase classname="test/routes/BaseRegistrationRoute.test.ts" name="BaseRegistrationRoute Tests &gt; start &gt; Still rate-limits (but does not send an OTP) when a verified phone alias already exists." time="0.0002022">
        </testcase>
        <testcase classname="test/routes/BaseRegistrationRoute.test.ts" name="BaseRegistrationRoute Tests &gt; start &gt; Propagates the rate limiter&apos;s error even when a verified alias already exists." time="0.0002557">
        </testcase>
        <testcase classname="test/routes/BaseRegistrationRoute.test.ts" name="BaseRegistrationRoute Tests &gt; start &gt; Does not throw when rateLimiter is unset." time="0.0003238">
        </testcase>
        <testcase classname="test/routes/BaseRegistrationRoute.test.ts" name="BaseRegistrationRoute Tests &gt; start &gt; Does not throw when messagingUtils is unset." time="0.0003475">
        </testcase>
        <testcase classname="test/routes/BaseRegistrationRoute.test.ts" name="BaseRegistrationRoute Tests &gt; start &gt; Returns {} without sending anything when neither e-mail nor phone is provided." time="0.0001182">
        </testcase>
        <testcase classname="test/routes/BaseRegistrationRoute.test.ts" name="BaseRegistrationRoute Tests &gt; verify &gt; Throws if aliasRepo is not set." time="0.0002385">
        </testcase>
        <testcase classname="test/routes/BaseRegistrationRoute.test.ts" name="BaseRegistrationRoute Tests &gt; verify &gt; Throws if userRepo is not set." time="0.0001484">
        </testcase>
        <testcase classname="test/routes/BaseRegistrationRoute.test.ts" name="BaseRegistrationRoute Tests &gt; verify &gt; Throws if the request has no session support." time="0.0001641">
        </testcase>
        <testcase classname="test/routes/BaseRegistrationRoute.test.ts" name="BaseRegistrationRoute Tests &gt; verify &gt; Rejects when the e-mail/token is missing from the request." time="0.0001563">
        </testcase>
        <testcase classname="test/routes/BaseRegistrationRoute.test.ts" name="BaseRegistrationRoute Tests &gt; verify &gt; Rate-limits by the claimed id before verifying the code." time="0.0008088">
        </testcase>
        <testcase classname="test/routes/BaseRegistrationRoute.test.ts" name="BaseRegistrationRoute Tests &gt; verify &gt; Propagates the rate limiter&apos;s error and does not consume the OTP." time="0.0034014">
            <system-err>
Failed to send telemetry event. Error: EventUtils has not been initialized. Did you call EventUtils.init()?

Failed to send telemetry event. Error: EventUtils has not been initialized. Did you call EventUtils.init()?

            </system-err>
        </testcase>
        <testcase classname="test/routes/BaseRegistrationRoute.test.ts" name="BaseRegistrationRoute Tests &gt; verify &gt; Rejects an invalid or expired verification code." time="0.0003586">
        </testcase>
        <testcase classname="test/routes/BaseRegistrationRoute.test.ts" name="BaseRegistrationRoute Tests &gt; verify &gt; Creates a verified user and e-mail alias, and returns a signed JWT on success." time="0.0011508">
            <system-err>
Failed to send telemetry event. Error: EventUtils has not been initialized. Did you call EventUtils.init()?

Failed to send telemetry event. Error: EventUtils has not been initialized. Did you call EventUtils.init()?

            </system-err>
        </testcase>
        <testcase classname="test/routes/BaseRegistrationRoute.test.ts" name="BaseRegistrationRoute Tests &gt; verify &gt; Does not create a User when alias creation fails (no orphaned user row left behind)." time="0.0003993">
        </testcase>
        <testcase classname="test/routes/BaseRegistrationRoute.test.ts" name="BaseRegistrationRoute Tests &gt; verify &gt; Deletes a stale unverified e-mail alias claim for the same address before creating the real one." time="0.0007285">
            <system-err>
Failed to send telemetry event. Error: EventUtils has not been initialized. Did you call EventUtils.init()?

Failed to send telemetry event. Error: EventUtils has not been initialized. Did you call EventUtils.init()?

            </system-err>
        </testcase>
        <testcase classname="test/routes/BaseRegistrationRoute.test.ts" name="BaseRegistrationRoute Tests &gt; verify &gt; Deletes a stale unverified phone alias claim for the same number before creating the real one." time="0.0007081">
            <system-err>
Failed to send telemetry event. Error: EventUtils has not been initialized. Did you call EventUtils.init()?

Failed to send telemetry event. Error: EventUtils has not been initialized. Did you call EventUtils.init()?

            </system-err>
        </testcase>
        <testcase classname="test/routes/BaseRegistrationRoute.test.ts" name="BaseRegistrationRoute Tests &gt; verify &gt; Sets a `Set-Cookie` header when cookie issuance is enabled." time="0.0008124">
            <system-err>
Failed to send telemetry event. Error: EventUtils has not been initialized. Did you call EventUtils.init()?

Failed to send telemetry event. Error: EventUtils has not been initialized. Did you call EventUtils.init()?

            </system-err>
        </testcase>
        <testcase classname="test/routes/BaseRegistrationRoute.test.ts" name="BaseRegistrationRoute Tests &gt; verify &gt; Creates a phone alias when a phone number was verified instead of an e-mail." time="0.0007322">
            <system-err>
Failed to send telemetry event. Error: EventUtils has not been initialized. Did you call EventUtils.init()?

Failed to send telemetry event. Error: EventUtils has not been initialized. Did you call EventUtils.init()?

            </system-err>
        </testcase>
        <testcase classname="test/routes/BaseRegistrationRoute.test.ts" name="BaseRegistrationRoute Tests &gt; verify &gt; Is single-use: a token cannot be verified twice." time="0.0006263">
            <system-err>
Failed to send telemetry event. Error: EventUtils has not been initialized. Did you call EventUtils.init()?

Failed to send telemetry event. Error: EventUtils has not been initialized. Did you call EventUtils.init()?

            </system-err>
        </testcase>
        <testcase classname="test/routes/BaseRegistrationRoute.test.ts" name="BaseRegistrationRoute Tests &gt; verify &gt; Records an auth.registration.completed event on success, including the caller&apos;s source IP." time="0.0006689">
        </testcase>
        <testcase classname="test/routes/BaseRegistrationRoute.test.ts" name="BaseRegistrationRoute Tests &gt; verify &gt; Does not throw when EventUtils.record() itself rejects." time="0.0005817">
        </testcase>
    </testsuite>
    <testsuite name="test/routes/BaseSecretRoute.test.ts" timestamp="2026-09-08T21:55:05.798Z" hostname="Jane" tests="91" failures="0" errors="0" skipped="0" time="0.8234909">
        <testcase classname="test/routes/BaseSecretRoute.test.ts" name="BaseSecretRoute Tests &gt; cleanData &gt; Removes the data property from a single object." time="0.0011805">
        </testcase>
        <testcase classname="test/routes/BaseSecretRoute.test.ts" name="BaseSecretRoute Tests &gt; cleanData &gt; Removes the data property from an array of objects." time="0.0001813">
        </testcase>
        <testcase classname="test/routes/BaseSecretRoute.test.ts" name="BaseSecretRoute Tests &gt; count &gt; Delegates to ModelRoute.doCount()." time="0.0015024">
        </testcase>
        <testcase classname="test/routes/BaseSecretRoute.test.ts" name="BaseSecretRoute Tests &gt; delete &gt; Delegates to ModelRoute.doDelete(), converting purge=&apos;true&apos; to a boolean." time="0.0004197">
        </testcase>
        <testcase classname="test/routes/BaseSecretRoute.test.ts" name="BaseSecretRoute Tests &gt; delete &gt; Converts a non-&apos;true&apos; purge value to false." time="0.000288">
        </testcase>
        <testcase classname="test/routes/BaseSecretRoute.test.ts" name="BaseSecretRoute Tests &gt; delete &gt; Records an auth.mfa.removed event when the deleted secret is a TOTP secret, including the caller&apos;s source IP." time="0.0003736">
        </testcase>
        <testcase classname="test/routes/BaseSecretRoute.test.ts" name="BaseSecretRoute Tests &gt; delete &gt; Does not record an auth.mfa.removed event when the deleted secret is a PASSWORD secret." time="0.000305">
        </testcase>
        <testcase classname="test/routes/BaseSecretRoute.test.ts" name="BaseSecretRoute Tests &gt; delete &gt; Does not record an event or throw when no matching secret is found (already deleted)." time="0.0005669">
        </testcase>
        <testcase classname="test/routes/BaseSecretRoute.test.ts" name="BaseSecretRoute Tests &gt; delete &gt; Does not throw when EventUtils.record() itself rejects." time="0.000306">
        </testcase>
        <testcase classname="test/routes/BaseSecretRoute.test.ts" name="BaseSecretRoute Tests &gt; exists &gt; Delegates to ModelRoute.doExists()." time="0.0002978">
        </testcase>
        <testcase classname="test/routes/BaseSecretRoute.test.ts" name="BaseSecretRoute Tests &gt; find &gt; Throws INTERNAL_ERROR when repoUtils is not set." time="0.0007055">
        </testcase>
        <testcase classname="test/routes/BaseSecretRoute.test.ts" name="BaseSecretRoute Tests &gt; find &gt; Delegates to ModelRoute.doFind() and cleans data from all results (trusted caller)." time="0.0002388">
        </testcase>
        <testcase classname="test/routes/BaseSecretRoute.test.ts" name="BaseSecretRoute Tests &gt; find &gt; Scopes the query to the caller&apos;s own userUid, bypasses ACL, and cleans data (non-trusted caller)." time="0.0002692">
        </testcase>
        <testcase classname="test/routes/BaseSecretRoute.test.ts" name="BaseSecretRoute Tests &gt; find &gt; Discards a client-supplied userUid filter for a non-trusted caller, replacing it with their own." time="0.0008372">
        </testcase>
        <testcase classname="test/routes/BaseSecretRoute.test.ts" name="BaseSecretRoute Tests &gt; findById &gt; Delegates to ModelRoute.doFindById() and cleans data when a result is found." time="0.000151">
        </testcase>
        <testcase classname="test/routes/BaseSecretRoute.test.ts" name="BaseSecretRoute Tests &gt; findById &gt; Returns null without attempting to clean data when no result is found." time="0.0001358">
        </testcase>
        <testcase classname="test/routes/BaseSecretRoute.test.ts" name="BaseSecretRoute Tests &gt; getPasswordConfig &gt; Can retrieve password requirements." time="0.0001214">
        </testcase>
        <testcase classname="test/routes/BaseSecretRoute.test.ts" name="BaseSecretRoute Tests &gt; truncate &gt; Delegates to ModelRoute.doTruncate()." time="0.0002002">
        </testcase>
        <testcase classname="test/routes/BaseSecretRoute.test.ts" name="BaseSecretRoute Tests &gt; create &gt; Strips data from a single FIDO2/PASSKEY/PASSWORD result." time="0.0002239">
        </testcase>
        <testcase classname="test/routes/BaseSecretRoute.test.ts" name="BaseSecretRoute Tests &gt; create &gt; Strips data from each FIDO2/PASSKEY result in an array." time="0.0008179">
            <system-err>
Failed to send telemetry event. Error: EventUtils has not been initialized. Did you call EventUtils.init()?

Failed to send telemetry event. Error: EventUtils has not been initialized. Did you call EventUtils.init()?

            </system-err>
        </testcase>
        <testcase classname="test/routes/BaseSecretRoute.test.ts" name="BaseSecretRoute Tests &gt; create &gt; Computes and attaches a provisioning URI for a TOTP result with data." time="0.000531">
            <system-err>
Failed to send telemetry event. Error: EventUtils has not been initialized. Did you call EventUtils.init()?

            </system-err>
        </testcase>
        <testcase classname="test/routes/BaseSecretRoute.test.ts" name="BaseSecretRoute Tests &gt; create &gt; Leaves the result untouched for a TOTP result with no data." time="0.0002137">
            <system-err>
Failed to send telemetry event. Error: EventUtils has not been initialized. Did you call EventUtils.init()?

            </system-err>
        </testcase>
        <testcase classname="test/routes/BaseSecretRoute.test.ts" name="BaseSecretRoute Tests &gt; create &gt; Round-trips an encrypted TOTP secret: encrypted at creation, decrypted back in the response." time="0.0012916">
            <system-err>
Failed to send telemetry event. Error: EventUtils has not been initialized. Did you call EventUtils.init()?

            </system-err>
        </testcase>
        <testcase classname="test/routes/BaseSecretRoute.test.ts" name="BaseSecretRoute Tests &gt; create &gt; Does not mutate the persisted (possibly cached) object when decrypting an encrypted TOTP secret for the response." time="0.0005876">
            <system-err>
Failed to send telemetry event. Error: EventUtils has not been initialized. Did you call EventUtils.init()?

            </system-err>
        </testcase>
        <testcase classname="test/routes/BaseSecretRoute.test.ts" name="BaseSecretRoute Tests &gt; create &gt; Attaches the plaintext codes from req and strips the hashed data for a RECOVERY_CODES result." time="0.0002495">
            <system-err>
Failed to send telemetry event. Error: EventUtils has not been initialized. Did you call EventUtils.init()?

            </system-err>
        </testcase>
        <testcase classname="test/routes/BaseSecretRoute.test.ts" name="BaseSecretRoute Tests &gt; create &gt; Records an auth.mfa.enrolled event for a TOTP secret, including the caller&apos;s source IP." time="0.0002768">
        </testcase>
        <testcase classname="test/routes/BaseSecretRoute.test.ts" name="BaseSecretRoute Tests &gt; create &gt; Does not record an auth.mfa.enrolled event for a PASSWORD secret." time="0.0001788">
        </testcase>
        <testcase classname="test/routes/BaseSecretRoute.test.ts" name="BaseSecretRoute Tests &gt; create &gt; Does not throw when EventUtils.record() itself rejects." time="0.0002713">
        </testcase>
        <testcase classname="test/routes/BaseSecretRoute.test.ts" name="BaseSecretRoute Tests &gt; validateCreate &gt; Hashes string data for a PASSWORD secret." time="0.0382536">
        </testcase>
        <testcase classname="test/routes/BaseSecretRoute.test.ts" name="BaseSecretRoute Tests &gt; validateCreate &gt; Hashes a PASSWORD secret using the configured argon2 cost parameters." time="0.0011917">
        </testcase>
        <testcase classname="test/routes/BaseSecretRoute.test.ts" name="BaseSecretRoute Tests &gt; validateCreate &gt; Throws for a PASSWORD secret with non-string data." time="0.0002221">
        </testcase>
        <testcase classname="test/routes/BaseSecretRoute.test.ts" name="BaseSecretRoute Tests &gt; validateCreate &gt; Delegates FIDO2 secrets to validateWebAuthnCreate() with fido2Config." time="0.0002015">
        </testcase>
        <testcase classname="test/routes/BaseSecretRoute.test.ts" name="BaseSecretRoute Tests &gt; validateCreate &gt; Delegates PASSKEY secrets to validateWebAuthnCreate() with passkeyConfig." time="0.0001656">
        </testcase>
        <testcase classname="test/routes/BaseSecretRoute.test.ts" name="BaseSecretRoute Tests &gt; validateCreate &gt; Delegates TOTP secrets to validateTOTPCreate()." time="0.0001339">
        </testcase>
        <testcase classname="test/routes/BaseSecretRoute.test.ts" name="BaseSecretRoute Tests &gt; validateCreate &gt; Delegates RECOVERY_CODES secrets to validateRecoveryCodesCreate()." time="0.0001313">
        </testcase>
        <testcase classname="test/routes/BaseSecretRoute.test.ts" name="BaseSecretRoute Tests &gt; validateCreate &gt; Throws for a PASSWORD secret shorter than the configured minimum length." time="0.0001902">
        </testcase>
        <testcase classname="test/routes/BaseSecretRoute.test.ts" name="BaseSecretRoute Tests &gt; validateCreate &gt; Defaults obj.userUid to the authenticated caller&apos;s uid when unset." time="0.0290135">
        </testcase>
        <testcase classname="test/routes/BaseSecretRoute.test.ts" name="BaseSecretRoute Tests &gt; validateCreate &gt; Allows a caller to explicitly create a secret for their own uid." time="0.0276912">
        </testcase>
        <testcase classname="test/routes/BaseSecretRoute.test.ts" name="BaseSecretRoute Tests &gt; validateCreate &gt; Rejects creating a secret for another user&apos;s uid without a trusted role." time="0.0002905">
        </testcase>
        <testcase classname="test/routes/BaseSecretRoute.test.ts" name="BaseSecretRoute Tests &gt; validateCreate &gt; Allows a trusted (admin) caller to create a secret for another user&apos;s uid." time="0.0283138">
        </testcase>
        <testcase classname="test/routes/BaseSecretRoute.test.ts" name="BaseSecretRoute Tests &gt; validateCreate &gt; Does not enforce ownership when there is no authenticated user (unauthenticated create)." time="0.0275009">
        </testcase>
        <testcase classname="test/routes/BaseSecretRoute.test.ts" name="BaseSecretRoute Tests &gt; validatePassword &gt; Defaults passwordConfig to the PasswordConfig defaults." time="0.0001735">
        </testcase>
        <testcase classname="test/routes/BaseSecretRoute.test.ts" name="BaseSecretRoute Tests &gt; validatePassword &gt; Throws when the password is shorter than min_length." time="0.0001668">
        </testcase>
        <testcase classname="test/routes/BaseSecretRoute.test.ts" name="BaseSecretRoute Tests &gt; validatePassword &gt; Throws when the password has no lowercase letter and require_lowercase is set." time="0.000126">
        </testcase>
        <testcase classname="test/routes/BaseSecretRoute.test.ts" name="BaseSecretRoute Tests &gt; validatePassword &gt; Throws when the password has no uppercase letter and require_uppercase is set." time="0.0001137">
        </testcase>
        <testcase classname="test/routes/BaseSecretRoute.test.ts" name="BaseSecretRoute Tests &gt; validatePassword &gt; Throws when the password has no numeral and require_numeral is set." time="0.0001391">
        </testcase>
        <testcase classname="test/routes/BaseSecretRoute.test.ts" name="BaseSecretRoute Tests &gt; validatePassword &gt; Throws when the password has no special character and require_special is set." time="0.0001353">
        </testcase>
        <testcase classname="test/routes/BaseSecretRoute.test.ts" name="BaseSecretRoute Tests &gt; validatePassword &gt; Accepts a password that satisfies every default rule." time="0.0001634">
        </testcase>
        <testcase classname="test/routes/BaseSecretRoute.test.ts" name="BaseSecretRoute Tests &gt; validatePassword &gt; Skips the lowercase check when require_lowercase is disabled." time="0.0001206">
        </testcase>
        <testcase classname="test/routes/BaseSecretRoute.test.ts" name="BaseSecretRoute Tests &gt; validatePassword &gt; Skips the uppercase check when require_uppercase is disabled." time="0.0001211">
        </testcase>
        <testcase classname="test/routes/BaseSecretRoute.test.ts" name="BaseSecretRoute Tests &gt; validatePassword &gt; Skips the numeral check when require_numeral is disabled." time="0.0001332">
        </testcase>
        <testcase classname="test/routes/BaseSecretRoute.test.ts" name="BaseSecretRoute Tests &gt; validatePassword &gt; Skips the special-character check when require_special is disabled." time="0.0001546">
        </testcase>
        <testcase classname="test/routes/BaseSecretRoute.test.ts" name="BaseSecretRoute Tests &gt; validatePassword &gt; Honors a configured minimum password length." time="0.0001853">
        </testcase>
        <testcase classname="test/routes/BaseSecretRoute.test.ts" name="BaseSecretRoute Tests &gt; validatePassword &gt; Honors a configured custom special_chars set, using it to rebuild regexSpecialChars." time="0.000233">
        </testcase>
        <testcase classname="test/routes/BaseSecretRoute.test.ts" name="BaseSecretRoute Tests &gt; init &gt; Rebuilds regexSpecialChars from the configured passwordConfig.special_chars." time="0.0001157">
        </testcase>
        <testcase classname="test/routes/BaseSecretRoute.test.ts" name="BaseSecretRoute Tests &gt; validateWebAuthnCreate &gt; Throws if the request has no session." time="0.0002433">
        </testcase>
        <testcase classname="test/routes/BaseSecretRoute.test.ts" name="BaseSecretRoute Tests &gt; validateWebAuthnCreate &gt; Throws if there is no challenge in progress for the session." time="0.0001712">
        </testcase>
        <testcase classname="test/routes/BaseSecretRoute.test.ts" name="BaseSecretRoute Tests &gt; validateWebAuthnCreate &gt; Throws if userUid is missing." time="0.0001501">
        </testcase>
        <testcase classname="test/routes/BaseSecretRoute.test.ts" name="BaseSecretRoute Tests &gt; validateWebAuthnCreate &gt; Throws if userUid is an empty string." time="0.0001576">
        </testcase>
        <testcase classname="test/routes/BaseSecretRoute.test.ts" name="BaseSecretRoute Tests &gt; validateWebAuthnCreate &gt; Clears the session challenge even when the request ultimately fails validation." time="0.0002145">
        </testcase>
        <testcase classname="test/routes/BaseSecretRoute.test.ts" name="BaseSecretRoute Tests &gt; validateWebAuthnCreate &gt; Throws if the submitted data is not a valid WebAuthn registration response." time="0.0001704">
        </testcase>
        <testcase classname="test/routes/BaseSecretRoute.test.ts" name="BaseSecretRoute Tests &gt; validateWebAuthnCreate &gt; Throws if verification does not succeed." time="0.000255">
        </testcase>
        <testcase classname="test/routes/BaseSecretRoute.test.ts" name="BaseSecretRoute Tests &gt; validateWebAuthnCreate &gt; Replaces obj.data with the resulting StoredPasskeyCredential on success." time="0.0002978">
        </testcase>
        <testcase classname="test/routes/BaseSecretRoute.test.ts" name="BaseSecretRoute Tests &gt; validateTOTPCreate &gt; Defaults epochTolerance to [1, 1]." time="0.000082">
        </testcase>
        <testcase classname="test/routes/BaseSecretRoute.test.ts" name="BaseSecretRoute Tests &gt; validateTOTPCreate &gt; Captures the configured epochTolerance onto the generated TOTPSecret." time="0.0001801">
        </testcase>
        <testcase classname="test/routes/BaseSecretRoute.test.ts" name="BaseSecretRoute Tests &gt; validateTOTPCreate &gt; Stores the secret as plaintext when no encryption_key is configured (default)." time="0.0001518">
        </testcase>
        <testcase classname="test/routes/BaseSecretRoute.test.ts" name="BaseSecretRoute Tests &gt; validateTOTPCreate &gt; Encrypts the secret at rest when auth:totp:encryption_key is configured." time="0.0002891">
        </testcase>
        <testcase classname="test/routes/BaseSecretRoute.test.ts" name="BaseSecretRoute Tests &gt; validateRecoveryCodesCreate &gt; Generates 10 codes, persists only their argon2 hashes, and stashes the plaintext on req." time="0.4404936">
        </testcase>
        <testcase classname="test/routes/BaseSecretRoute.test.ts" name="BaseSecretRoute Tests &gt; validateRecoveryCodesCreate &gt; Discards any client-supplied data entirely, always generating fresh codes." time="0.1452509">
        </testcase>
        <testcase classname="test/routes/BaseSecretRoute.test.ts" name="BaseSecretRoute Tests &gt; validateRecoveryCodesCreate &gt; Hashes codes using the configured argon2 cost parameters." time="0.0029588">
        </testcase>
        <testcase classname="test/routes/BaseSecretRoute.test.ts" name="BaseSecretRoute Tests &gt; update &gt; Throws INTERNAL_ERROR when repoUtils is not set." time="0.0004174">
        </testcase>
        <testcase classname="test/routes/BaseSecretRoute.test.ts" name="BaseSecretRoute Tests &gt; update &gt; Throws NOT_FOUND when the secret does not exist." time="0.0004342">
        </testcase>
        <testcase classname="test/routes/BaseSecretRoute.test.ts" name="BaseSecretRoute Tests &gt; update &gt; Validates against the existing record before delegating to ModelRoute.doUpdate()." time="0.0004135">
        </testcase>
        <testcase classname="test/routes/BaseSecretRoute.test.ts" name="BaseSecretRoute Tests &gt; update &gt; Does not default a missing userUid onto the update payload (no enforceOwnership side effect)." time="0.0001696">
        </testcase>
        <testcase classname="test/routes/BaseSecretRoute.test.ts" name="BaseSecretRoute Tests &gt; update &gt; Computes a fresh provisioning URI for an updated TOTP secret&apos;s response." time="0.0003528">
        </testcase>
        <testcase classname="test/routes/BaseSecretRoute.test.ts" name="BaseSecretRoute Tests &gt; validateUpdate &gt; Runs base validation via this.validate()." time="0.0001906">
        </testcase>
        <testcase classname="test/routes/BaseSecretRoute.test.ts" name="BaseSecretRoute Tests &gt; validateUpdate &gt; Throws when attempting to change the secret&apos;s type." time="0.000174">
        </testcase>
        <testcase classname="test/routes/BaseSecretRoute.test.ts" name="BaseSecretRoute Tests &gt; validateUpdate &gt; Throws when attempting to re-assign the secret to a different owner." time="0.00015">
        </testcase>
        <testcase classname="test/routes/BaseSecretRoute.test.ts" name="BaseSecretRoute Tests &gt; validateUpdate &gt; Allows re-sending the same userUid the secret already belongs to." time="0.028928">
        </testcase>
        <testcase classname="test/routes/BaseSecretRoute.test.ts" name="BaseSecretRoute Tests &gt; validateUpdate &gt; Hashes and validates string data for a PASSWORD secret using existing.type, even when obj.type is omitted." time="0.0291026">
        </testcase>
        <testcase classname="test/routes/BaseSecretRoute.test.ts" name="BaseSecretRoute Tests &gt; validateUpdate &gt; Rejects a weak password for a PASSWORD secret even when obj.type is omitted." time="0.0002749">
        </testcase>
        <testcase classname="test/routes/BaseSecretRoute.test.ts" name="BaseSecretRoute Tests &gt; validateUpdate &gt; Throws for a PASSWORD secret update with non-string data." time="0.0001517">
        </testcase>
        <testcase classname="test/routes/BaseSecretRoute.test.ts" name="BaseSecretRoute Tests &gt; validateUpdate &gt; Rejects modifying a FIDO2 secret&apos;s data, even when obj.type is omitted." time="0.0002016">
        </testcase>
        <testcase classname="test/routes/BaseSecretRoute.test.ts" name="BaseSecretRoute Tests &gt; validateUpdate &gt; Rejects modifying a Passkey secret&apos;s data, even when obj.type is omitted." time="0.0001356">
        </testcase>
        <testcase classname="test/routes/BaseSecretRoute.test.ts" name="BaseSecretRoute Tests &gt; validateUpdate &gt; Rejects modifying a RECOVERY_CODES secret&apos;s data, even when obj.type is omitted." time="0.0001336">
        </testcase>
        <testcase classname="test/routes/BaseSecretRoute.test.ts" name="BaseSecretRoute Tests &gt; validateUpdate &gt; Delegates TOTP data updates to validateTOTPCreate(), even when obj.type is omitted." time="0.0001709">
        </testcase>
        <testcase classname="test/routes/BaseSecretRoute.test.ts" name="BaseSecretRoute Tests &gt; validateUpdate &gt; Skips type-specific data validation entirely when obj has no `data` field." time="0.0001302">
        </testcase>
        <testcase classname="test/routes/BaseSecretRoute.test.ts" name="BaseSecretRoute Tests &gt; passkeyRegistrationOptions / fido2RegistrationOptions &gt; Throws 401 when no user is authenticated (passkey)." time="0.0001731">
        </testcase>
        <testcase classname="test/routes/BaseSecretRoute.test.ts" name="BaseSecretRoute Tests &gt; passkeyRegistrationOptions / fido2RegistrationOptions &gt; Throws 401 when no user is authenticated (fido2)." time="0.0001422">
        </testcase>
        <testcase classname="test/routes/BaseSecretRoute.test.ts" name="BaseSecretRoute Tests &gt; passkeyRegistrationOptions / fido2RegistrationOptions &gt; Throws if repoUtils is not set when beginning a WebAuthn registration." time="0.0001702">
        </testcase>
        <testcase classname="test/routes/BaseSecretRoute.test.ts" name="BaseSecretRoute Tests &gt; passkeyRegistrationOptions / fido2RegistrationOptions &gt; Excludes the user&apos;s existing credentials of the matching type from the generated options." time="0.0006391">
        </testcase>
    </testsuite>
    <testsuite name="test/routes/BaseUserRoute.test.ts" timestamp="2026-09-08T21:55:05.808Z" hostname="Jane" tests="41" failures="0" errors="0" skipped="0" time="0.0158615">
        <testcase classname="test/routes/BaseUserRoute.test.ts" name="BaseUserRoute Tests &gt; create &gt; Throws INTERNAL_ERROR when repoUtils is not set." time="0.0020258">
        </testcase>
        <testcase classname="test/routes/BaseUserRoute.test.ts" name="BaseUserRoute Tests &gt; create &gt; Throws INTERNAL_ERROR when tokenUtils is not set." time="0.0002684">
        </testcase>
        <testcase classname="test/routes/BaseUserRoute.test.ts" name="BaseUserRoute Tests &gt; create &gt; Runs validateCreate() before creating the object." time="0.0013139">
        </testcase>
        <testcase classname="test/routes/BaseUserRoute.test.ts" name="BaseUserRoute Tests &gt; create &gt; Instantiates the object via repoUtils.instantiateObject() and grants the new record&apos;s own uid full owner ACL access." time="0.0012612">
        </testcase>
        <testcase classname="test/routes/BaseUserRoute.test.ts" name="BaseUserRoute Tests &gt; create &gt; Returns an AuthResult with the created user and a freshly minted token, not the bare user object." time="0.0033688">
            <system-err>
Failed to send telemetry event. Error: EventUtils has not been initialized. Did you call EventUtils.init()?

            </system-err>
        </testcase>
        <testcase classname="test/routes/BaseUserRoute.test.ts" name="BaseUserRoute Tests &gt; create &gt; Mints the auth result using the configured defaultScopes." time="0.0006621">
            <system-err>
Failed to send telemetry event. Error: EventUtils has not been initialized. Did you call EventUtils.init()?

            </system-err>
        </testcase>
        <testcase classname="test/routes/BaseUserRoute.test.ts" name="BaseUserRoute Tests &gt; create &gt; Sets `Set-Cookie` headers for an unauthenticated (self-registration) call when cookie issuance is enabled." time="0.0008282">
            <system-err>
Failed to send telemetry event. Error: EventUtils has not been initialized. Did you call EventUtils.init()?

            </system-err>
        </testcase>
        <testcase classname="test/routes/BaseUserRoute.test.ts" name="BaseUserRoute Tests &gt; create &gt; Does not set a `Set-Cookie` header when the caller is already authenticated, and returns no token since the caller isn&apos;t logging in as the new account." time="0.0002597">
        </testcase>
        <testcase classname="test/routes/BaseUserRoute.test.ts" name="BaseUserRoute Tests &gt; validateCreate &gt; Runs base validation via this.validate()." time="0.0002501">
        </testcase>
        <testcase classname="test/routes/BaseUserRoute.test.ts" name="BaseUserRoute Tests &gt; validateCreate &gt; Resets roles to an empty array when a non-trusted caller includes it." time="0.0001767">
        </testcase>
        <testcase classname="test/routes/BaseUserRoute.test.ts" name="BaseUserRoute Tests &gt; validateCreate &gt; Does not add a roles key at all when the client omitted it." time="0.0001296">
        </testcase>
        <testcase classname="test/routes/BaseUserRoute.test.ts" name="BaseUserRoute Tests &gt; validateCreate &gt; Allows a trusted (admin) caller to set roles on a newly-created user." time="0.0001404">
        </testcase>
        <testcase classname="test/routes/BaseUserRoute.test.ts" name="BaseUserRoute Tests &gt; validateCreate &gt; Allows an unauthenticated create call to proceed without roles present (resets to empty rather than rejecting)." time="0.0001105">
        </testcase>
        <testcase classname="test/routes/BaseUserRoute.test.ts" name="BaseUserRoute Tests &gt; validateCreate &gt; Resets verified to false when a non-trusted caller includes it." time="0.0001382">
        </testcase>
        <testcase classname="test/routes/BaseUserRoute.test.ts" name="BaseUserRoute Tests &gt; validateCreate &gt; Allows a trusted (admin) caller to set verified:true on a newly-created user." time="0.0001159">
        </testcase>
        <testcase classname="test/routes/BaseUserRoute.test.ts" name="BaseUserRoute Tests &gt; validateCreate &gt; Forces requireMFA to the server-configured value when auth:require_mfa is set, overriding any client-supplied value." time="0.0001013">
        </testcase>
        <testcase classname="test/routes/BaseUserRoute.test.ts" name="BaseUserRoute Tests &gt; validateCreate &gt; Leaves the client-supplied requireMFA alone when auth:require_mfa is unset." time="0.0001012">
        </testcase>
        <testcase classname="test/routes/BaseUserRoute.test.ts" name="BaseUserRoute Tests &gt; validateUpdate &gt; Runs base validation via this.validate()." time="0.00024">
        </testcase>
        <testcase classname="test/routes/BaseUserRoute.test.ts" name="BaseUserRoute Tests &gt; validateUpdate &gt; Always retrieves the existing record for comparison, even when the update touches none of roles/verified/requireMFA." time="0.0001779">
        </testcase>
        <testcase classname="test/routes/BaseUserRoute.test.ts" name="BaseUserRoute Tests &gt; validateUpdate &gt; Reverts roles to the persisted value when a non-trusted caller attempts to change them." time="0.0001917">
        </testcase>
        <testcase classname="test/routes/BaseUserRoute.test.ts" name="BaseUserRoute Tests &gt; validateUpdate &gt; Resets roles to an empty array when no existing user record is found." time="0.0001746">
        </testcase>
        <testcase classname="test/routes/BaseUserRoute.test.ts" name="BaseUserRoute Tests &gt; validateUpdate &gt; Resolves the &apos;me&apos; keyword to the caller&apos;s own uid when looking up the persisted roles." time="0.0001595">
        </testcase>
        <testcase classname="test/routes/BaseUserRoute.test.ts" name="BaseUserRoute Tests &gt; validateUpdate &gt; Does not add a roles key at all when the update doesn&apos;t include roles." time="0.0001245">
        </testcase>
        <testcase classname="test/routes/BaseUserRoute.test.ts" name="BaseUserRoute Tests &gt; validateUpdate &gt; Allows a trusted (admin) caller to change another user&apos;s roles." time="0.0001251">
        </testcase>
        <testcase classname="test/routes/BaseUserRoute.test.ts" name="BaseUserRoute Tests &gt; validateUpdate &gt; Resets verified to false when a non-trusted caller attempts to set it to true and it isn&apos;t already verified." time="0.0001494">
        </testcase>
        <testcase classname="test/routes/BaseUserRoute.test.ts" name="BaseUserRoute Tests &gt; validateUpdate &gt; Allows a non-trusted caller to lower their own verified status (no false-positive block)." time="0.0001067">
        </testcase>
        <testcase classname="test/routes/BaseUserRoute.test.ts" name="BaseUserRoute Tests &gt; validateUpdate &gt; Allows verified:true to pass through unchanged when the persisted record is already verified (no false-positive block on a no-op resubmission)." time="0.0001025">
        </testcase>
        <testcase classname="test/routes/BaseUserRoute.test.ts" name="BaseUserRoute Tests &gt; validateUpdate &gt; Allows a trusted (admin) caller to verify another user." time="0.0000995">
        </testcase>
        <testcase classname="test/routes/BaseUserRoute.test.ts" name="BaseUserRoute Tests &gt; validateUpdate &gt; Does not touch requireMFA when it&apos;s absent from the update." time="0.0001001">
        </testcase>
        <testcase classname="test/routes/BaseUserRoute.test.ts" name="BaseUserRoute Tests &gt; validateUpdate &gt; Leaves requireMFA unchanged when it matches the persisted value (no-op resubmission, no override applied)." time="0.0000961">
        </testcase>
        <testcase classname="test/routes/BaseUserRoute.test.ts" name="BaseUserRoute Tests &gt; validateUpdate &gt; Freezes requireMFA at the persisted value for a non-trusted caller attempting to disable it while the server mandates MFA." time="0.0000998">
        </testcase>
        <testcase classname="test/routes/BaseUserRoute.test.ts" name="BaseUserRoute Tests &gt; validateUpdate &gt; Freezes requireMFA at the persisted value for a non-trusted caller attempting to enable it while the server mandates MFA (a stale/legacy record predating the mandate)." time="0.0000961">
        </testcase>
        <testcase classname="test/routes/BaseUserRoute.test.ts" name="BaseUserRoute Tests &gt; validateUpdate &gt; Allows a trusted (admin) caller to change requireMFA even while the server mandates MFA fleet-wide." time="0.0000972">
        </testcase>
        <testcase classname="test/routes/BaseUserRoute.test.ts" name="BaseUserRoute Tests &gt; validateUpdate &gt; Allows requireMFA to be changed freely by a non-trusted caller when the server has no configured opinion (auth:require_mfa unset)." time="0.0000954">
        </testcase>
        <testcase classname="test/routes/BaseUserRoute.test.ts" name="BaseUserRoute Tests &gt; update &gt; Delegates to ModelRoute.doUpdate()." time="0.0001845">
        </testcase>
        <testcase classname="test/routes/BaseUserRoute.test.ts" name="BaseUserRoute Tests &gt; count / delete / exists / find / findById / truncate &gt; count() delegates to ModelRoute.doCount()." time="0.0002273">
        </testcase>
        <testcase classname="test/routes/BaseUserRoute.test.ts" name="BaseUserRoute Tests &gt; count / delete / exists / find / findById / truncate &gt; delete() delegates to ModelRoute.doDelete(), converting purge=&apos;true&apos; to a boolean." time="0.0001632">
        </testcase>
        <testcase classname="test/routes/BaseUserRoute.test.ts" name="BaseUserRoute Tests &gt; count / delete / exists / find / findById / truncate &gt; exists() delegates to ModelRoute.doExists()." time="0.0001864">
        </testcase>
        <testcase classname="test/routes/BaseUserRoute.test.ts" name="BaseUserRoute Tests &gt; count / delete / exists / find / findById / truncate &gt; find() delegates to ModelRoute.doFind()." time="0.0001734">
        </testcase>
        <testcase classname="test/routes/BaseUserRoute.test.ts" name="BaseUserRoute Tests &gt; count / delete / exists / find / findById / truncate &gt; findById() delegates to ModelRoute.doFindById()." time="0.0001637">
        </testcase>
        <testcase classname="test/routes/BaseUserRoute.test.ts" name="BaseUserRoute Tests &gt; count / delete / exists / find / findById / truncate &gt; truncate() delegates to ModelRoute.doTruncate()." time="0.0001425">
        </testcase>
    </testsuite>
    <testsuite name="test/routes/UserUtils.test.ts" timestamp="2026-09-08T21:55:05.811Z" hostname="Jane" tests="10" failures="0" errors="0" skipped="0" time="0.0062987">
        <testcase classname="test/routes/UserUtils.test.ts" name="UserUtils Tests &gt; Stores the given userClass and aliasClass on construction." time="0.0009696">
        </testcase>
        <testcase classname="test/routes/UserUtils.test.ts" name="UserUtils Tests &gt; init &gt; Throws if objectFactory was not injected." time="0.0008908">
        </testcase>
        <testcase classname="test/routes/UserUtils.test.ts" name="UserUtils Tests &gt; init &gt; Creates aliasRepo and userRepo using the object factory." time="0.0007526">
        </testcase>
        <testcase classname="test/routes/UserUtils.test.ts" name="UserUtils Tests &gt; init &gt; Does not recreate aliasRepo/userRepo if init() runs again." time="0.0002357">
        </testcase>
        <testcase classname="test/routes/UserUtils.test.ts" name="UserUtils Tests &gt; lookup &gt; Throws if aliasRepo is not set." time="0.0002398">
        </testcase>
        <testcase classname="test/routes/UserUtils.test.ts" name="UserUtils Tests &gt; lookup &gt; Throws if userRepo is not set." time="0.0001757">
        </testcase>
        <testcase classname="test/routes/UserUtils.test.ts" name="UserUtils Tests &gt; lookup &gt; Returns the user directly when the id matches a user&apos;s uid." time="0.0010497">
        </testcase>
        <testcase classname="test/routes/UserUtils.test.ts" name="UserUtils Tests &gt; lookup &gt; Falls back to alias lookup and resolves the owning user when the id is not a user&apos;s uid." time="0.0003833">
        </testcase>
        <testcase classname="test/routes/UserUtils.test.ts" name="UserUtils Tests &gt; lookup &gt; Returns undefined when neither a user nor an alias matches the id." time="0.0001924">
        </testcase>
        <testcase classname="test/routes/UserUtils.test.ts" name="UserUtils Tests &gt; lookup &gt; Returns undefined without querying either repo when id is not a string (NoSQL operator injection guard)." time="0.0002031">
        </testcase>
    </testsuite>
    <testsuite name="test/models/mongo.test.ts" timestamp="2026-09-08T21:55:05.812Z" hostname="Jane" tests="15" failures="0" errors="0" skipped="0" time="0.0047511">
        <testcase classname="test/models/mongo.test.ts" name="Mongo model default construction &gt; AliasMongo falls back to class defaults when constructed with no data." time="0.0011817">
        </testcase>
        <testcase classname="test/models/mongo.test.ts" name="Mongo model default construction &gt; AuthorizationCodeMongo falls back to class defaults when constructed with no data." time="0.0002926">
        </testcase>
        <testcase classname="test/models/mongo.test.ts" name="Mongo model default construction &gt; AuthorizationCodeMongo applies provided data when constructed with data." time="0.0001183">
        </testcase>
        <testcase classname="test/models/mongo.test.ts" name="Mongo model default construction &gt; ConsentGrantMongo falls back to class defaults when constructed with no data." time="0.0001351">
        </testcase>
        <testcase classname="test/models/mongo.test.ts" name="Mongo model default construction &gt; ConsentGrantMongo applies provided data when constructed with data." time="0.000138">
        </testcase>
        <testcase classname="test/models/mongo.test.ts" name="Mongo model default construction &gt; OAuthRefreshTokenMongo falls back to class defaults when constructed with no data." time="0.0002136">
        </testcase>
        <testcase classname="test/models/mongo.test.ts" name="Mongo model default construction &gt; OAuthRefreshTokenMongo applies provided data when constructed with data." time="0.0001366">
        </testcase>
        <testcase classname="test/models/mongo.test.ts" name="Mongo model default construction &gt; ClientMongo falls back to class defaults when constructed with no data." time="0.0005282">
        </testcase>
        <testcase classname="test/models/mongo.test.ts" name="Mongo model default construction &gt; ClientMongo applies provided data when constructed with data." time="0.0001692">
        </testcase>
        <testcase classname="test/models/mongo.test.ts" name="Mongo model default construction &gt; SigningKeyMongo falls back to class defaults when constructed with no data." time="0.0002362">
        </testcase>
        <testcase classname="test/models/mongo.test.ts" name="Mongo model default construction &gt; SigningKeyMongo applies provided data when constructed with data." time="0.000123">
        </testcase>
        <testcase classname="test/models/mongo.test.ts" name="Mongo model default construction &gt; ProfileMongo falls back to class defaults when constructed with no data." time="0.000196">
        </testcase>
        <testcase classname="test/models/mongo.test.ts" name="Mongo model default construction &gt; SecretMongo falls back to class defaults when constructed with no data." time="0.0001213">
        </testcase>
        <testcase classname="test/models/mongo.test.ts" name="Mongo model default construction &gt; SecretMongo applies a provided hint when constructed with data." time="0.0000761">
        </testcase>
        <testcase classname="test/models/mongo.test.ts" name="Mongo model default construction &gt; UserMongo falls back to class defaults when constructed with no data." time="0.0001726">
        </testcase>
    </testsuite>
    <testsuite name="test/models/sql.test.ts" timestamp="2026-09-08T21:55:05.814Z" hostname="Jane" tests="15" failures="0" errors="0" skipped="0" time="0.0048475">
        <testcase classname="test/models/sql.test.ts" name="SQL model default construction &gt; AliasSQL falls back to class defaults when constructed with no data." time="0.0011985">
        </testcase>
        <testcase classname="test/models/sql.test.ts" name="SQL model default construction &gt; AuthorizationCodeSQL falls back to class defaults when constructed with no data." time="0.0003063">
        </testcase>
        <testcase classname="test/models/sql.test.ts" name="SQL model default construction &gt; AuthorizationCodeSQL applies provided data when constructed with data." time="0.0001153">
        </testcase>
        <testcase classname="test/models/sql.test.ts" name="SQL model default construction &gt; ConsentGrantSQL falls back to class defaults when constructed with no data." time="0.0001374">
        </testcase>
        <testcase classname="test/models/sql.test.ts" name="SQL model default construction &gt; ConsentGrantSQL applies provided data when constructed with data." time="0.0001354">
        </testcase>
        <testcase classname="test/models/sql.test.ts" name="SQL model default construction &gt; OAuthRefreshTokenSQL falls back to class defaults when constructed with no data." time="0.0002162">
        </testcase>
        <testcase classname="test/models/sql.test.ts" name="SQL model default construction &gt; OAuthRefreshTokenSQL applies provided data when constructed with data." time="0.0001226">
        </testcase>
        <testcase classname="test/models/sql.test.ts" name="SQL model default construction &gt; ClientSQL falls back to class defaults when constructed with no data." time="0.0005805">
        </testcase>
        <testcase classname="test/models/sql.test.ts" name="SQL model default construction &gt; ClientSQL applies provided data when constructed with data." time="0.0002002">
        </testcase>
        <testcase classname="test/models/sql.test.ts" name="SQL model default construction &gt; SigningKeySQL falls back to class defaults when constructed with no data." time="0.0002423">
        </testcase>
        <testcase classname="test/models/sql.test.ts" name="SQL model default construction &gt; SigningKeySQL applies provided data when constructed with data." time="0.0001185">
        </testcase>
        <testcase classname="test/models/sql.test.ts" name="SQL model default construction &gt; ProfileSQL falls back to class defaults when constructed with no data." time="0.0001957">
        </testcase>
        <testcase classname="test/models/sql.test.ts" name="SQL model default construction &gt; SecretSQL falls back to class defaults when constructed with no data." time="0.0001199">
        </testcase>
        <testcase classname="test/models/sql.test.ts" name="SQL model default construction &gt; SecretSQL applies a provided hint when constructed with data." time="0.0000725">
        </testcase>
        <testcase classname="test/models/sql.test.ts" name="SQL model default construction &gt; UserSQL falls back to class defaults when constructed with no data." time="0.000135">
        </testcase>
    </testsuite>
    <testsuite name="test/models/types.test.ts" timestamp="2026-09-08T21:55:05.815Z" hostname="Jane" tests="1" failures="0" errors="0" skipped="0" time="0.0016285">
        <testcase classname="test/models/types.test.ts" name="AuthResult &gt; Copies refresh/token/user from the given object." time="0.000918">
        </testcase>
    </testsuite>
    <testsuite name="test/jobs/mongo/DefaultAccountsMongo.test.ts" timestamp="2026-09-08T21:55:05.816Z" hostname="Jane" tests="1" failures="0" errors="0" skipped="0" time="0.0024043">
        <testcase classname="test/jobs/mongo/DefaultAccountsMongo.test.ts" name="DefaultAccountsMongo Tests &gt; Wires the Mongo alias/profile/secret/user model classes onto the base DefaultAccounts job." time="0.0013986">
        </testcase>
    </testsuite>
    <testsuite name="test/jobs/sql/DefaultAccountsSQL.test.ts" timestamp="2026-09-08T21:55:05.816Z" hostname="Jane" tests="1" failures="0" errors="0" skipped="0" time="0.0020231">
        <testcase classname="test/jobs/sql/DefaultAccountsSQL.test.ts" name="DefaultAccountsSQL Tests &gt; Wires the SQL alias/profile/secret/user model classes onto the base DefaultAccounts job." time="0.0012321">
        </testcase>
    </testsuite>
</testsuites>
